Archive member included to satisfy reference by file (symbol)

/Users/test/Dropbox/stm32f4_disco_ili9341/Drivers/CMSIS/Lib/GCC/libarm_cortexM4lf_math.a(arm_max_f32.o)
                              Src/main.o (arm_max_f32)
/Users/test/Dropbox/stm32f4_disco_ili9341/Drivers/CMSIS/Lib/GCC/libarm_cortexM4lf_math.a(arm_cfft_radix4_init_f32.o)
                              Src/main.o (arm_cfft_radix4_init_f32)
/Users/test/Dropbox/stm32f4_disco_ili9341/Drivers/CMSIS/Lib/GCC/libarm_cortexM4lf_math.a(arm_cfft_radix4_f32.o)
                              Src/main.o (arm_cfft_radix4_f32)
/Users/test/Dropbox/stm32f4_disco_ili9341/Drivers/CMSIS/Lib/GCC/libarm_cortexM4lf_math.a(arm_cmplx_mag_f32.o)
                              Src/main.o (arm_cmplx_mag_f32)
/Users/test/Dropbox/stm32f4_disco_ili9341/Drivers/CMSIS/Lib/GCC/libarm_cortexM4lf_math.a(arm_sin_f32.o)
                              Src/main.o (arm_sin_f32)
/Users/test/Dropbox/stm32f4_disco_ili9341/Drivers/CMSIS/Lib/GCC/libarm_cortexM4lf_math.a(arm_common_tables.o)
                              /Users/test/Dropbox/stm32f4_disco_ili9341/Drivers/CMSIS/Lib/GCC/libarm_cortexM4lf_math.a(arm_sin_f32.o) (sinTable_f32)
/Users/test/Dropbox/stm32f4_disco_ili9341/Drivers/CMSIS/Lib/GCC/libarm_cortexM4lf_math.a(arm_bitreversal.o)
                              /Users/test/Dropbox/stm32f4_disco_ili9341/Drivers/CMSIS/Lib/GCC/libarm_cortexM4lf_math.a(arm_cfft_radix4_f32.o) (arm_bitreversal_f32)
/Applications/Ac6/SystemWorkbench.app/Contents/Eclipse/plugins/fr.ac6.mcu.externaltools.arm-none.macos64_1.17.0.201812190825/tools/compiler/bin/../lib/gcc/arm-none-eabi/7.3.1/../../../../arm-none-eabi/lib/thumb/v7e-m/fpv4-sp/hard/libm.a(lib_a-wf_sqrt.o)
                              /Users/test/Dropbox/stm32f4_disco_ili9341/Drivers/CMSIS/Lib/GCC/libarm_cortexM4lf_math.a(arm_cmplx_mag_f32.o) (sqrtf)
/Applications/Ac6/SystemWorkbench.app/Contents/Eclipse/plugins/fr.ac6.mcu.externaltools.arm-none.macos64_1.17.0.201812190825/tools/compiler/bin/../lib/gcc/arm-none-eabi/7.3.1/../../../../arm-none-eabi/lib/thumb/v7e-m/fpv4-sp/hard/libm.a(lib_a-ef_sqrt.o)
                              /Applications/Ac6/SystemWorkbench.app/Contents/Eclipse/plugins/fr.ac6.mcu.externaltools.arm-none.macos64_1.17.0.201812190825/tools/compiler/bin/../lib/gcc/arm-none-eabi/7.3.1/../../../../arm-none-eabi/lib/thumb/v7e-m/fpv4-sp/hard/libm.a(lib_a-wf_sqrt.o) (__ieee754_sqrtf)
/Applications/Ac6/SystemWorkbench.app/Contents/Eclipse/plugins/fr.ac6.mcu.externaltools.arm-none.macos64_1.17.0.201812190825/tools/compiler/bin/../lib/gcc/arm-none-eabi/7.3.1/../../../../arm-none-eabi/lib/thumb/v7e-m/fpv4-sp/hard/libm.a(lib_a-s_lib_ver.o)
                              /Applications/Ac6/SystemWorkbench.app/Contents/Eclipse/plugins/fr.ac6.mcu.externaltools.arm-none.macos64_1.17.0.201812190825/tools/compiler/bin/../lib/gcc/arm-none-eabi/7.3.1/../../../../arm-none-eabi/lib/thumb/v7e-m/fpv4-sp/hard/libm.a(lib_a-wf_sqrt.o) (__fdlib_version)
/Applications/Ac6/SystemWorkbench.app/Contents/Eclipse/plugins/fr.ac6.mcu.externaltools.arm-none.macos64_1.17.0.201812190825/tools/compiler/bin/../lib/gcc/arm-none-eabi/7.3.1/../../../../arm-none-eabi/lib/thumb/v7e-m/fpv4-sp/hard/libm.a(lib_a-s_matherr.o)
                              /Applications/Ac6/SystemWorkbench.app/Contents/Eclipse/plugins/fr.ac6.mcu.externaltools.arm-none.macos64_1.17.0.201812190825/tools/compiler/bin/../lib/gcc/arm-none-eabi/7.3.1/../../../../arm-none-eabi/lib/thumb/v7e-m/fpv4-sp/hard/libm.a(lib_a-wf_sqrt.o) (matherr)
/Applications/Ac6/SystemWorkbench.app/Contents/Eclipse/plugins/fr.ac6.mcu.externaltools.arm-none.macos64_1.17.0.201812190825/tools/compiler/bin/../lib/gcc/arm-none-eabi/7.3.1/thumb/v7e-m/fpv4-sp/hard/libgcc.a(_arm_addsubdf3.o)
                              Src/main.o (__aeabi_dadd)
/Applications/Ac6/SystemWorkbench.app/Contents/Eclipse/plugins/fr.ac6.mcu.externaltools.arm-none.macos64_1.17.0.201812190825/tools/compiler/bin/../lib/gcc/arm-none-eabi/7.3.1/thumb/v7e-m/fpv4-sp/hard/libgcc.a(_arm_muldivdf3.o)
                              Src/main.o (__aeabi_dmul)
/Applications/Ac6/SystemWorkbench.app/Contents/Eclipse/plugins/fr.ac6.mcu.externaltools.arm-none.macos64_1.17.0.201812190825/tools/compiler/bin/../lib/gcc/arm-none-eabi/7.3.1/thumb/v7e-m/fpv4-sp/hard/libgcc.a(_arm_truncdfsf2.o)
                              Src/main.o (__aeabi_d2f)
/Applications/Ac6/SystemWorkbench.app/Contents/Eclipse/plugins/fr.ac6.mcu.externaltools.arm-none.macos64_1.17.0.201812190825/tools/compiler/bin/../lib/gcc/arm-none-eabi/7.3.1/thumb/v7e-m/fpv4-sp/hard/libgcc.a(_aeabi_uldivmod.o)
                              Drivers/STM32F4xx_HAL_Driver/Src/stm32f4xx_hal_rcc.o (__aeabi_uldivmod)
/Applications/Ac6/SystemWorkbench.app/Contents/Eclipse/plugins/fr.ac6.mcu.externaltools.arm-none.macos64_1.17.0.201812190825/tools/compiler/bin/../lib/gcc/arm-none-eabi/7.3.1/thumb/v7e-m/fpv4-sp/hard/libgcc.a(_udivmoddi4.o)
[...]
Memory Configuration

Name             Origin             Length             Attributes
RAM              0x0000000020000000 0x0000000000020000 xrw
CCMRAM           0x0000000010000000 0x0000000000010000 rw
FLASH            0x0000000008000000 0x0000000000100000 xr
*default*        0x0000000000000000 0xffffffffffffffff

Linker script and memory map

LOAD /Applications/Ac6/SystemWorkbench.app/Contents/Eclipse/plugins/fr.ac6.mcu.externaltools.arm-none.macos64_1.17.0.201812190825/tools/compiler/bin/../lib/gcc/arm-none-eabi/7.3.1/thumb/v7e-m/fpv4-sp/hard/crti.o
LOAD /Applications/Ac6/SystemWorkbench.app/Contents/Eclipse/plugins/fr.ac6.mcu.externaltools.arm-none.macos64_1.17.0.201812190825/tools/compiler/bin/../lib/gcc/arm-none-eabi/7.3.1/thumb/v7e-m/fpv4-sp/hard/crtbegin.o
LOAD /Applications/Ac6/SystemWorkbench.app/Contents/Eclipse/plugins/fr.ac6.mcu.externaltools.arm-none.macos64_1.17.0.201812190825/tools/compiler/bin/../lib/gcc/arm-none-eabi/7.3.1/../../../../arm-none-eabi/lib/thumb/v7e-m/fpv4-sp/hard/crt0.o
LOAD Drivers/STM32F4xx_HAL_Driver/Src/stm32f4xx_hal.o
LOAD Drivers/STM32F4xx_HAL_Driver/Src/stm32f4xx_hal_cortex.o
LOAD Drivers/STM32F4xx_HAL_Driver/Src/stm32f4xx_hal_dma.o
LOAD Drivers/STM32F4xx_HAL_Driver/Src/stm32f4xx_hal_dma_ex.o
LOAD Drivers/STM32F4xx_HAL_Driver/Src/stm32f4xx_hal_exti.o
LOAD Drivers/STM32F4xx_HAL_Driver/Src/stm32f4xx_hal_flash.o
LOAD Drivers/STM32F4xx_HAL_Driver/Src/stm32f4xx_hal_flash_ex.o
LOAD Drivers/STM32F4xx_HAL_Driver/Src/stm32f4xx_hal_flash_ramfunc.o
LOAD Drivers/STM32F4xx_HAL_Driver/Src/stm32f4xx_hal_gpio.o
LOAD Drivers/STM32F4xx_HAL_Driver/Src/stm32f4xx_hal_hcd.o
LOAD Drivers/STM32F4xx_HAL_Driver/Src/stm32f4xx_hal_i2c.o
LOAD Drivers/STM32F4xx_HAL_Driver/Src/stm32f4xx_hal_i2c_ex.o
LOAD Drivers/STM32F4xx_HAL_Driver/Src/stm32f4xx_hal_i2s.o
LOAD Drivers/STM32F4xx_HAL_Driver/Src/stm32f4xx_hal_i2s_ex.o
LOAD Drivers/STM32F4xx_HAL_Driver/Src/stm32f4xx_hal_pwr.o
LOAD Drivers/STM32F4xx_HAL_Driver/Src/stm32f4xx_hal_pwr_ex.o
LOAD Drivers/STM32F4xx_HAL_Driver/Src/stm32f4xx_hal_rcc.o
LOAD Drivers/STM32F4xx_HAL_Driver/Src/stm32f4xx_hal_rcc_ex.o
LOAD Drivers/STM32F4xx_HAL_Driver/Src/stm32f4xx_hal_spi.o
LOAD Drivers/STM32F4xx_HAL_Driver/Src/stm32f4xx_hal_tim.o
LOAD Drivers/STM32F4xx_HAL_Driver/Src/stm32f4xx_hal_tim_ex.o
LOAD Drivers/STM32F4xx_HAL_Driver/Src/stm32f4xx_ll_usb.o
LOAD Middlewares/ST/STM32_USB_Host_Library/Class/CDC/Src/usbh_cdc.o
LOAD Middlewares/ST/STM32_USB_Host_Library/Core/Src/usbh_core.o
LOAD Middlewares/ST/STM32_USB_Host_Library/Core/Src/usbh_ctlreq.o
LOAD Middlewares/ST/STM32_USB_Host_Library/Core/Src/usbh_ioreq.o
LOAD Middlewares/ST/STM32_USB_Host_Library/Core/Src/usbh_pipes.o
LOAD Src/main.o
LOAD Src/stm32f4xx_hal_msp.o
LOAD Src/stm32f4xx_it.o
LOAD Src/syscalls.o
LOAD Src/system_stm32f4xx.o
LOAD Src/usb_host.o
LOAD Src/usbh_conf.o
LOAD Src/usbh_platform.o
LOAD ili9341/fonts.o
LOAD ili9341/ili9341.o
LOAD startup/startup_stm32f407xx.o
LOAD /Users/test/Dropbox/stm32f4_disco_ili9341/Drivers/CMSIS/Lib/GCC/libarm_cortexM4lf_math.a
LOAD /Applications/Ac6/SystemWorkbench.app/Contents/Eclipse/plugins/fr.ac6.mcu.externaltools.arm-none.macos64_1.17.0.201812190825/tools/compiler/bin/../lib/gcc/arm-none-eabi/7.3.1/../../../../arm-none-eabi/lib/thumb/v7e-m/fpv4-sp/hard/libm.a
START GROUP
LOAD /Applications/Ac6/SystemWorkbench.app/Contents/Eclipse/plugins/fr.ac6.mcu.externaltools.arm-none.macos64_1.17.0.201812190825/tools/compiler/bin/../lib/gcc/arm-none-eabi/7.3.1/thumb/v7e-m/fpv4-sp/hard/libgcc.a
LOAD /Applications/Ac6/SystemWorkbench.app/Contents/Eclipse/plugins/fr.ac6.mcu.externaltools.arm-none.macos64_1.17.0.201812190825/tools/compiler/bin/../lib/gcc/arm-none-eabi/7.3.1/../../../../arm-none-eabi/lib/thumb/v7e-m/fpv4-sp/hard/libc_nano.a
END GROUP
START GROUP
LOAD /Applications/Ac6/SystemWorkbench.app/Contents/Eclipse/plugins/fr.ac6.mcu.externaltools.arm-none.macos64_1.17.0.201812190825/tools/compiler/bin/../lib/gcc/arm-none-eabi/7.3.1/thumb/v7e-m/fpv4-sp/hard/libgcc.a
LOAD /Applications/Ac6/SystemWorkbench.app/Contents/Eclipse/plugins/fr.ac6.mcu.externaltools.arm-none.macos64_1.17.0.201812190825/tools/compiler/bin/../lib/gcc/arm-none-eabi/7.3.1/../../../../arm-none-eabi/lib/thumb/v7e-m/fpv4-sp/hard/libc_nano.a
LOAD /Applications/Ac6/SystemWorkbench.app/Contents/Eclipse/plugins/fr.ac6.mcu.externaltools.arm-none.macos64_1.17.0.201812190825/tools/compiler/bin/../lib/gcc/arm-none-eabi/7.3.1/../../../../arm-none-eabi/lib/thumb/v7e-m/fpv4-sp/hard/libnosys.a
END GROUP
START GROUP
LOAD /Applications/Ac6/SystemWorkbench.app/Contents/Eclipse/plugins/fr.ac6.mcu.externaltools.arm-none.macos64_1.17.0.201812190825/tools/compiler/bin/../lib/gcc/arm-none-eabi/7.3.1/thumb/v7e-m/fpv4-sp/hard/libgcc.a
LOAD /Applications/Ac6/SystemWorkbench.app/Contents/Eclipse/plugins/fr.ac6.mcu.externaltools.arm-none.macos64_1.17.0.201812190825/tools/compiler/bin/../lib/gcc/arm-none-eabi/7.3.1/../../../../arm-none-eabi/lib/thumb/v7e-m/fpv4-sp/hard/libc_nano.a
LOAD /Applications/Ac6/SystemWorkbench.app/Contents/Eclipse/plugins/fr.ac6.mcu.externaltools.arm-none.macos64_1.17.0.201812190825/tools/compiler/bin/../lib/gcc/arm-none-eabi/7.3.1/../../../../arm-none-eabi/lib/thumb/v7e-m/fpv4-sp/hard/libnosys.a
END GROUP
LOAD /Applications/Ac6/SystemWorkbench.app/Contents/Eclipse/plugins/fr.ac6.mcu.externaltools.arm-none.macos64_1.17.0.201812190825/tools/compiler/bin/../lib/gcc/arm-none-eabi/7.3.1/thumb/v7e-m/fpv4-sp/hard/crtend.o
LOAD /Applications/Ac6/SystemWorkbench.app/Contents/Eclipse/plugins/fr.ac6.mcu.externaltools.arm-none.macos64_1.17.0.201812190825/tools/compiler/bin/../lib/gcc/arm-none-eabi/7.3.1/thumb/v7e-m/fpv4-sp/hard/crtn.o
                0x0000000020020000                _estack = 0x20020000
                0x0000000000000200                _Min_Heap_Size = 0x200
                0x0000000000000400                _Min_Stack_Size = 0x400

.isr_vector     0x0000000008000000      0x188
                0x0000000008000000                . = ALIGN (0x4)
 *(.isr_vector)
 .isr_vector    0x0000000008000000      0x188 startup/startup_stm32f407xx.o
                0x0000000008000000                g_pfnVectors
                0x0000000008000188                . = ALIGN (0x4)

.text           0x0000000008000188     0x6578
                0x0000000008000188                . = ALIGN (0x4)
 *(.text)
 .text          0x0000000008000188       0x40 /Applications/Ac6/SystemWorkbench.app/Contents/Eclipse/plugins/fr.ac6.mcu.externaltools.arm-none.macos64_1.17.0.201812190825/tools/compiler/bin/../lib/gcc/arm-none-eabi/7.3.1/thumb/v7e-m/fpv4-sp/hard/crtbegin.o
 .text          0x00000000080001c8      0x378 /Applications/Ac6/SystemWorkbench.app/Contents/Eclipse/plugins/fr.ac6.mcu.externaltools.arm-none.macos64_1.17.0.201812190825/tools/compiler/bin/../lib/gcc/arm-none-eabi/7.3.1/thumb/v7e-m/fpv4-sp/hard/libgcc.a(_arm_addsubdf3.o)
                0x00000000080001c8                __aeabi_drsub
                0x00000000080001d0                __subdf3
                0x00000000080001d0                __aeabi_dsub
                0x00000000080001d4                __aeabi_dadd
                0x00000000080001d4                __adddf3
                0x000000000800044c                __aeabi_ui2d
                0x000000000800044c                __floatunsidf
                0x000000000800046c                __floatsidf
                0x000000000800046c                __aeabi_i2d
                0x0000000008000490                __extendsfdf2
                0x0000000008000490                __aeabi_f2d
                0x00000000080004d4                __aeabi_ul2d
                0x00000000080004d4                __floatundidf
                0x00000000080004e4                __aeabi_l2d
                0x00000000080004e4                __floatdidf
 .text          0x0000000008000540      0x424 /Applications/Ac6/SystemWorkbench.app/Contents/Eclipse/plugins/fr.ac6.mcu.externaltools.arm-none.macos64_1.17.0.201812190825/tools/compiler/bin/../lib/gcc/arm-none-eabi/7.3.1/thumb/v7e-m/fpv4-sp/hard/libgcc.a(_arm_muldivdf3.o)
                0x0000000008000540                __aeabi_dmul
                0x0000000008000540                __muldf3
                0x0000000008000794                __aeabi_ddiv
                0x0000000008000794                __divdf3
 .text          0x0000000008000964       0xa0 /Applications/Ac6/SystemWorkbench.app/Contents/Eclipse/plugins/fr.ac6.mcu.externaltools.arm-none.macos64_1.17.0.201812190825/tools/compiler/bin/../lib/gcc/arm-none-eabi/7.3.1/thumb/v7e-m/fpv4-sp/hard/libgcc.a(_arm_truncdfsf2.o)
                0x0000000008000964                __aeabi_d2f
                0x0000000008000964                __truncdfsf2
 .text          0x0000000008000a04       0x30 /Applications/Ac6/SystemWorkbench.app/Contents/Eclipse/plugins/fr.ac6.mcu.externaltools.arm-none.macos64_1.17.0.201812190825/tools/compiler/bin/../lib/gcc/arm-none-eabi/7.3.1/thumb/v7e-m/fpv4-sp/hard/libgcc.a(_aeabi_uldivmod.o)
                0x0000000008000a04                __aeabi_uldivmod
 .text          0x0000000008000a34      0x2cc /Applications/Ac6/SystemWorkbench.app/Contents/Eclipse/plugins/fr.ac6.mcu.externaltools.arm-none.macos64_1.17.0.201812190825/tools/compiler/bin/../lib/gcc/arm-none-eabi/7.3.1/thumb/v7e-m/fpv4-sp/hard/libgcc.a(_udivmoddi4.o)
                0x0000000008000a34                __udivmoddi4
 .text          0x0000000008000d00        0x4 /Applications/Ac6/SystemWorkbench.app/Contents/Eclipse/plugins/fr.ac6.mcu.externaltools.arm-none.macos64_1.17.0.201812190825/tools/compiler/bin/../lib/gcc/arm-none-eabi/7.3.1/thumb/v7e-m/fpv4-sp/hard/libgcc.a(_dvmd_tls.o)
                0x0000000008000d00                __aeabi_ldiv0
                0x0000000008000d00                __aeabi_idiv0
 *(.text*)
 .text.HAL_InitTick
                0x0000000008000d04       0x48 Drivers/STM32F4xx_HAL_Driver/Src/stm32f4xx_hal.o
                0x0000000008000d04                HAL_InitTick
 .text.HAL_Init
                0x0000000008000d4c       0x34 Drivers/STM32F4xx_HAL_Driver/Src/stm32f4xx_hal.o
                0x0000000008000d4c                HAL_Init
 .text.HAL_IncTick
                0x0000000008000d80       0x18 Drivers/STM32F4xx_HAL_Driver/Src/stm32f4xx_hal.o
                0x0000000008000d80                HAL_IncTick
 .text.HAL_GetTick
                0x0000000008000d98        0xc Drivers/STM32F4xx_HAL_Driver/Src/stm32f4xx_hal.o
                0x0000000008000d98                HAL_GetTick
 .text.HAL_Delay
                0x0000000008000da4       0x28 Drivers/STM32F4xx_HAL_Driver/Src/stm32f4xx_hal.o
                0x0000000008000da4                HAL_Delay
 .text.HAL_NVIC_SetPriorityGrouping
                0x0000000008000dcc       0x24 Drivers/STM32F4xx_HAL_Driver/Src/stm32f4xx_hal_cortex.o
                0x0000000008000dcc                HAL_NVIC_SetPriorityGrouping
 .text.HAL_NVIC_SetPriority
                0x0000000008000df0       0x68 Drivers/STM32F4xx_HAL_Driver/Src/stm32f4xx_hal_cortex.o
                0x0000000008000df0                HAL_NVIC_SetPriority
 .text.HAL_NVIC_EnableIRQ
                0x0000000008000e58       0x1c Drivers/STM32F4xx_HAL_Driver/Src/stm32f4xx_hal_cortex.o
                0x0000000008000e58                HAL_NVIC_EnableIRQ
 .text.HAL_SYSTICK_Config
                0x0000000008000e74       0x2c Drivers/STM32F4xx_HAL_Driver/Src/stm32f4xx_hal_cortex.o
                0x0000000008000e74                HAL_SYSTICK_Config
 .text.HAL_GPIO_Init
                0x0000000008000ea0      0x1c8 Drivers/STM32F4xx_HAL_Driver/Src/stm32f4xx_hal_gpio.o
                0x0000000008000ea0                HAL_GPIO_Init
 .text.HAL_GPIO_DeInit
                0x0000000008001068      0x124 Drivers/STM32F4xx_HAL_Driver/Src/stm32f4xx_hal_gpio.o
                0x0000000008001068                HAL_GPIO_DeInit
 .text.HAL_GPIO_WritePin
                0x000000000800118c        0xc Drivers/STM32F4xx_HAL_Driver/Src/stm32f4xx_hal_gpio.o
                0x000000000800118c                HAL_GPIO_WritePin
 .text.HCD_RXQLVL_IRQHandler
                0x0000000008001198       0x7c Drivers/STM32F4xx_HAL_Driver/Src/stm32f4xx_hal_hcd.o
 .text.HAL_HCD_HC_Init
                0x0000000008001214       0xa0 Drivers/STM32F4xx_HAL_Driver/Src/stm32f4xx_hal_hcd.o
                0x0000000008001214                HAL_HCD_HC_Init
 .text.HAL_HCD_HC_Halt
                0x00000000080012b4       0x24 Drivers/STM32F4xx_HAL_Driver/Src/stm32f4xx_hal_hcd.o
                0x00000000080012b4                HAL_HCD_HC_Halt
 .text.HAL_HCD_Init
                0x00000000080012d8       0x94 Drivers/STM32F4xx_HAL_Driver/Src/stm32f4xx_hal_hcd.o
                0x00000000080012d8                HAL_HCD_Init
 .text.HAL_HCD_HC_SubmitRequest
                0x000000000800136c      0x18e Drivers/STM32F4xx_HAL_Driver/Src/stm32f4xx_hal_hcd.o
                0x000000000800136c                HAL_HCD_HC_SubmitRequest
 .text.HCD_Port_IRQHandler
                0x00000000080014fa       0xd4 Drivers/STM32F4xx_HAL_Driver/Src/stm32f4xx_hal_hcd.o
 .text.HCD_HC_IN_IRQHandler
                0x00000000080015ce      0x2bc Drivers/STM32F4xx_HAL_Driver/Src/stm32f4xx_hal_hcd.o
 .text.HCD_HC_OUT_IRQHandler
                0x000000000800188a      0x2b4 Drivers/STM32F4xx_HAL_Driver/Src/stm32f4xx_hal_hcd.o
 .text.HAL_HCD_IRQHandler
                0x0000000008001b3e      0x148 Drivers/STM32F4xx_HAL_Driver/Src/stm32f4xx_hal_hcd.o
                0x0000000008001b3e                HAL_HCD_IRQHandler
 .text.HAL_HCD_Start
                0x0000000008001c86       0x2c Drivers/STM32F4xx_HAL_Driver/Src/stm32f4xx_hal_hcd.o
                0x0000000008001c86                HAL_HCD_Start
 .text.HAL_HCD_Stop
                0x0000000008001cb2       0x24 Drivers/STM32F4xx_HAL_Driver/Src/stm32f4xx_hal_hcd.o
                0x0000000008001cb2                HAL_HCD_Stop
 .text.HAL_HCD_ResetPort
                0x0000000008001cd6        0xa Drivers/STM32F4xx_HAL_Driver/Src/stm32f4xx_hal_hcd.o
                0x0000000008001cd6                HAL_HCD_ResetPort
 .text.HAL_HCD_HC_GetURBState
                0x0000000008001ce0        0xe Drivers/STM32F4xx_HAL_Driver/Src/stm32f4xx_hal_hcd.o
                0x0000000008001ce0                HAL_HCD_HC_GetURBState
 .text.HAL_HCD_HC_GetXferCount
                0x0000000008001cee        0xc Drivers/STM32F4xx_HAL_Driver/Src/stm32f4xx_hal_hcd.o
                0x0000000008001cee                HAL_HCD_HC_GetXferCount
 .text.HAL_HCD_GetCurrentFrame
                0x0000000008001cfa        0xa Drivers/STM32F4xx_HAL_Driver/Src/stm32f4xx_hal_hcd.o
                0x0000000008001cfa                HAL_HCD_GetCurrentFrame
 .text.HAL_HCD_GetCurrentSpeed
                0x0000000008001d04        0xa Drivers/STM32F4xx_HAL_Driver/Src/stm32f4xx_hal_hcd.o
                0x0000000008001d04                HAL_HCD_GetCurrentSpeed
 *fill*         0x0000000008001d0e        0x2 
 .text.HAL_I2C_Init
                0x0000000008001d10      0x1a0 Drivers/STM32F4xx_HAL_Driver/Src/stm32f4xx_hal_i2c.o
                0x0000000008001d10                HAL_I2C_Init
 .text.HAL_I2S_Init
                0x0000000008001eb0      0x19c Drivers/STM32F4xx_HAL_Driver/Src/stm32f4xx_hal_i2s.o
                0x0000000008001eb0                HAL_I2S_Init
 .text.HAL_I2S_TxCpltCallback
                0x000000000800204c        0x2 Drivers/STM32F4xx_HAL_Driver/Src/stm32f4xx_hal_i2s.o
                0x000000000800204c                HAL_I2S_TxCpltCallback
 .text.I2S_Transmit_IT
                0x000000000800204e       0x36 Drivers/STM32F4xx_HAL_Driver/Src/stm32f4xx_hal_i2s.o
 .text.HAL_I2S_RxCpltCallback
                0x0000000008002084        0x2 Drivers/STM32F4xx_HAL_Driver/Src/stm32f4xx_hal_i2s.o
                0x0000000008002084                HAL_I2S_RxCpltCallback
 .text.I2S_Receive_IT
                0x0000000008002086       0x36 Drivers/STM32F4xx_HAL_Driver/Src/stm32f4xx_hal_i2s.o
 .text.HAL_I2S_ErrorCallback
                0x00000000080020bc        0x2 Drivers/STM32F4xx_HAL_Driver/Src/stm32f4xx_hal_i2s.o
                0x00000000080020bc                HAL_I2S_ErrorCallback
 .text.I2S_IRQHandler
                0x00000000080020be       0xd0 Drivers/STM32F4xx_HAL_Driver/Src/stm32f4xx_hal_i2s.o
 .text.HAL_I2SEx_TxRxCpltCallback
                0x000000000800218e        0x2 Drivers/STM32F4xx_HAL_Driver/Src/stm32f4xx_hal_i2s_ex.o
                0x000000000800218e                HAL_I2SEx_TxRxCpltCallback
 .text.I2SEx_TxISR_I2S
                0x0000000008002190       0x3a Drivers/STM32F4xx_HAL_Driver/Src/stm32f4xx_hal_i2s_ex.o
 *fill*         0x00000000080021ca        0x2 
 .text.I2SEx_RxISR_I2SExt
                0x00000000080021cc       0x60 Drivers/STM32F4xx_HAL_Driver/Src/stm32f4xx_hal_i2s_ex.o
 .text.I2SEx_TxISR_I2SExt
                0x000000000800222c       0x60 Drivers/STM32F4xx_HAL_Driver/Src/stm32f4xx_hal_i2s_ex.o
 .text.I2SEx_RxISR_I2S
                0x000000000800228c       0x3a Drivers/STM32F4xx_HAL_Driver/Src/stm32f4xx_hal_i2s_ex.o
 *fill*         0x00000000080022c6        0x2 
 .text.HAL_I2SEx_FullDuplex_IRQHandler
                0x00000000080022c8      0x1d8 Drivers/STM32F4xx_HAL_Driver/Src/stm32f4xx_hal_i2s_ex.o
                0x00000000080022c8                HAL_I2SEx_FullDuplex_IRQHandler
 .text.HAL_RCC_OscConfig
                0x00000000080024a0      0x398 Drivers/STM32F4xx_HAL_Driver/Src/stm32f4xx_hal_rcc.o
                0x00000000080024a0                HAL_RCC_OscConfig
 .text.HAL_RCC_GetSysClockFreq
                0x0000000008002838       0xd8 Drivers/STM32F4xx_HAL_Driver/Src/stm32f4xx_hal_rcc.o
                0x0000000008002838                HAL_RCC_GetSysClockFreq
 .text.HAL_RCC_ClockConfig
                0x0000000008002910      0x158 Drivers/STM32F4xx_HAL_Driver/Src/stm32f4xx_hal_rcc.o
                0x0000000008002910                HAL_RCC_ClockConfig
 .text.HAL_RCC_GetHCLKFreq
                0x0000000008002a68        0xc Drivers/STM32F4xx_HAL_Driver/Src/stm32f4xx_hal_rcc.o
                0x0000000008002a68                HAL_RCC_GetHCLKFreq
 .text.HAL_RCC_GetPCLK1Freq
                0x0000000008002a74       0x20 Drivers/STM32F4xx_HAL_Driver/Src/stm32f4xx_hal_rcc.o
                0x0000000008002a74                HAL_RCC_GetPCLK1Freq
 .text.HAL_RCCEx_PeriphCLKConfig
                0x0000000008002a94      0x154 Drivers/STM32F4xx_HAL_Driver/Src/stm32f4xx_hal_rcc_ex.o
                0x0000000008002a94                HAL_RCCEx_PeriphCLKConfig
 .text.HAL_RCCEx_GetPeriphCLKFreq
                0x0000000008002be8       0x74 Drivers/STM32F4xx_HAL_Driver/Src/stm32f4xx_hal_rcc_ex.o
                0x0000000008002be8                HAL_RCCEx_GetPeriphCLKFreq
 .text.SPI_WaitFlagStateUntilTimeout
                0x0000000008002c5c       0x90 Drivers/STM32F4xx_HAL_Driver/Src/stm32f4xx_hal_spi.o
 .text.SPI_EndRxTxTransaction
                0x0000000008002cec       0x68 Drivers/STM32F4xx_HAL_Driver/Src/stm32f4xx_hal_spi.o
 .text.HAL_SPI_Init
                0x0000000008002d54       0x80 Drivers/STM32F4xx_HAL_Driver/Src/stm32f4xx_hal_spi.o
                0x0000000008002d54                HAL_SPI_Init
 .text.HAL_SPI_DeInit
                0x0000000008002dd4       0x2c Drivers/STM32F4xx_HAL_Driver/Src/stm32f4xx_hal_spi.o
                0x0000000008002dd4                HAL_SPI_DeInit
 .text.HAL_SPI_Transmit
                0x0000000008002e00      0x19a Drivers/STM32F4xx_HAL_Driver/Src/stm32f4xx_hal_spi.o
                0x0000000008002e00                HAL_SPI_Transmit
 *fill*         0x0000000008002f9a        0x2 
 .text.USB_CoreReset
                0x0000000008002f9c       0x3c Drivers/STM32F4xx_HAL_Driver/Src/stm32f4xx_ll_usb.o
 .text.USB_CoreInit
                0x0000000008002fd8       0x8a Drivers/STM32F4xx_HAL_Driver/Src/stm32f4xx_ll_usb.o
                0x0000000008002fd8                USB_CoreInit
 .text.USB_EnableGlobalInt
                0x0000000008003062        0xc Drivers/STM32F4xx_HAL_Driver/Src/stm32f4xx_ll_usb.o
                0x0000000008003062                USB_EnableGlobalInt
 .text.USB_DisableGlobalInt
                0x000000000800306e        0xc Drivers/STM32F4xx_HAL_Driver/Src/stm32f4xx_ll_usb.o
                0x000000000800306e                USB_DisableGlobalInt
 .text.USB_SetCurrentMode
                0x000000000800307a       0x30 Drivers/STM32F4xx_HAL_Driver/Src/stm32f4xx_ll_usb.o
                0x000000000800307a                USB_SetCurrentMode
 *fill*         0x00000000080030aa        0x2 
 .text.USB_FlushTxFifo
                0x00000000080030ac       0x28 Drivers/STM32F4xx_HAL_Driver/Src/stm32f4xx_ll_usb.o
                0x00000000080030ac                USB_FlushTxFifo
 .text.USB_FlushRxFifo
                0x00000000080030d4       0x24 Drivers/STM32F4xx_HAL_Driver/Src/stm32f4xx_ll_usb.o
                0x00000000080030d4                USB_FlushRxFifo
 .text.USB_WritePacket
                0x00000000080030f8       0x28 Drivers/STM32F4xx_HAL_Driver/Src/stm32f4xx_ll_usb.o
                0x00000000080030f8                USB_WritePacket
 .text.USB_ReadPacket
                0x0000000008003120       0x28 Drivers/STM32F4xx_HAL_Driver/Src/stm32f4xx_ll_usb.o
                0x0000000008003120                USB_ReadPacket
 .text.USB_ReadInterrupts
                0x0000000008003148        0x8 Drivers/STM32F4xx_HAL_Driver/Src/stm32f4xx_ll_usb.o
                0x0000000008003148                USB_ReadInterrupts
 .text.USB_GetMode
                0x0000000008003150        0x8 Drivers/STM32F4xx_HAL_Driver/Src/stm32f4xx_ll_usb.o
                0x0000000008003150                USB_GetMode
 .text.USB_InitFSLSPClkSel
                0x0000000008003158       0x40 Drivers/STM32F4xx_HAL_Driver/Src/stm32f4xx_ll_usb.o
                0x0000000008003158                USB_InitFSLSPClkSel
 .text.USB_ResetPort
                0x0000000008003198       0x3e Drivers/STM32F4xx_HAL_Driver/Src/stm32f4xx_ll_usb.o
                0x0000000008003198                USB_ResetPort
 .text.USB_DriveVbus
                0x00000000080031d6       0x46 Drivers/STM32F4xx_HAL_Driver/Src/stm32f4xx_ll_usb.o
                0x00000000080031d6                USB_DriveVbus
 .text.USB_HostInit
                0x000000000800321c       0xfc Drivers/STM32F4xx_HAL_Driver/Src/stm32f4xx_ll_usb.o
                0x000000000800321c                USB_HostInit
 .text.USB_GetHostSpeed
                0x0000000008003318       0x16 Drivers/STM32F4xx_HAL_Driver/Src/stm32f4xx_ll_usb.o
                0x0000000008003318                USB_GetHostSpeed
 .text.USB_GetCurrentFrame
                0x000000000800332e        0xa Drivers/STM32F4xx_HAL_Driver/Src/stm32f4xx_ll_usb.o
                0x000000000800332e                USB_GetCurrentFrame
 .text.USB_HC_Init
                0x0000000008003338      0x108 Drivers/STM32F4xx_HAL_Driver/Src/stm32f4xx_ll_usb.o
                0x0000000008003338                USB_HC_Init
 .text.USB_HC_ReadInterrupt
                0x0000000008003440        0xa Drivers/STM32F4xx_HAL_Driver/Src/stm32f4xx_ll_usb.o
                0x0000000008003440                USB_HC_ReadInterrupt
 .text.USB_HC_Halt
                0x000000000800344a       0xd0 Drivers/STM32F4xx_HAL_Driver/Src/stm32f4xx_ll_usb.o
                0x000000000800344a                USB_HC_Halt
 *fill*         0x000000000800351a        0x2 
 .text.USB_DoPing
                0x000000000800351c       0x24 Drivers/STM32F4xx_HAL_Driver/Src/stm32f4xx_ll_usb.o
                0x000000000800351c                USB_DoPing
 .text.USB_HC_StartXfer
                0x0000000008003540      0x158 Drivers/STM32F4xx_HAL_Driver/Src/stm32f4xx_ll_usb.o
                0x0000000008003540                USB_HC_StartXfer
 .text.USB_StopHost
                0x0000000008003698       0x7e Drivers/STM32F4xx_HAL_Driver/Src/stm32f4xx_ll_usb.o
                0x0000000008003698                USB_StopHost
 .text.USBH_CDC_SOFProcess
                0x0000000008003716        0x4 Middlewares/ST/STM32_USB_Host_Library/Class/CDC/Src/usbh_cdc.o
 .text.SetLineCoding
                0x000000000800371a       0x1a Middlewares/ST/STM32_USB_Host_Library/Class/CDC/Src/usbh_cdc.o
 .text.GetLineCoding
                0x0000000008003734       0x1a Middlewares/ST/STM32_USB_Host_Library/Class/CDC/Src/usbh_cdc.o
 .text.USBH_CDC_ClassRequest
                0x000000000800374e       0x22 Middlewares/ST/STM32_USB_Host_Library/Class/CDC/Src/usbh_cdc.o
 .text.USBH_CDC_InterfaceDeInit
                0x0000000008003770       0x68 Middlewares/ST/STM32_USB_Host_Library/Class/CDC/Src/usbh_cdc.o
 .text.USBH_CDC_InterfaceInit
                0x00000000080037d8      0x160 Middlewares/ST/STM32_USB_Host_Library/Class/CDC/Src/usbh_cdc.o
 .text.USBH_CDC_TransmitCallback
                0x0000000008003938        0x2 Middlewares/ST/STM32_USB_Host_Library/Class/CDC/Src/usbh_cdc.o
                0x0000000008003938                USBH_CDC_TransmitCallback
 .text.CDC_ProcessTransmission
                0x000000000800393a       0x94 Middlewares/ST/STM32_USB_Host_Library/Class/CDC/Src/usbh_cdc.o
 .text.USBH_CDC_ReceiveCallback
                0x00000000080039ce        0x2 Middlewares/ST/STM32_USB_Host_Library/Class/CDC/Src/usbh_cdc.o
                0x00000000080039ce                USBH_CDC_ReceiveCallback
 .text.CDC_ProcessReception
                0x00000000080039d0       0x68 Middlewares/ST/STM32_USB_Host_Library/Class/CDC/Src/usbh_cdc.o
 .text.USBH_CDC_LineCodingChanged
                0x0000000008003a38        0x2 Middlewares/ST/STM32_USB_Host_Library/Class/CDC/Src/usbh_cdc.o
                0x0000000008003a38                USBH_CDC_LineCodingChanged
 .text.USBH_CDC_Process
                0x0000000008003a3a       0xb8 Middlewares/ST/STM32_USB_Host_Library/Class/CDC/Src/usbh_cdc.o
 .text.DeInitStateMachine
                0x0000000008003af2       0x4a Middlewares/ST/STM32_USB_Host_Library/Core/Src/usbh_core.o
 .text.USBH_HandleSof
                0x0000000008003b3c       0x1a Middlewares/ST/STM32_USB_Host_Library/Core/Src/usbh_core.o
 .text.USBH_HandleEnum
                0x0000000008003b56      0x16e Middlewares/ST/STM32_USB_Host_Library/Core/Src/usbh_core.o
 .text.USBH_Init
                0x0000000008003cc4       0x2e Middlewares/ST/STM32_USB_Host_Library/Core/Src/usbh_core.o
                0x0000000008003cc4                USBH_Init
 .text.USBH_RegisterClass
                0x0000000008003cf2       0x24 Middlewares/ST/STM32_USB_Host_Library/Core/Src/usbh_core.o
                0x0000000008003cf2                USBH_RegisterClass
 .text.USBH_SelectInterface
                0x0000000008003d16       0x14 Middlewares/ST/STM32_USB_Host_Library/Core/Src/usbh_core.o
                0x0000000008003d16                USBH_SelectInterface
 .text.USBH_FindInterface
                0x0000000008003d2a       0x50 Middlewares/ST/STM32_USB_Host_Library/Core/Src/usbh_core.o
                0x0000000008003d2a                USBH_FindInterface
 .text.USBH_Start
                0x0000000008003d7a       0x14 Middlewares/ST/STM32_USB_Host_Library/Core/Src/usbh_core.o
                0x0000000008003d7a                USBH_Start
 .text.USBH_LL_SetTimer
                0x0000000008003d8e        0x6 Middlewares/ST/STM32_USB_Host_Library/Core/Src/usbh_core.o
                0x0000000008003d8e                USBH_LL_SetTimer
 .text.USBH_LL_IncTimer
                0x0000000008003d94       0x12 Middlewares/ST/STM32_USB_Host_Library/Core/Src/usbh_core.o
                0x0000000008003d94                USBH_LL_IncTimer
 .text.USBH_LL_PortEnabled
                0x0000000008003da6        0x8 Middlewares/ST/STM32_USB_Host_Library/Core/Src/usbh_core.o
                0x0000000008003da6                USBH_LL_PortEnabled
 .text.USBH_LL_PortDisabled
                0x0000000008003dae        0x8 Middlewares/ST/STM32_USB_Host_Library/Core/Src/usbh_core.o
                0x0000000008003dae                USBH_LL_PortDisabled
 .text.USBH_IsPortEnabled
                0x0000000008003db6        0x6 Middlewares/ST/STM32_USB_Host_Library/Core/Src/usbh_core.o
                0x0000000008003db6                USBH_IsPortEnabled
 .text.USBH_Process
                0x0000000008003dbc      0x1ec Middlewares/ST/STM32_USB_Host_Library/Core/Src/usbh_core.o
                0x0000000008003dbc                USBH_Process
 .text.USBH_LL_Connect
                0x0000000008003fa8       0x28 Middlewares/ST/STM32_USB_Host_Library/Core/Src/usbh_core.o
                0x0000000008003fa8                USBH_LL_Connect
 .text.USBH_LL_Disconnect
                0x0000000008003fd0       0x38 Middlewares/ST/STM32_USB_Host_Library/Core/Src/usbh_core.o
                0x0000000008003fd0                USBH_LL_Disconnect
 .text.USBH_ParseDevDesc
                0x0000000008004008       0x5c Middlewares/ST/STM32_USB_Host_Library/Core/Src/usbh_ctlreq.o
 .text.USBH_ParseInterfaceDesc
                0x0000000008004064       0x26 Middlewares/ST/STM32_USB_Host_Library/Core/Src/usbh_ctlreq.o
 .text.USBH_ParseEPDesc
                0x000000000800408a       0x20 Middlewares/ST/STM32_USB_Host_Library/Core/Src/usbh_ctlreq.o
 .text.USBH_ParseStringDesc
                0x00000000080040aa       0x3c Middlewares/ST/STM32_USB_Host_Library/Core/Src/usbh_ctlreq.o
 .text.USBH_HandleControl
                0x00000000080040e6      0x1d0 Middlewares/ST/STM32_USB_Host_Library/Core/Src/usbh_ctlreq.o
 .text.USBH_GetNextDesc
                0x00000000080042b6        0xe Middlewares/ST/STM32_USB_Host_Library/Core/Src/usbh_ctlreq.o
                0x00000000080042b6                USBH_GetNextDesc
 .text.USBH_ParseCfgDesc
                0x00000000080042c4       0xc2 Middlewares/ST/STM32_USB_Host_Library/Core/Src/usbh_ctlreq.o
 .text.USBH_CtlReq
                0x0000000008004386       0x4e Middlewares/ST/STM32_USB_Host_Library/Core/Src/usbh_ctlreq.o
                0x0000000008004386                USBH_CtlReq
 .text.USBH_GetDescriptor
                0x00000000080043d4       0x3c Middlewares/ST/STM32_USB_Host_Library/Core/Src/usbh_ctlreq.o
                0x00000000080043d4                USBH_GetDescriptor
 .text.USBH_Get_DevDesc
                0x0000000008004410       0x32 Middlewares/ST/STM32_USB_Host_Library/Core/Src/usbh_ctlreq.o
                0x0000000008004410                USBH_Get_DevDesc
 .text.USBH_Get_CfgDesc
                0x0000000008004442       0x32 Middlewares/ST/STM32_USB_Host_Library/Core/Src/usbh_ctlreq.o
                0x0000000008004442                USBH_Get_CfgDesc
 .text.USBH_Get_StringDesc
                0x0000000008004474       0x30 Middlewares/ST/STM32_USB_Host_Library/Core/Src/usbh_ctlreq.o
                0x0000000008004474                USBH_Get_StringDesc
 .text.USBH_SetAddress
                0x00000000080044a4       0x22 Middlewares/ST/STM32_USB_Host_Library/Core/Src/usbh_ctlreq.o
                0x00000000080044a4                USBH_SetAddress
 .text.USBH_SetCfg
                0x00000000080044c6       0x22 Middlewares/ST/STM32_USB_Host_Library/Core/Src/usbh_ctlreq.o
                0x00000000080044c6                USBH_SetCfg
 .text.USBH_SetFeature
                0x00000000080044e8       0x22 Middlewares/ST/STM32_USB_Host_Library/Core/Src/usbh_ctlreq.o
                0x00000000080044e8                USBH_SetFeature
 .text.USBH_ClrFeature
                0x000000000800450a       0x24 Middlewares/ST/STM32_USB_Host_Library/Core/Src/usbh_ctlreq.o
                0x000000000800450a                USBH_ClrFeature
 .text.USBH_CtlSendSetup
                0x000000000800452e       0x22 Middlewares/ST/STM32_USB_Host_Library/Core/Src/usbh_ioreq.o
                0x000000000800452e                USBH_CtlSendSetup
 .text.USBH_CtlSendData
                0x0000000008004550       0x2c Middlewares/ST/STM32_USB_Host_Library/Core/Src/usbh_ioreq.o
                0x0000000008004550                USBH_CtlSendData
 .text.USBH_CtlReceiveData
                0x000000000800457c       0x20 Middlewares/ST/STM32_USB_Host_Library/Core/Src/usbh_ioreq.o
                0x000000000800457c                USBH_CtlReceiveData
 .text.USBH_BulkSendData
                0x000000000800459c       0x2c Middlewares/ST/STM32_USB_Host_Library/Core/Src/usbh_ioreq.o
                0x000000000800459c                USBH_BulkSendData
 .text.USBH_BulkReceiveData
                0x00000000080045c8       0x20 Middlewares/ST/STM32_USB_Host_Library/Core/Src/usbh_ioreq.o
                0x00000000080045c8                USBH_BulkReceiveData
 .text.USBH_GetFreePipe
                0x00000000080045e8       0x24 Middlewares/ST/STM32_USB_Host_Library/Core/Src/usbh_pipes.o
 .text.USBH_OpenPipe
                0x000000000800460c       0x20 Middlewares/ST/STM32_USB_Host_Library/Core/Src/usbh_pipes.o
                0x000000000800460c                USBH_OpenPipe
 .text.USBH_ClosePipe
                0x000000000800462c        0xa Middlewares/ST/STM32_USB_Host_Library/Core/Src/usbh_pipes.o
                0x000000000800462c                USBH_ClosePipe
 .text.USBH_AllocPipe
                0x0000000008004636       0x22 Middlewares/ST/STM32_USB_Host_Library/Core/Src/usbh_pipes.o
                0x0000000008004636                USBH_AllocPipe
 .text.USBH_FreePipe
                0x0000000008004658       0x16 Middlewares/ST/STM32_USB_Host_Library/Core/Src/usbh_pipes.o
                0x0000000008004658                USBH_FreePipe
 *fill*         0x000000000800466e        0x2 
 .text.MX_SPI1_Init
                0x0000000008004670       0x38 Src/main.o
 .text.MX_GPIO_Init
                0x00000000080046a8      0x1a0 Src/main.o
 .text.MX_I2C1_Init
                0x0000000008004848       0x34 Src/main.o
 .text.MX_I2S3_Init
                0x000000000800487c       0x34 Src/main.o
 .text.lcd_init
                0x00000000080048b0        0xc Src/main.o
                0x00000000080048b0                lcd_init
 .text.lcd_loop
                0x00000000080048bc      0x348 Src/main.o
                0x00000000080048bc                lcd_loop
 .text.SystemClock_Config
                0x0000000008004c04       0xb0 Src/main.o
                0x0000000008004c04                SystemClock_Config
 .text.main     0x0000000008004cb4       0xac Src/main.o
                0x0000000008004cb4                main
 .text.Error_Handler
                0x0000000008004d60        0x2 Src/main.o
                0x0000000008004d60                Error_Handler
 *fill*         0x0000000008004d62        0x2 
 .text.HAL_MspInit
                0x0000000008004d64       0x40 Src/stm32f4xx_hal_msp.o
                0x0000000008004d64                HAL_MspInit
 .text.HAL_I2C_MspInit
                0x0000000008004da4       0x70 Src/stm32f4xx_hal_msp.o
                0x0000000008004da4                HAL_I2C_MspInit
 .text.HAL_I2S_MspInit
                0x0000000008004e14       0x98 Src/stm32f4xx_hal_msp.o
                0x0000000008004e14                HAL_I2S_MspInit
 .text.HAL_SPI_MspInit
                0x0000000008004eac       0x6c Src/stm32f4xx_hal_msp.o
                0x0000000008004eac                HAL_SPI_MspInit
 .text.HAL_SPI_MspDeInit
                0x0000000008004f18       0x2c Src/stm32f4xx_hal_msp.o
                0x0000000008004f18                HAL_SPI_MspDeInit
 .text.NMI_Handler
                0x0000000008004f44        0x2 Src/stm32f4xx_it.o
                0x0000000008004f44                NMI_Handler
 .text.HardFault_Handler
                0x0000000008004f46        0x2 Src/stm32f4xx_it.o
                0x0000000008004f46                HardFault_Handler
 .text.MemManage_Handler
                0x0000000008004f48        0x2 Src/stm32f4xx_it.o
                0x0000000008004f48                MemManage_Handler
 .text.BusFault_Handler
                0x0000000008004f4a        0x2 Src/stm32f4xx_it.o
                0x0000000008004f4a                BusFault_Handler
 .text.UsageFault_Handler
                0x0000000008004f4c        0x2 Src/stm32f4xx_it.o
                0x0000000008004f4c                UsageFault_Handler
 .text.SVC_Handler
                0x0000000008004f4e        0x2 Src/stm32f4xx_it.o
                0x0000000008004f4e                SVC_Handler
 .text.DebugMon_Handler
                0x0000000008004f50        0x2 Src/stm32f4xx_it.o
                0x0000000008004f50                DebugMon_Handler
 .text.PendSV_Handler
                0x0000000008004f52        0x2 Src/stm32f4xx_it.o
                0x0000000008004f52                PendSV_Handler
 .text.SysTick_Handler
                0x0000000008004f54        0x8 Src/stm32f4xx_it.o
                0x0000000008004f54                SysTick_Handler
 .text.OTG_FS_IRQHandler
                0x0000000008004f5c       0x10 Src/stm32f4xx_it.o
                0x0000000008004f5c                OTG_FS_IRQHandler
 .text._sbrk    0x0000000008004f6c       0x3c Src/syscalls.o
                0x0000000008004f6c                _sbrk
 .text.SystemInit
                0x0000000008004fa8       0x4c Src/system_stm32f4xx.o
                0x0000000008004fa8                SystemInit
 .text.USBH_UserProcess
                0x0000000008004ff4       0x2c Src/usb_host.o
 .text.MX_USB_HOST_Init
                0x0000000008005020       0x40 Src/usb_host.o
                0x0000000008005020                MX_USB_HOST_Init
 .text.MX_USB_HOST_Process
                0x0000000008005060       0x10 Src/usb_host.o
                0x0000000008005060                MX_USB_HOST_Process
 .text.HAL_HCD_MspInit
                0x0000000008005070       0x8c Src/usbh_conf.o
                0x0000000008005070                HAL_HCD_MspInit
 .text.HAL_HCD_SOF_Callback
                0x00000000080050fc        0xc Src/usbh_conf.o
                0x00000000080050fc                HAL_HCD_SOF_Callback
 .text.HAL_HCD_Connect_Callback
                0x0000000008005108        0xc Src/usbh_conf.o
                0x0000000008005108                HAL_HCD_Connect_Callback
 .text.HAL_HCD_Disconnect_Callback
                0x0000000008005114        0xc Src/usbh_conf.o
                0x0000000008005114                HAL_HCD_Disconnect_Callback
 .text.HAL_HCD_HC_NotifyURBChange_Callback
                0x0000000008005120        0x2 Src/usbh_conf.o
                0x0000000008005120                HAL_HCD_HC_NotifyURBChange_Callback
 .text.HAL_HCD_PortEnabled_Callback
                0x0000000008005122        0xc Src/usbh_conf.o
                0x0000000008005122                HAL_HCD_PortEnabled_Callback
 .text.HAL_HCD_PortDisabled_Callback
                0x000000000800512e        0xc Src/usbh_conf.o
                0x000000000800512e                HAL_HCD_PortDisabled_Callback
 *fill*         0x000000000800513a        0x2 
 .text.USBH_LL_Init
                0x000000000800513c       0x54 Src/usbh_conf.o
                0x000000000800513c                USBH_LL_Init
 .text.USBH_LL_GetSpeed
                0x0000000008005190       0x1c Src/usbh_conf.o
                0x0000000008005190                USBH_LL_GetSpeed
 .text.USBH_LL_GetLastXferSize
                0x00000000080051ac        0xc Src/usbh_conf.o
                0x00000000080051ac                USBH_LL_GetLastXferSize
 .text.USBH_LL_GetURBState
                0x00000000080051b8        0xc Src/usbh_conf.o
                0x00000000080051b8                USBH_LL_GetURBState
 .text.USBH_LL_DriverVBUS
                0x00000000080051c4       0x1c Src/usbh_conf.o
                0x00000000080051c4                USBH_LL_DriverVBUS
 .text.USBH_LL_SetToggle
                0x00000000080051e0       0x32 Src/usbh_conf.o
                0x00000000080051e0                USBH_LL_SetToggle
 .text.USBH_Delay
                0x0000000008005212        0x8 Src/usbh_conf.o
                0x0000000008005212                USBH_Delay
 .text.USBH_Get_USB_Status
                0x000000000800521a       0x12 Src/usbh_conf.o
                0x000000000800521a                USBH_Get_USB_Status
 .text.USBH_LL_Start
                0x000000000800522c       0x10 Src/usbh_conf.o
                0x000000000800522c                USBH_LL_Start
 .text.USBH_LL_Stop
                0x000000000800523c       0x10 Src/usbh_conf.o
                0x000000000800523c                USBH_LL_Stop
 .text.USBH_LL_ResetPort
                0x000000000800524c       0x10 Src/usbh_conf.o
                0x000000000800524c                USBH_LL_ResetPort
 .text.USBH_LL_OpenPipe
                0x000000000800525c       0x26 Src/usbh_conf.o
                0x000000000800525c                USBH_LL_OpenPipe
 .text.USBH_LL_ClosePipe
                0x0000000008005282       0x10 Src/usbh_conf.o
                0x0000000008005282                USBH_LL_ClosePipe
 .text.USBH_LL_SubmitURB
                0x0000000008005292       0x2a Src/usbh_conf.o
                0x0000000008005292                USBH_LL_SubmitURB
 .text.MX_DriverVbusFS
                0x00000000080052bc       0x18 Src/usbh_platform.o
                0x00000000080052bc                MX_DriverVbusFS
 .text.ILI9341_Select
                0x00000000080052d4       0x14 ili9341/ili9341.o
 .text.ILI9341_Reset
                0x00000000080052e8       0x28 ili9341/ili9341.o
 .text.ILI9341_WriteCommand
                0x0000000008005310       0x30 ili9341/ili9341.o
 .text.ILI9341_WriteData
                0x0000000008005340       0x44 ili9341/ili9341.o
 .text.ILI9341_SetAddressWindow
                0x0000000008005384       0x5e ili9341/ili9341.o
 *fill*         0x00000000080053e2        0x2 
 .text.ILI9341_Unselect
                0x00000000080053e4       0x14 ili9341/ili9341.o
                0x00000000080053e4                ILI9341_Unselect
 .text.ILI9341_Init
                0x00000000080053f8      0x1e8 ili9341/ili9341.o
                0x00000000080053f8                ILI9341_Init
 .text.ILI9341_DrawPixel
                0x00000000080055e0       0x44 ili9341/ili9341.o
                0x00000000080055e0                ILI9341_DrawPixel
 .text.ILI9341_DrawLine
                0x0000000008005624       0x86 ili9341/ili9341.o
                0x0000000008005624                ILI9341_DrawLine
 *fill*         0x00000000080056aa        0x2 
 .text.ILI9341_FillRectangle
                0x00000000080056ac       0xa4 ili9341/ili9341.o
                0x00000000080056ac                ILI9341_FillRectangle
 .text.ILI9341_FillScreen
                0x0000000008005750       0x1a ili9341/ili9341.o
                0x0000000008005750                ILI9341_FillScreen
 *fill*         0x000000000800576a        0x2 
 .text.Reset_Handler
                0x000000000800576c       0x50 startup/startup_stm32f407xx.o
                0x000000000800576c                Reset_Handler
 .text.Default_Handler
                0x00000000080057bc        0x2 startup/startup_stm32f407xx.o
                0x00000000080057bc                DMA1_Stream3_IRQHandler
                0x00000000080057bc                HASH_RNG_IRQHandler
                0x00000000080057bc                EXTI2_IRQHandler
                0x00000000080057bc                TIM8_CC_IRQHandler
                0x00000000080057bc                TIM1_CC_IRQHandler
                0x00000000080057bc                DMA2_Stream5_IRQHandler
                0x00000000080057bc                DMA1_Stream5_IRQHandler
                0x00000000080057bc                PVD_IRQHandler
                0x00000000080057bc                SDIO_IRQHandler
                0x00000000080057bc                TAMP_STAMP_IRQHandler
                0x00000000080057bc                CAN2_RX1_IRQHandler
                0x00000000080057bc                EXTI3_IRQHandler
                0x00000000080057bc                TIM8_TRG_COM_TIM14_IRQHandler
                0x00000000080057bc                TIM1_UP_TIM10_IRQHandler
                0x00000000080057bc                TIM8_UP_TIM13_IRQHandler
                0x00000000080057bc                I2C3_ER_IRQHandler
                0x00000000080057bc                EXTI0_IRQHandler
                0x00000000080057bc                I2C2_EV_IRQHandler
                0x00000000080057bc                DMA1_Stream2_IRQHandler
                0x00000000080057bc                CAN1_RX0_IRQHandler
                0x00000000080057bc                FPU_IRQHandler
                0x00000000080057bc                OTG_HS_WKUP_IRQHandler
                0x00000000080057bc                CAN2_SCE_IRQHandler
                0x00000000080057bc                DMA2_Stream2_IRQHandler
                0x00000000080057bc                SPI1_IRQHandler
                0x00000000080057bc                TIM6_DAC_IRQHandler
                0x00000000080057bc                TIM1_BRK_TIM9_IRQHandler
                0x00000000080057bc                DCMI_IRQHandler
                0x00000000080057bc                CAN2_RX0_IRQHandler
                0x00000000080057bc                DMA2_Stream3_IRQHandler
                0x00000000080057bc                USART6_IRQHandler
                0x00000000080057bc                USART3_IRQHandler
                0x00000000080057bc                CAN1_RX1_IRQHandler
                0x00000000080057bc                UART5_IRQHandler
                0x00000000080057bc                DMA2_Stream0_IRQHandler
                0x00000000080057bc                TIM4_IRQHandler
                0x00000000080057bc                I2C1_EV_IRQHandler
                0x00000000080057bc                DMA1_Stream6_IRQHandler
                0x00000000080057bc                DMA1_Stream1_IRQHandler
                0x00000000080057bc                UART4_IRQHandler
                0x00000000080057bc                TIM3_IRQHandler
                0x00000000080057bc                RCC_IRQHandler
                0x00000000080057bc                TIM8_BRK_TIM12_IRQHandler
                0x00000000080057bc                Default_Handler
                0x00000000080057bc                EXTI15_10_IRQHandler
                0x00000000080057bc                ADC_IRQHandler
                0x00000000080057bc                DMA1_Stream7_IRQHandler
                0x00000000080057bc                TIM7_IRQHandler
                0x00000000080057bc                CAN2_TX_IRQHandler
                0x00000000080057bc                TIM5_IRQHandler
                0x00000000080057bc                DMA2_Stream7_IRQHandler
                0x00000000080057bc                I2C3_EV_IRQHandler
                0x00000000080057bc                EXTI9_5_IRQHandler
                0x00000000080057bc                RTC_WKUP_IRQHandler
                0x00000000080057bc                ETH_WKUP_IRQHandler
                0x00000000080057bc                SPI2_IRQHandler
                0x00000000080057bc                OTG_HS_EP1_IN_IRQHandler
                0x00000000080057bc                DMA1_Stream0_IRQHandler
                0x00000000080057bc                CAN1_TX_IRQHandler
                0x00000000080057bc                EXTI4_IRQHandler
                0x00000000080057bc                FSMC_IRQHandler
                0x00000000080057bc                ETH_IRQHandler
                0x00000000080057bc                OTG_HS_EP1_OUT_IRQHandler
                0x00000000080057bc                WWDG_IRQHandler
                0x00000000080057bc                TIM2_IRQHandler
                0x00000000080057bc                OTG_FS_WKUP_IRQHandler
                0x00000000080057bc                TIM1_TRG_COM_TIM11_IRQHandler
                0x00000000080057bc                OTG_HS_IRQHandler
                0x00000000080057bc                EXTI1_IRQHandler
                0x00000000080057bc                USART2_IRQHandler
                0x00000000080057bc                I2C2_ER_IRQHandler
                0x00000000080057bc                DMA2_Stream1_IRQHandler
                0x00000000080057bc                CAN1_SCE_IRQHandler
                0x00000000080057bc                FLASH_IRQHandler
                0x00000000080057bc                DMA2_Stream4_IRQHandler
                0x00000000080057bc                USART1_IRQHandler
                0x00000000080057bc                SPI3_IRQHandler
                0x00000000080057bc                DMA1_Stream4_IRQHandler
                0x00000000080057bc                I2C1_ER_IRQHandler
                0x00000000080057bc                DMA2_Stream6_IRQHandler
                0x00000000080057bc                RTC_Alarm_IRQHandler
 *fill*         0x00000000080057be        0x2 
 .text.arm_max_f32
                0x00000000080057c0       0xdc /Users/test/Dropbox/stm32f4_disco_ili9341/Drivers/CMSIS/Lib/GCC/libarm_cortexM4lf_math.a(arm_max_f32.o)
                0x00000000080057c0                arm_max_f32
 .text.arm_cfft_radix4_init_f32
                0x000000000800589c       0xcc /Users/test/Dropbox/stm32f4_disco_ili9341/Drivers/CMSIS/Lib/GCC/libarm_cortexM4lf_math.a(arm_cfft_radix4_init_f32.o)
                0x000000000800589c                arm_cfft_radix4_init_f32
 .text.arm_radix4_butterfly_f32
                0x0000000008005968      0x390 /Users/test/Dropbox/stm32f4_disco_ili9341/Drivers/CMSIS/Lib/GCC/libarm_cortexM4lf_math.a(arm_cfft_radix4_f32.o)
                0x0000000008005968                arm_radix4_butterfly_f32
 .text.arm_radix4_butterfly_inverse_f32
                0x0000000008005cf8      0x3b0 /Users/test/Dropbox/stm32f4_disco_ili9341/Drivers/CMSIS/Lib/GCC/libarm_cortexM4lf_math.a(arm_cfft_radix4_f32.o)
                0x0000000008005cf8                arm_radix4_butterfly_inverse_f32
 .text.arm_cfft_radix4_f32
                0x00000000080060a8       0x40 /Users/test/Dropbox/stm32f4_disco_ili9341/Drivers/CMSIS/Lib/GCC/libarm_cortexM4lf_math.a(arm_cfft_radix4_f32.o)
                0x00000000080060a8                arm_cfft_radix4_f32
 .text.arm_cmplx_mag_f32
                0x00000000080060e8      0x1e4 /Users/test/Dropbox/stm32f4_disco_ili9341/Drivers/CMSIS/Lib/GCC/libarm_cortexM4lf_math.a(arm_cmplx_mag_f32.o)
                0x00000000080060e8                arm_cmplx_mag_f32
 .text.arm_sin_f32
                0x00000000080062cc       0x78 /Users/test/Dropbox/stm32f4_disco_ili9341/Drivers/CMSIS/Lib/GCC/libarm_cortexM4lf_math.a(arm_sin_f32.o)
                0x00000000080062cc                arm_sin_f32
 .text.arm_bitreversal_f32
                0x0000000008006344       0xf4 /Users/test/Dropbox/stm32f4_disco_ili9341/Drivers/CMSIS/Lib/GCC/libarm_cortexM4lf_math.a(arm_bitreversal.o)
                0x0000000008006344                arm_bitreversal_f32
 .text.sqrtf    0x0000000008006438       0xac /Applications/Ac6/SystemWorkbench.app/Contents/Eclipse/plugins/fr.ac6.mcu.externaltools.arm-none.macos64_1.17.0.201812190825/tools/compiler/bin/../lib/gcc/arm-none-eabi/7.3.1/../../../../arm-none-eabi/lib/thumb/v7e-m/fpv4-sp/hard/libm.a(lib_a-wf_sqrt.o)
                0x0000000008006438                sqrtf
 .text.__ieee754_sqrtf
                0x00000000080064e4        0x8 /Applications/Ac6/SystemWorkbench.app/Contents/Eclipse/plugins/fr.ac6.mcu.externaltools.arm-none.macos64_1.17.0.201812190825/tools/compiler/bin/../lib/gcc/arm-none-eabi/7.3.1/../../../../arm-none-eabi/lib/thumb/v7e-m/fpv4-sp/hard/libm.a(lib_a-ef_sqrt.o)
                0x00000000080064e4                __ieee754_sqrtf
 .text.matherr  0x00000000080064ec        0x4 /Applications/Ac6/SystemWorkbench.app/Contents/Eclipse/plugins/fr.ac6.mcu.externaltools.arm-none.macos64_1.17.0.201812190825/tools/compiler/bin/../lib/gcc/arm-none-eabi/7.3.1/../../../../arm-none-eabi/lib/thumb/v7e-m/fpv4-sp/hard/libm.a(lib_a-s_matherr.o)
                0x00000000080064ec                matherr
 .text.__errno  0x00000000080064f0        0xc /Applications/Ac6/SystemWorkbench.app/Contents/Eclipse/plugins/fr.ac6.mcu.externaltools.arm-none.macos64_1.17.0.201812190825/tools/compiler/bin/../lib/gcc/arm-none-eabi/7.3.1/../../../../arm-none-eabi/lib/thumb/v7e-m/fpv4-sp/hard/libc_nano.a(lib_a-errno.o)
                0x00000000080064f0                __errno
 .text.__libc_init_array
                0x00000000080064fc       0x48 /Applications/Ac6/SystemWorkbench.app/Contents/Eclipse/plugins/fr.ac6.mcu.externaltools.arm-none.macos64_1.17.0.201812190825/tools/compiler/bin/../lib/gcc/arm-none-eabi/7.3.1/../../../../arm-none-eabi/lib/thumb/v7e-m/fpv4-sp/hard/libc_nano.a(lib_a-init.o)
                0x00000000080064fc                __libc_init_array
 .text.malloc   0x0000000008006544       0x10 /Applications/Ac6/SystemWorkbench.app/Contents/Eclipse/plugins/fr.ac6.mcu.externaltools.arm-none.macos64_1.17.0.201812190825/tools/compiler/bin/../lib/gcc/arm-none-eabi/7.3.1/../../../../arm-none-eabi/lib/thumb/v7e-m/fpv4-sp/hard/libc_nano.a(lib_a-malloc.o)
                0x0000000008006544                malloc
 .text.free     0x0000000008006554       0x10 /Applications/Ac6/SystemWorkbench.app/Contents/Eclipse/plugins/fr.ac6.mcu.externaltools.arm-none.macos64_1.17.0.201812190825/tools/compiler/bin/../lib/gcc/arm-none-eabi/7.3.1/../../../../arm-none-eabi/lib/thumb/v7e-m/fpv4-sp/hard/libc_nano.a(lib_a-malloc.o)
                0x0000000008006554                free
 .text.memset   0x0000000008006564       0x10 /Applications/Ac6/SystemWorkbench.app/Contents/Eclipse/plugins/fr.ac6.mcu.externaltools.arm-none.macos64_1.17.0.201812190825/tools/compiler/bin/../lib/gcc/arm-none-eabi/7.3.1/../../../../arm-none-eabi/lib/thumb/v7e-m/fpv4-sp/hard/libc_nano.a(lib_a-memset.o)
                0x0000000008006564                memset
 .text._free_r  0x0000000008006574       0x9c /Applications/Ac6/SystemWorkbench.app/Contents/Eclipse/plugins/fr.ac6.mcu.externaltools.arm-none.macos64_1.17.0.201812190825/tools/compiler/bin/../lib/gcc/arm-none-eabi/7.3.1/../../../../arm-none-eabi/lib/thumb/v7e-m/fpv4-sp/hard/libc_nano.a(lib_a-nano-freer.o)
                0x0000000008006574                _free_r
 .text._malloc_r
                0x0000000008006610       0xb4 /Applications/Ac6/SystemWorkbench.app/Contents/Eclipse/plugins/fr.ac6.mcu.externaltools.arm-none.macos64_1.17.0.201812190825/tools/compiler/bin/../lib/gcc/arm-none-eabi/7.3.1/../../../../arm-none-eabi/lib/thumb/v7e-m/fpv4-sp/hard/libc_nano.a(lib_a-nano-mallocr.o)
                0x0000000008006610                _malloc_r
 .text._sbrk_r  0x00000000080066c4       0x20 /Applications/Ac6/SystemWorkbench.app/Contents/Eclipse/plugins/fr.ac6.mcu.externaltools.arm-none.macos64_1.17.0.201812190825/tools/compiler/bin/../lib/gcc/arm-none-eabi/7.3.1/../../../../arm-none-eabi/lib/thumb/v7e-m/fpv4-sp/hard/libc_nano.a(lib_a-sbrkr.o)
                0x00000000080066c4                _sbrk_r
 .text.__malloc_lock
                0x00000000080066e4        0x2 /Applications/Ac6/SystemWorkbench.app/Contents/Eclipse/plugins/fr.ac6.mcu.externaltools.arm-none.macos64_1.17.0.201812190825/tools/compiler/bin/../lib/gcc/arm-none-eabi/7.3.1/../../../../arm-none-eabi/lib/thumb/v7e-m/fpv4-sp/hard/libc_nano.a(lib_a-mlock.o)
                0x00000000080066e4                __malloc_lock
 .text.__malloc_unlock
                0x00000000080066e6        0x2 /Applications/Ac6/SystemWorkbench.app/Contents/Eclipse/plugins/fr.ac6.mcu.externaltools.arm-none.macos64_1.17.0.201812190825/tools/compiler/bin/../lib/gcc/arm-none-eabi/7.3.1/../../../../arm-none-eabi/lib/thumb/v7e-m/fpv4-sp/hard/libc_nano.a(lib_a-mlock.o)
                0x00000000080066e6                __malloc_unlock
 *(.glue_7)
 .glue_7        0x00000000080066e8        0x0 linker stubs
 *(.glue_7t)
 .glue_7t       0x00000000080066e8        0x0 linker stubs
 *(.eh_frame)
 .eh_frame      0x00000000080066e8        0x0 /Applications/Ac6/SystemWorkbench.app/Contents/Eclipse/plugins/fr.ac6.mcu.externaltools.arm-none.macos64_1.17.0.201812190825/tools/compiler/bin/../lib/gcc/arm-none-eabi/7.3.1/thumb/v7e-m/fpv4-sp/hard/crtbegin.o
 *(.init)
 .init          0x00000000080066e8        0x4 /Applications/Ac6/SystemWorkbench.app/Contents/Eclipse/plugins/fr.ac6.mcu.externaltools.arm-none.macos64_1.17.0.201812190825/tools/compiler/bin/../lib/gcc/arm-none-eabi/7.3.1/thumb/v7e-m/fpv4-sp/hard/crti.o
                0x00000000080066e8                _init
 .init          0x00000000080066ec        0x8 /Applications/Ac6/SystemWorkbench.app/Contents/Eclipse/plugins/fr.ac6.mcu.externaltools.arm-none.macos64_1.17.0.201812190825/tools/compiler/bin/../lib/gcc/arm-none-eabi/7.3.1/thumb/v7e-m/fpv4-sp/hard/crtn.o
 *(.fini)
 .fini          0x00000000080066f4        0x4 /Applications/Ac6/SystemWorkbench.app/Contents/Eclipse/plugins/fr.ac6.mcu.externaltools.arm-none.macos64_1.17.0.201812190825/tools/compiler/bin/../lib/gcc/arm-none-eabi/7.3.1/thumb/v7e-m/fpv4-sp/hard/crti.o
                0x00000000080066f4                _fini
 .fini          0x00000000080066f8        0x8 /Applications/Ac6/SystemWorkbench.app/Contents/Eclipse/plugins/fr.ac6.mcu.externaltools.arm-none.macos64_1.17.0.201812190825/tools/compiler/bin/../lib/gcc/arm-none-eabi/7.3.1/thumb/v7e-m/fpv4-sp/hard/crtn.o
                0x0000000008006700                . = ALIGN (0x4)
                0x0000000008006700                _etext = .

.vfp11_veneer   0x0000000008006700        0x0
 .vfp11_veneer  0x0000000008006700        0x0 linker stubs

.v4_bx          0x0000000008006700        0x0
 .v4_bx         0x0000000008006700        0x0 linker stubs

.iplt           0x0000000008006700        0x0
 .iplt          0x0000000008006700        0x0 /Applications/Ac6/SystemWorkbench.app/Contents/Eclipse/plugins/fr.ac6.mcu.externaltools.arm-none.macos64_1.17.0.201812190825/tools/compiler/bin/../lib/gcc/arm-none-eabi/7.3.1/thumb/v7e-m/fpv4-sp/hard/crtbegin.o

.rodata         0x0000000008006700     0x9064
                0x0000000008006700                . = ALIGN (0x4)
 *(.rodata)
 .rodata        0x0000000008006700       0x18 Src/system_stm32f4xx.o
                0x0000000008006700                AHBPrescTable
                0x0000000008006710                APBPrescTable
 .rodata        0x0000000008006718       0x3b ili9341/ili9341.o
 *(.rodata*)
 *fill*         0x0000000008006753        0x1 
 .rodata.str1.4
                0x0000000008006754        0x4 Middlewares/ST/STM32_USB_Host_Library/Class/CDC/Src/usbh_cdc.o
 .rodata.armBitRevTable
                0x0000000008006758      0x800 /Users/test/Dropbox/stm32f4_disco_ili9341/Drivers/CMSIS/Lib/GCC/libarm_cortexM4lf_math.a(arm_common_tables.o)
                0x0000000008006758                armBitRevTable
 .rodata.sinTable_f32
                0x0000000008006f58      0x804 /Users/test/Dropbox/stm32f4_disco_ili9341/Drivers/CMSIS/Lib/GCC/libarm_cortexM4lf_math.a(arm_common_tables.o)
                0x0000000008006f58                sinTable_f32
 .rodata.twiddleCoef_4096
                0x000000000800775c     0x8000 /Users/test/Dropbox/stm32f4_disco_ili9341/Drivers/CMSIS/Lib/GCC/libarm_cortexM4lf_math.a(arm_common_tables.o)
                0x000000000800775c                twiddleCoef_4096
 .rodata.sqrtf.str1.4
                0x000000000800f75c        0x8 /Applications/Ac6/SystemWorkbench.app/Contents/Eclipse/plugins/fr.ac6.mcu.externaltools.arm-none.macos64_1.17.0.201812190825/tools/compiler/bin/../lib/gcc/arm-none-eabi/7.3.1/../../../../arm-none-eabi/lib/thumb/v7e-m/fpv4-sp/hard/libm.a(lib_a-wf_sqrt.o)
                                          0x6 (size before relaxing)
                0x000000000800f764                . = ALIGN (0x4)

.ARM.extab
 *(.ARM.extab* .gnu.linkonce.armextab.*)

.ARM            0x000000000800f764        0x8
                0x000000000800f764                __exidx_start = .
 *(.ARM.exidx*)
 .ARM.exidx     0x000000000800f764        0x8 /Applications/Ac6/SystemWorkbench.app/Contents/Eclipse/plugins/fr.ac6.mcu.externaltools.arm-none.macos64_1.17.0.201812190825/tools/compiler/bin/../lib/gcc/arm-none-eabi/7.3.1/thumb/v7e-m/fpv4-sp/hard/libgcc.a(_udivmoddi4.o)
                0x000000000800f76c                __exidx_end = .

.rel.dyn        0x000000000800f76c        0x0
 .rel.iplt      0x000000000800f76c        0x0 /Applications/Ac6/SystemWorkbench.app/Contents/Eclipse/plugins/fr.ac6.mcu.externaltools.arm-none.macos64_1.17.0.201812190825/tools/compiler/bin/../lib/gcc/arm-none-eabi/7.3.1/thumb/v7e-m/fpv4-sp/hard/crtbegin.o

.preinit_array  0x000000000800f76c        0x0
                0x000000000800f76c                PROVIDE (__preinit_array_start = .)
 *(.preinit_array*)
                0x000000000800f76c                PROVIDE (__preinit_array_end = .)

.init_array     0x000000000800f76c        0x4
                0x000000000800f76c                PROVIDE (__init_array_start = .)
 *(SORT_BY_NAME(.init_array.*))
 *(.init_array*)
 .init_array    0x000000000800f76c        0x4 /Applications/Ac6/SystemWorkbench.app/Contents/Eclipse/plugins/fr.ac6.mcu.externaltools.arm-none.macos64_1.17.0.201812190825/tools/compiler/bin/../lib/gcc/arm-none-eabi/7.3.1/thumb/v7e-m/fpv4-sp/hard/crtbegin.o
                0x000000000800f770                PROVIDE (__init_array_end = .)

.fini_array     0x000000000800f770        0x4
                [!provide]                        PROVIDE (__fini_array_start = .)
 *(SORT_BY_NAME(.fini_array.*))
 *(.fini_array*)
 .fini_array    0x000000000800f770        0x4 /Applications/Ac6/SystemWorkbench.app/Contents/Eclipse/plugins/fr.ac6.mcu.externaltools.arm-none.macos64_1.17.0.201812190825/tools/compiler/bin/../lib/gcc/arm-none-eabi/7.3.1/thumb/v7e-m/fpv4-sp/hard/crtbegin.o
                [!provide]                        PROVIDE (__fini_array_end = .)
                0x000000000800f774                _sidata = LOADADDR (.data)

.data           0x0000000020000000       0x94 load address 0x000000000800f774
                0x0000000020000000                . = ALIGN (0x4)
                0x0000000020000000                _sdata = .
 *(.data)
 .data          0x0000000020000000        0x8 Drivers/STM32F4xx_HAL_Driver/Src/stm32f4xx_hal.o
                0x0000000020000000                uwTickFreq
                0x0000000020000004                uwTickPrio
 .data          0x0000000020000008       0x20 Middlewares/ST/STM32_USB_Host_Library/Class/CDC/Src/usbh_cdc.o
                0x0000000020000008                CDC_Class
 .data          0x0000000020000028        0x4 Src/system_stm32f4xx.o
                0x0000000020000028                SystemCoreClock
 *(.data*)
 .data.__fdlib_version
                0x000000002000002c        0x1 /Applications/Ac6/SystemWorkbench.app/Contents/Eclipse/plugins/fr.ac6.mcu.externaltools.arm-none.macos64_1.17.0.201812190825/tools/compiler/bin/../lib/gcc/arm-none-eabi/7.3.1/../../../../arm-none-eabi/lib/thumb/v7e-m/fpv4-sp/hard/libm.a(lib_a-s_lib_ver.o)
                0x000000002000002c                __fdlib_version
 *fill*         0x000000002000002d        0x3 
 .data._impure_ptr
                0x0000000020000030        0x4 /Applications/Ac6/SystemWorkbench.app/Contents/Eclipse/plugins/fr.ac6.mcu.externaltools.arm-none.macos64_1.17.0.201812190825/tools/compiler/bin/../lib/gcc/arm-none-eabi/7.3.1/../../../../arm-none-eabi/lib/thumb/v7e-m/fpv4-sp/hard/libc_nano.a(lib_a-impure.o)
                0x0000000020000030                _impure_ptr
 .data.impure_data
                0x0000000020000034       0x60 /Applications/Ac6/SystemWorkbench.app/Contents/Eclipse/plugins/fr.ac6.mcu.externaltools.arm-none.macos64_1.17.0.201812190825/tools/compiler/bin/../lib/gcc/arm-none-eabi/7.3.1/../../../../arm-none-eabi/lib/thumb/v7e-m/fpv4-sp/hard/libc_nano.a(lib_a-impure.o)
                0x0000000020000094                . = ALIGN (0x4)
                0x0000000020000094                _edata = .
                0x000000000800f808                _siccmram = LOADADDR (.ccmram)

.igot.plt       0x0000000020000094        0x0 load address 0x000000000800f808
 .igot.plt      0x0000000020000094        0x0 /Applications/Ac6/SystemWorkbench.app/Contents/Eclipse/plugins/fr.ac6.mcu.externaltools.arm-none.macos64_1.17.0.201812190825/tools/compiler/bin/../lib/gcc/arm-none-eabi/7.3.1/thumb/v7e-m/fpv4-sp/hard/crtbegin.o

.ccmram         0x0000000010000000        0x0 load address 0x000000000800f808
                0x0000000010000000                . = ALIGN (0x4)
                0x0000000010000000                _sccmram = .
 *(.ccmram)
 *(.ccmram*)
                0x0000000010000000                . = ALIGN (0x4)
                0x0000000010000000                _eccmram = .
                0x0000000010000000                . = ALIGN (0x4)

.bss            0x0000000020000094      0x7c0
                0x0000000020000094                _sbss = .
                0x0000000020000094                __bss_start__ = _sbss
 *(.bss)
 .bss           0x0000000020000094       0x1c /Applications/Ac6/SystemWorkbench.app/Contents/Eclipse/plugins/fr.ac6.mcu.externaltools.arm-none.macos64_1.17.0.201812190825/tools/compiler/bin/../lib/gcc/arm-none-eabi/7.3.1/thumb/v7e-m/fpv4-sp/hard/crtbegin.o
 .bss           0x00000000200000b0        0x4 Drivers/STM32F4xx_HAL_Driver/Src/stm32f4xx_ll_usb.o
 .bss           0x00000000200000b4        0x8 Src/syscalls.o
                0x00000000200000b8                __env
 .bss           0x00000000200000bc        0x1 Src/usb_host.o
                0x00000000200000bc                Appli_state
 *(.bss*)
 *fill*         0x00000000200000bd        0x3 
 .bss.__malloc_free_list
                0x00000000200000c0        0x4 /Applications/Ac6/SystemWorkbench.app/Contents/Eclipse/plugins/fr.ac6.mcu.externaltools.arm-none.macos64_1.17.0.201812190825/tools/compiler/bin/../lib/gcc/arm-none-eabi/7.3.1/../../../../arm-none-eabi/lib/thumb/v7e-m/fpv4-sp/hard/libc_nano.a(lib_a-nano-mallocr.o)
                0x00000000200000c0                __malloc_free_list
 .bss.__malloc_sbrk_start
                0x00000000200000c4        0x4 /Applications/Ac6/SystemWorkbench.app/Contents/Eclipse/plugins/fr.ac6.mcu.externaltools.arm-none.macos64_1.17.0.201812190825/tools/compiler/bin/../lib/gcc/arm-none-eabi/7.3.1/../../../../arm-none-eabi/lib/thumb/v7e-m/fpv4-sp/hard/libc_nano.a(lib_a-nano-mallocr.o)
                0x00000000200000c4                __malloc_sbrk_start
 *(COMMON)
 COMMON         0x00000000200000c8        0x4 Drivers/STM32F4xx_HAL_Driver/Src/stm32f4xx_hal.o
                0x00000000200000c8                uwTick
 COMMON         0x00000000200000cc       0xf4 Src/main.o
                0x00000000200000cc                hi2c1
                0x0000000020000120                hspi1
                0x0000000020000178                hi2s3
 COMMON         0x00000000200001c0      0x3cc Src/usb_host.o
                0x00000000200001c0                hUsbHostFS
 COMMON         0x000000002000058c      0x2c4 Src/usbh_conf.o
                0x000000002000058c                hhcd_USB_OTG_FS
 COMMON         0x0000000020000850        0x4 /Applications/Ac6/SystemWorkbench.app/Contents/Eclipse/plugins/fr.ac6.mcu.externaltools.arm-none.macos64_1.17.0.201812190825/tools/compiler/bin/../lib/gcc/arm-none-eabi/7.3.1/../../../../arm-none-eabi/lib/thumb/v7e-m/fpv4-sp/hard/libc_nano.a(lib_a-reent.o)
                0x0000000020000850                errno
                0x0000000020000854                . = ALIGN (0x4)
                0x0000000020000854                _ebss = .
                0x0000000020000854                __bss_end__ = _ebss

._user_heap_stack
                0x0000000020000854      0x604
                0x0000000020000858                . = ALIGN (0x8)
 *fill*         0x0000000020000854        0x4 
                0x0000000020000858                PROVIDE (end = .)
                [!provide]                        PROVIDE (_end = .)
                0x0000000020000a58                . = (. + _Min_Heap_Size)
 *fill*         0x0000000020000858      0x200 
                0x0000000020000e58                . = (. + _Min_Stack_Size)
 *fill*         0x0000000020000a58      0x400 
                0x0000000020000e58                . = ALIGN (0x8)

/DISCARD/
 libc.a(*)
 libm.a(*)
 libgcc.a(*)

.ARM.attributes
                0x0000000000000000       0x2e
 *(.ARM.attributes)
 .ARM.attributes
                0x0000000000000000       0x22 /Applications/Ac6/SystemWorkbench.app/Contents/Eclipse/plugins/fr.ac6.mcu.externaltools.arm-none.macos64_1.17.0.201812190825/tools/compiler/bin/../lib/gcc/arm-none-eabi/7.3.1/thumb/v7e-m/fpv4-sp/hard/crti.o
 .ARM.attributes
                0x0000000000000022       0x34 /Applications/Ac6/SystemWorkbench.app/Contents/Eclipse/plugins/fr.ac6.mcu.externaltools.arm-none.macos64_1.17.0.201812190825/tools/compiler/bin/../lib/gcc/arm-none-eabi/7.3.1/thumb/v7e-m/fpv4-sp/hard/crtbegin.o
 .ARM.attributes
                0x0000000000000056       0x39 Drivers/STM32F4xx_HAL_Driver/Src/stm32f4xx_hal.o
 .ARM.attributes
                0x000000000000008f       0x39 Drivers/STM32F4xx_HAL_Driver/Src/stm32f4xx_hal_cortex.o
 .ARM.attributes
                0x00000000000000c8       0x39 Drivers/STM32F4xx_HAL_Driver/Src/stm32f4xx_hal_gpio.o
 .ARM.attributes
                0x0000000000000101       0x39 Drivers/STM32F4xx_HAL_Driver/Src/stm32f4xx_hal_hcd.o
 .ARM.attributes
                0x000000000000013a       0x39 Drivers/STM32F4xx_HAL_Driver/Src/stm32f4xx_hal_i2c.o
 .ARM.attributes
                0x0000000000000173       0x39 Drivers/STM32F4xx_HAL_Driver/Src/stm32f4xx_hal_i2s.o
 .ARM.attributes
                0x00000000000001ac       0x39 Drivers/STM32F4xx_HAL_Driver/Src/stm32f4xx_hal_i2s_ex.o
 .ARM.attributes
                0x00000000000001e5       0x39 Drivers/STM32F4xx_HAL_Driver/Src/stm32f4xx_hal_rcc.o
 .ARM.attributes
                0x000000000000021e       0x39 Drivers/STM32F4xx_HAL_Driver/Src/stm32f4xx_hal_rcc_ex.o
 .ARM.attributes
                0x0000000000000257       0x39 Drivers/STM32F4xx_HAL_Driver/Src/stm32f4xx_hal_spi.o
 .ARM.attributes
                0x0000000000000290       0x39 Drivers/STM32F4xx_HAL_Driver/Src/stm32f4xx_ll_usb.o
 .ARM.attributes
                0x00000000000002c9       0x39 Middlewares/ST/STM32_USB_Host_Library/Class/CDC/Src/usbh_cdc.o
 .ARM.attributes
                0x0000000000000302       0x39 Middlewares/ST/STM32_USB_Host_Library/Core/Src/usbh_core.o
 .ARM.attributes
                0x000000000000033b       0x39 Middlewares/ST/STM32_USB_Host_Library/Core/Src/usbh_ctlreq.o
 .ARM.attributes
                0x0000000000000374       0x39 Middlewares/ST/STM32_USB_Host_Library/Core/Src/usbh_ioreq.o
 .ARM.attributes
                0x00000000000003ad       0x39 Middlewares/ST/STM32_USB_Host_Library/Core/Src/usbh_pipes.o
 .ARM.attributes
                0x00000000000003e6       0x39 Src/main.o
 .ARM.attributes
                0x000000000000041f       0x39 Src/stm32f4xx_hal_msp.o
 .ARM.attributes
                0x0000000000000458       0x39 Src/stm32f4xx_it.o
 .ARM.attributes
                0x0000000000000491       0x39 Src/syscalls.o
 .ARM.attributes
                0x00000000000004ca       0x39 Src/system_stm32f4xx.o
 .ARM.attributes
                0x0000000000000503       0x39 Src/usb_host.o
 .ARM.attributes
                0x000000000000053c       0x39 Src/usbh_conf.o
 .ARM.attributes
                0x0000000000000575       0x39 Src/usbh_platform.o
 .ARM.attributes
                0x00000000000005ae       0x39 ili9341/ili9341.o
 .ARM.attributes
                0x00000000000005e7       0x21 startup/startup_stm32f407xx.o
 .ARM.attributes
                0x0000000000000608       0x39 /Users/test/Dropbox/stm32f4_disco_ili9341/Drivers/CMSIS/Lib/GCC/libarm_cortexM4lf_math.a(arm_max_f32.o)
 .ARM.attributes
                0x0000000000000641       0x39 /Users/test/Dropbox/stm32f4_disco_ili9341/Drivers/CMSIS/Lib/GCC/libarm_cortexM4lf_math.a(arm_cfft_radix4_init_f32.o)
 .ARM.attributes
                0x000000000000067a       0x39 /Users/test/Dropbox/stm32f4_disco_ili9341/Drivers/CMSIS/Lib/GCC/libarm_cortexM4lf_math.a(arm_cfft_radix4_f32.o)
 .ARM.attributes
                0x00000000000006b3       0x39 /Users/test/Dropbox/stm32f4_disco_ili9341/Drivers/CMSIS/Lib/GCC/libarm_cortexM4lf_math.a(arm_cmplx_mag_f32.o)
 .ARM.attributes
                0x00000000000006ec       0x39 /Users/test/Dropbox/stm32f4_disco_ili9341/Drivers/CMSIS/Lib/GCC/libarm_cortexM4lf_math.a(arm_sin_f32.o)
 .ARM.attributes
                0x0000000000000725       0x39 /Users/test/Dropbox/stm32f4_disco_ili9341/Drivers/CMSIS/Lib/GCC/libarm_cortexM4lf_math.a(arm_common_tables.o)
 .ARM.attributes
                0x000000000000075e       0x39 /Users/test/Dropbox/stm32f4_disco_ili9341/Drivers/CMSIS/Lib/GCC/libarm_cortexM4lf_math.a(arm_bitreversal.o)
 .ARM.attributes
                0x0000000000000797       0x34 /Applications/Ac6/SystemWorkbench.app/Contents/Eclipse/plugins/fr.ac6.mcu.externaltools.arm-none.macos64_1.17.0.201812190825/tools/compiler/bin/../lib/gcc/arm-none-eabi/7.3.1/../../../../arm-none-eabi/lib/thumb/v7e-m/fpv4-sp/hard/libm.a(lib_a-wf_sqrt.o)
 .ARM.attributes
                0x00000000000007cb       0x34 /Applications/Ac6/SystemWorkbench.app/Contents/Eclipse/plugins/fr.ac6.mcu.externaltools.arm-none.macos64_1.17.0.201812190825/tools/compiler/bin/../lib/gcc/arm-none-eabi/7.3.1/../../../../arm-none-eabi/lib/thumb/v7e-m/fpv4-sp/hard/libm.a(lib_a-ef_sqrt.o)
 .ARM.attributes
                0x00000000000007ff       0x34 /Applications/Ac6/SystemWorkbench.app/Contents/Eclipse/plugins/fr.ac6.mcu.externaltools.arm-none.macos64_1.17.0.201812190825/tools/compiler/bin/../lib/gcc/arm-none-eabi/7.3.1/../../../../arm-none-eabi/lib/thumb/v7e-m/fpv4-sp/hard/libm.a(lib_a-s_lib_ver.o)
 .ARM.attributes
                0x0000000000000833       0x34 /Applications/Ac6/SystemWorkbench.app/Contents/Eclipse/plugins/fr.ac6.mcu.externaltools.arm-none.macos64_1.17.0.201812190825/tools/compiler/bin/../lib/gcc/arm-none-eabi/7.3.1/../../../../arm-none-eabi/lib/thumb/v7e-m/fpv4-sp/hard/libm.a(lib_a-s_matherr.o)
 .ARM.attributes
                0x0000000000000867       0x22 /Applications/Ac6/SystemWorkbench.app/Contents/Eclipse/plugins/fr.ac6.mcu.externaltools.arm-none.macos64_1.17.0.201812190825/tools/compiler/bin/../lib/gcc/arm-none-eabi/7.3.1/thumb/v7e-m/fpv4-sp/hard/libgcc.a(_arm_addsubdf3.o)
 .ARM.attributes
                0x0000000000000889       0x22 /Applications/Ac6/SystemWorkbench.app/Contents/Eclipse/plugins/fr.ac6.mcu.externaltools.arm-none.macos64_1.17.0.201812190825/tools/compiler/bin/../lib/gcc/arm-none-eabi/7.3.1/thumb/v7e-m/fpv4-sp/hard/libgcc.a(_arm_muldivdf3.o)
 .ARM.attributes
                0x00000000000008ab       0x22 /Applications/Ac6/SystemWorkbench.app/Contents/Eclipse/plugins/fr.ac6.mcu.externaltools.arm-none.macos64_1.17.0.201812190825/tools/compiler/bin/../lib/gcc/arm-none-eabi/7.3.1/thumb/v7e-m/fpv4-sp/hard/libgcc.a(_arm_truncdfsf2.o)
 .ARM.attributes
                0x00000000000008cd       0x22 /Applications/Ac6/SystemWorkbench.app/Contents/Eclipse/plugins/fr.ac6.mcu.externaltools.arm-none.macos64_1.17.0.201812190825/tools/compiler/bin/../lib/gcc/arm-none-eabi/7.3.1/thumb/v7e-m/fpv4-sp/hard/libgcc.a(_aeabi_uldivmod.o)
 .ARM.attributes
                0x00000000000008ef       0x34 /Applications/Ac6/SystemWorkbench.app/Contents/Eclipse/plugins/fr.ac6.mcu.externaltools.arm-none.macos64_1.17.0.201812190825/tools/compiler/bin/../lib/gcc/arm-none-eabi/7.3.1/thumb/v7e-m/fpv4-sp/hard/libgcc.a(_udivmoddi4.o)
 .ARM.attributes
                0x0000000000000923       0x22 /Applications/Ac6/SystemWorkbench.app/Contents/Eclipse/plugins/fr.ac6.mcu.externaltools.arm-none.macos64_1.17.0.201812190825/tools/compiler/bin/../lib/gcc/arm-none-eabi/7.3.1/thumb/v7e-m/fpv4-sp/hard/libgcc.a(_dvmd_tls.o)
 .ARM.attributes
                0x0000000000000945       0x34 /Applications/Ac6/SystemWorkbench.app/Contents/Eclipse/plugins/fr.ac6.mcu.externaltools.arm-none.macos64_1.17.0.201812190825/tools/compiler/bin/../lib/gcc/arm-none-eabi/7.3.1/../../../../arm-none-eabi/lib/thumb/v7e-m/fpv4-sp/hard/libc_nano.a(lib_a-errno.o)
 .ARM.attributes
                0x0000000000000979       0x34 /Applications/Ac6/SystemWorkbench.app/Contents/Eclipse/plugins/fr.ac6.mcu.externaltools.arm-none.macos64_1.17.0.201812190825/tools/compiler/bin/../lib/gcc/arm-none-eabi/7.3.1/../../../../arm-none-eabi/lib/thumb/v7e-m/fpv4-sp/hard/libc_nano.a(lib_a-impure.o)
 .ARM.attributes
                0x00000000000009ad       0x34 /Applications/Ac6/SystemWorkbench.app/Contents/Eclipse/plugins/fr.ac6.mcu.externaltools.arm-none.macos64_1.17.0.201812190825/tools/compiler/bin/../lib/gcc/arm-none-eabi/7.3.1/../../../../arm-none-eabi/lib/thumb/v7e-m/fpv4-sp/hard/libc_nano.a(lib_a-init.o)
 .ARM.attributes
                0x00000000000009e1       0x34 /Applications/Ac6/SystemWorkbench.app/Contents/Eclipse/plugins/fr.ac6.mcu.externaltools.arm-none.macos64_1.17.0.201812190825/tools/compiler/bin/../lib/gcc/arm-none-eabi/7.3.1/../../../../arm-none-eabi/lib/thumb/v7e-m/fpv4-sp/hard/libc_nano.a(lib_a-malloc.o)
 .ARM.attributes
                0x0000000000000a15       0x34 /Applications/Ac6/SystemWorkbench.app/Contents/Eclipse/plugins/fr.ac6.mcu.externaltools.arm-none.macos64_1.17.0.201812190825/tools/compiler/bin/../lib/gcc/arm-none-eabi/7.3.1/../../../../arm-none-eabi/lib/thumb/v7e-m/fpv4-sp/hard/libc_nano.a(lib_a-memset.o)
 .ARM.attributes
                0x0000000000000a49       0x34 /Applications/Ac6/SystemWorkbench.app/Contents/Eclipse/plugins/fr.ac6.mcu.externaltools.arm-none.macos64_1.17.0.201812190825/tools/compiler/bin/../lib/gcc/arm-none-eabi/7.3.1/../../../../arm-none-eabi/lib/thumb/v7e-m/fpv4-sp/hard/libc_nano.a(lib_a-nano-freer.o)
 .ARM.attributes
                0x0000000000000a7d       0x34 /Applications/Ac6/SystemWorkbench.app/Contents/Eclipse/plugins/fr.ac6.mcu.externaltools.arm-none.macos64_1.17.0.201812190825/tools/compiler/bin/../lib/gcc/arm-none-eabi/7.3.1/../../../../arm-none-eabi/lib/thumb/v7e-m/fpv4-sp/hard/libc_nano.a(lib_a-nano-mallocr.o)
 .ARM.attributes
                0x0000000000000ab1       0x34 /Applications/Ac6/SystemWorkbench.app/Contents/Eclipse/plugins/fr.ac6.mcu.externaltools.arm-none.macos64_1.17.0.201812190825/tools/compiler/bin/../lib/gcc/arm-none-eabi/7.3.1/../../../../arm-none-eabi/lib/thumb/v7e-m/fpv4-sp/hard/libc_nano.a(lib_a-sbrkr.o)
 .ARM.attributes
                0x0000000000000ae5       0x34 /Applications/Ac6/SystemWorkbench.app/Contents/Eclipse/plugins/fr.ac6.mcu.externaltools.arm-none.macos64_1.17.0.201812190825/tools/compiler/bin/../lib/gcc/arm-none-eabi/7.3.1/../../../../arm-none-eabi/lib/thumb/v7e-m/fpv4-sp/hard/libc_nano.a(lib_a-mlock.o)
 .ARM.attributes
                0x0000000000000b19       0x34 /Applications/Ac6/SystemWorkbench.app/Contents/Eclipse/plugins/fr.ac6.mcu.externaltools.arm-none.macos64_1.17.0.201812190825/tools/compiler/bin/../lib/gcc/arm-none-eabi/7.3.1/../../../../arm-none-eabi/lib/thumb/v7e-m/fpv4-sp/hard/libc_nano.a(lib_a-reent.o)
 .ARM.attributes
                0x0000000000000b4d       0x22 /Applications/Ac6/SystemWorkbench.app/Contents/Eclipse/plugins/fr.ac6.mcu.externaltools.arm-none.macos64_1.17.0.201812190825/tools/compiler/bin/../lib/gcc/arm-none-eabi/7.3.1/thumb/v7e-m/fpv4-sp/hard/crtn.o
OUTPUT(ili9341_test.elf elf32-littlearm)

.debug_info     0x0000000000000000    0x20bff
 .debug_info    0x0000000000000000      0x9cc Drivers/STM32F4xx_HAL_Driver/Src/stm32f4xx_hal.o
 .debug_info    0x00000000000009cc      0xf3a Drivers/STM32F4xx_HAL_Driver/Src/stm32f4xx_hal_cortex.o
 .debug_info    0x0000000000001906      0x770 Drivers/STM32F4xx_HAL_Driver/Src/stm32f4xx_hal_gpio.o
 .debug_info    0x0000000000002076     0x1276 Drivers/STM32F4xx_HAL_Driver/Src/stm32f4xx_hal_hcd.o
 .debug_info    0x00000000000032ec     0x327d Drivers/STM32F4xx_HAL_Driver/Src/stm32f4xx_hal_i2c.o
 .debug_info    0x0000000000006569      0xf8d Drivers/STM32F4xx_HAL_Driver/Src/stm32f4xx_hal_i2s.o
 .debug_info    0x00000000000074f6      0xd99 Drivers/STM32F4xx_HAL_Driver/Src/stm32f4xx_hal_i2s_ex.o
 .debug_info    0x000000000000828f      0xa39 Drivers/STM32F4xx_HAL_Driver/Src/stm32f4xx_hal_rcc.o
 .debug_info    0x0000000000008cc8      0x669 Drivers/STM32F4xx_HAL_Driver/Src/stm32f4xx_hal_rcc_ex.o
 .debug_info    0x0000000000009331     0x1ba9 Drivers/STM32F4xx_HAL_Driver/Src/stm32f4xx_hal_spi.o
 .debug_info    0x000000000000aeda     0x1b1d Drivers/STM32F4xx_HAL_Driver/Src/stm32f4xx_ll_usb.o
 .debug_info    0x000000000000c9f7     0x1e41 Middlewares/ST/STM32_USB_Host_Library/Class/CDC/Src/usbh_cdc.o
 .debug_info    0x000000000000e838     0x1b6e Middlewares/ST/STM32_USB_Host_Library/Core/Src/usbh_core.o
 .debug_info    0x00000000000103a6     0x1a33 Middlewares/ST/STM32_USB_Host_Library/Core/Src/usbh_ctlreq.o
 .debug_info    0x0000000000011dd9     0x1661 Middlewares/ST/STM32_USB_Host_Library/Core/Src/usbh_ioreq.o
 .debug_info    0x000000000001343a     0x1309 Middlewares/ST/STM32_USB_Host_Library/Core/Src/usbh_pipes.o
 .debug_info    0x0000000000014743     0x2356 Src/main.o
 .debug_info    0x0000000000016a99      0xfd8 Src/stm32f4xx_hal_msp.o
 .debug_info    0x0000000000017a71      0x694 Src/stm32f4xx_it.o
 .debug_info    0x0000000000018105      0xfd3 Src/syscalls.o
 .debug_info    0x00000000000190d8      0x507 Src/system_stm32f4xx.o
 .debug_info    0x00000000000195df     0x12ab Src/usb_host.o
 .debug_info    0x000000000001a88a     0x24ed Src/usbh_conf.o
 .debug_info    0x000000000001cd77      0x251 Src/usbh_platform.o
 .debug_info    0x000000000001cfc8     0x1dc4 ili9341/ili9341.o
 .debug_info    0x000000000001ed8c       0x22 startup/startup_stm32f407xx.o
 .debug_info    0x000000000001edae      0x166 /Users/test/Dropbox/stm32f4_disco_ili9341/Drivers/CMSIS/Lib/GCC/libarm_cortexM4lf_math.a(arm_max_f32.o)
 .debug_info    0x000000000001ef14      0x257 /Users/test/Dropbox/stm32f4_disco_ili9341/Drivers/CMSIS/Lib/GCC/libarm_cortexM4lf_math.a(arm_cfft_radix4_init_f32.o)
 .debug_info    0x000000000001f16b      0x9da /Users/test/Dropbox/stm32f4_disco_ili9341/Drivers/CMSIS/Lib/GCC/libarm_cortexM4lf_math.a(arm_cfft_radix4_f32.o)
 .debug_info    0x000000000001fb45      0x296 /Users/test/Dropbox/stm32f4_disco_ili9341/Drivers/CMSIS/Lib/GCC/libarm_cortexM4lf_math.a(arm_cmplx_mag_f32.o)
 .debug_info    0x000000000001fddb      0x18a /Users/test/Dropbox/stm32f4_disco_ili9341/Drivers/CMSIS/Lib/GCC/libarm_cortexM4lf_math.a(arm_sin_f32.o)
 .debug_info    0x000000000001ff65      0x99d /Users/test/Dropbox/stm32f4_disco_ili9341/Drivers/CMSIS/Lib/GCC/libarm_cortexM4lf_math.a(arm_common_tables.o)
 .debug_info    0x0000000000020902      0x2fd /Users/test/Dropbox/stm32f4_disco_ili9341/Drivers/CMSIS/Lib/GCC/libarm_cortexM4lf_math.a(arm_bitreversal.o)

.debug_abbrev   0x0000000000000000     0x4528
 .debug_abbrev  0x0000000000000000      0x1f1 Drivers/STM32F4xx_HAL_Driver/Src/stm32f4xx_hal.o
 .debug_abbrev  0x00000000000001f1      0x328 Drivers/STM32F4xx_HAL_Driver/Src/stm32f4xx_hal_cortex.o
 .debug_abbrev  0x0000000000000519      0x1e7 Drivers/STM32F4xx_HAL_Driver/Src/stm32f4xx_hal_gpio.o
 .debug_abbrev  0x0000000000000700      0x27f Drivers/STM32F4xx_HAL_Driver/Src/stm32f4xx_hal_hcd.o
 .debug_abbrev  0x000000000000097f      0x284 Drivers/STM32F4xx_HAL_Driver/Src/stm32f4xx_hal_i2c.o
 .debug_abbrev  0x0000000000000c03      0x23a Drivers/STM32F4xx_HAL_Driver/Src/stm32f4xx_hal_i2s.o
 .debug_abbrev  0x0000000000000e3d      0x281 Drivers/STM32F4xx_HAL_Driver/Src/stm32f4xx_hal_i2s_ex.o
 .debug_abbrev  0x00000000000010be      0x273 Drivers/STM32F4xx_HAL_Driver/Src/stm32f4xx_hal_rcc.o
 .debug_abbrev  0x0000000000001331      0x190 Drivers/STM32F4xx_HAL_Driver/Src/stm32f4xx_hal_rcc_ex.o
 .debug_abbrev  0x00000000000014c1      0x249 Drivers/STM32F4xx_HAL_Driver/Src/stm32f4xx_hal_spi.o
 .debug_abbrev  0x000000000000170a      0x2a8 Drivers/STM32F4xx_HAL_Driver/Src/stm32f4xx_ll_usb.o
 .debug_abbrev  0x00000000000019b2      0x346 Middlewares/ST/STM32_USB_Host_Library/Class/CDC/Src/usbh_cdc.o
 .debug_abbrev  0x0000000000001cf8      0x371 Middlewares/ST/STM32_USB_Host_Library/Core/Src/usbh_core.o
 .debug_abbrev  0x0000000000002069      0x35d Middlewares/ST/STM32_USB_Host_Library/Core/Src/usbh_ctlreq.o
 .debug_abbrev  0x00000000000023c6      0x281 Middlewares/ST/STM32_USB_Host_Library/Core/Src/usbh_ioreq.o
 .debug_abbrev  0x0000000000002647      0x2bb Middlewares/ST/STM32_USB_Host_Library/Core/Src/usbh_pipes.o
 .debug_abbrev  0x0000000000002902      0x383 Src/main.o
 .debug_abbrev  0x0000000000002c85      0x1da Src/stm32f4xx_hal_msp.o
 .debug_abbrev  0x0000000000002e5f      0x182 Src/stm32f4xx_it.o
 .debug_abbrev  0x0000000000002fe1      0x2d4 Src/syscalls.o
 .debug_abbrev  0x00000000000032b5      0x111 Src/system_stm32f4xx.o
 .debug_abbrev  0x00000000000033c6      0x2b5 Src/usb_host.o
 .debug_abbrev  0x000000000000367b      0x38a Src/usbh_conf.o
 .debug_abbrev  0x0000000000003a05      0x12e Src/usbh_platform.o
 .debug_abbrev  0x0000000000003b33      0x36d ili9341/ili9341.o
 .debug_abbrev  0x0000000000003ea0       0x12 startup/startup_stm32f407xx.o
 .debug_abbrev  0x0000000000003eb2       0xb2 /Users/test/Dropbox/stm32f4_disco_ili9341/Drivers/CMSIS/Lib/GCC/libarm_cortexM4lf_math.a(arm_max_f32.o)
 .debug_abbrev  0x0000000000003f64      0x103 /Users/test/Dropbox/stm32f4_disco_ili9341/Drivers/CMSIS/Lib/GCC/libarm_cortexM4lf_math.a(arm_cfft_radix4_init_f32.o)
 .debug_abbrev  0x0000000000004067      0x182 /Users/test/Dropbox/stm32f4_disco_ili9341/Drivers/CMSIS/Lib/GCC/libarm_cortexM4lf_math.a(arm_cfft_radix4_f32.o)
 .debug_abbrev  0x00000000000041e9      0x118 /Users/test/Dropbox/stm32f4_disco_ili9341/Drivers/CMSIS/Lib/GCC/libarm_cortexM4lf_math.a(arm_cmplx_mag_f32.o)
 .debug_abbrev  0x0000000000004301       0xd7 /Users/test/Dropbox/stm32f4_disco_ili9341/Drivers/CMSIS/Lib/GCC/libarm_cortexM4lf_math.a(arm_sin_f32.o)
 .debug_abbrev  0x00000000000043d8       0x84 /Users/test/Dropbox/stm32f4_disco_ili9341/Drivers/CMSIS/Lib/GCC/libarm_cortexM4lf_math.a(arm_common_tables.o)
 .debug_abbrev  0x000000000000445c       0xcc /Users/test/Dropbox/stm32f4_disco_ili9341/Drivers/CMSIS/Lib/GCC/libarm_cortexM4lf_math.a(arm_bitreversal.o)

.debug_loc      0x0000000000000000    0x10c3b
 .debug_loc     0x0000000000000000       0xfd Drivers/STM32F4xx_HAL_Driver/Src/stm32f4xx_hal.o
 .debug_loc     0x00000000000000fd      0x5ce Drivers/STM32F4xx_HAL_Driver/Src/stm32f4xx_hal_cortex.o
 .debug_loc     0x00000000000006cb      0x497 Drivers/STM32F4xx_HAL_Driver/Src/stm32f4xx_hal_gpio.o
 .debug_loc     0x0000000000000b62      0xba8 Drivers/STM32F4xx_HAL_Driver/Src/stm32f4xx_hal_hcd.o
 .debug_loc     0x000000000000170a     0x3673 Drivers/STM32F4xx_HAL_Driver/Src/stm32f4xx_hal_i2c.o
 .debug_loc     0x0000000000004d7d      0xc17 Drivers/STM32F4xx_HAL_Driver/Src/stm32f4xx_hal_i2s.o
 .debug_loc     0x0000000000005994      0xa81 Drivers/STM32F4xx_HAL_Driver/Src/stm32f4xx_hal_i2s_ex.o
 .debug_loc     0x0000000000006415      0x3f1 Drivers/STM32F4xx_HAL_Driver/Src/stm32f4xx_hal_rcc.o
 .debug_loc     0x0000000000006806      0x2c7 Drivers/STM32F4xx_HAL_Driver/Src/stm32f4xx_hal_rcc_ex.o
 .debug_loc     0x0000000000006acd     0x19fe Drivers/STM32F4xx_HAL_Driver/Src/stm32f4xx_hal_spi.o
 .debug_loc     0x00000000000084cb     0x1e4e Drivers/STM32F4xx_HAL_Driver/Src/stm32f4xx_ll_usb.o
 .debug_loc     0x000000000000a319      0x642 Middlewares/ST/STM32_USB_Host_Library/Class/CDC/Src/usbh_cdc.o
 .debug_loc     0x000000000000a95b      0x66c Middlewares/ST/STM32_USB_Host_Library/Core/Src/usbh_core.o
 .debug_loc     0x000000000000afc7      0xbf1 Middlewares/ST/STM32_USB_Host_Library/Core/Src/usbh_ctlreq.o
 .debug_loc     0x000000000000bbb8      0x50f Middlewares/ST/STM32_USB_Host_Library/Core/Src/usbh_ioreq.o
 .debug_loc     0x000000000000c0c7      0x1be Middlewares/ST/STM32_USB_Host_Library/Core/Src/usbh_pipes.o
 .debug_loc     0x000000000000c285      0x1da Src/main.o
 .debug_loc     0x000000000000c45f      0x15c Src/stm32f4xx_hal_msp.o
 .debug_loc     0x000000000000c5bb      0x3af Src/syscalls.o
 .debug_loc     0x000000000000c96a      0x13e Src/system_stm32f4xx.o
 .debug_loc     0x000000000000caa8      0x7fe Src/usbh_conf.o
 .debug_loc     0x000000000000d2a6       0x55 Src/usbh_platform.o
 .debug_loc     0x000000000000d2fb      0x5ec ili9341/ili9341.o
 .debug_loc     0x000000000000d8e7      0x1c7 /Users/test/Dropbox/stm32f4_disco_ili9341/Drivers/CMSIS/Lib/GCC/libarm_cortexM4lf_math.a(arm_max_f32.o)
 .debug_loc     0x000000000000daae      0x2f5 /Users/test/Dropbox/stm32f4_disco_ili9341/Drivers/CMSIS/Lib/GCC/libarm_cortexM4lf_math.a(arm_cfft_radix4_init_f32.o)
 .debug_loc     0x000000000000dda3     0x22ad /Users/test/Dropbox/stm32f4_disco_ili9341/Drivers/CMSIS/Lib/GCC/libarm_cortexM4lf_math.a(arm_cfft_radix4_f32.o)
 .debug_loc     0x0000000000010050      0x753 /Users/test/Dropbox/stm32f4_disco_ili9341/Drivers/CMSIS/Lib/GCC/libarm_cortexM4lf_math.a(arm_cmplx_mag_f32.o)
 .debug_loc     0x00000000000107a3       0xc8 /Users/test/Dropbox/stm32f4_disco_ili9341/Drivers/CMSIS/Lib/GCC/libarm_cortexM4lf_math.a(arm_sin_f32.o)
 .debug_loc     0x000000000001086b      0x3d0 /Users/test/Dropbox/stm32f4_disco_ili9341/Drivers/CMSIS/Lib/GCC/libarm_cortexM4lf_math.a(arm_bitreversal.o)

.debug_aranges  0x0000000000000000     0x12a8
 .debug_aranges
                0x0000000000000000       0xf0 Drivers/STM32F4xx_HAL_Driver/Src/stm32f4xx_hal.o
 .debug_aranges
                0x00000000000000f0       0xa8 Drivers/STM32F4xx_HAL_Driver/Src/stm32f4xx_hal_cortex.o
 .debug_aranges
                0x0000000000000198       0x58 Drivers/STM32F4xx_HAL_Driver/Src/stm32f4xx_hal_gpio.o
 .debug_aranges
                0x00000000000001f0       0xf0 Drivers/STM32F4xx_HAL_Driver/Src/stm32f4xx_hal_hcd.o
 .debug_aranges
                0x00000000000002e0      0x290 Drivers/STM32F4xx_HAL_Driver/Src/stm32f4xx_hal_i2c.o
 .debug_aranges
                0x0000000000000570      0x108 Drivers/STM32F4xx_HAL_Driver/Src/stm32f4xx_hal_i2s.o
 .debug_aranges
                0x0000000000000678       0x88 Drivers/STM32F4xx_HAL_Driver/Src/stm32f4xx_hal_i2s_ex.o
 .debug_aranges
                0x0000000000000700       0x88 Drivers/STM32F4xx_HAL_Driver/Src/stm32f4xx_hal_rcc.o
 .debug_aranges
                0x0000000000000788       0x48 Drivers/STM32F4xx_HAL_Driver/Src/stm32f4xx_hal_rcc_ex.o
 .debug_aranges
                0x00000000000007d0      0x1d0 Drivers/STM32F4xx_HAL_Driver/Src/stm32f4xx_hal_spi.o
 .debug_aranges
                0x00000000000009a0      0x198 Drivers/STM32F4xx_HAL_Driver/Src/stm32f4xx_ll_usb.o
 .debug_aranges
                0x0000000000000b38       0xa8 Middlewares/ST/STM32_USB_Host_Library/Class/CDC/Src/usbh_cdc.o
 .debug_aranges
                0x0000000000000be0       0xc0 Middlewares/ST/STM32_USB_Host_Library/Core/Src/usbh_core.o
 .debug_aranges
                0x0000000000000ca0       0xa0 Middlewares/ST/STM32_USB_Host_Library/Core/Src/usbh_ctlreq.o
 .debug_aranges
                0x0000000000000d40       0x60 Middlewares/ST/STM32_USB_Host_Library/Core/Src/usbh_ioreq.o
 .debug_aranges
                0x0000000000000da0       0x40 Middlewares/ST/STM32_USB_Host_Library/Core/Src/usbh_pipes.o
 .debug_aranges
                0x0000000000000de0       0x60 Src/main.o
 .debug_aranges
                0x0000000000000e40       0x50 Src/stm32f4xx_hal_msp.o
 .debug_aranges
                0x0000000000000e90       0x68 Src/stm32f4xx_it.o
 .debug_aranges
                0x0000000000000ef8       0xb0 Src/syscalls.o
 .debug_aranges
                0x0000000000000fa8       0x28 Src/system_stm32f4xx.o
 .debug_aranges
                0x0000000000000fd0       0x30 Src/usb_host.o
 .debug_aranges
                0x0000000000001000       0xd8 Src/usbh_conf.o
 .debug_aranges
                0x00000000000010d8       0x20 Src/usbh_platform.o
 .debug_aranges
                0x00000000000010f8       0x90 ili9341/ili9341.o
 .debug_aranges
                0x0000000000001188       0x28 startup/startup_stm32f407xx.o
 .debug_aranges
                0x00000000000011b0       0x20 /Users/test/Dropbox/stm32f4_disco_ili9341/Drivers/CMSIS/Lib/GCC/libarm_cortexM4lf_math.a(arm_max_f32.o)
 .debug_aranges
                0x00000000000011d0       0x20 /Users/test/Dropbox/stm32f4_disco_ili9341/Drivers/CMSIS/Lib/GCC/libarm_cortexM4lf_math.a(arm_cfft_radix4_init_f32.o)
 .debug_aranges
                0x00000000000011f0       0x30 /Users/test/Dropbox/stm32f4_disco_ili9341/Drivers/CMSIS/Lib/GCC/libarm_cortexM4lf_math.a(arm_cfft_radix4_f32.o)
 .debug_aranges
                0x0000000000001220       0x20 /Users/test/Dropbox/stm32f4_disco_ili9341/Drivers/CMSIS/Lib/GCC/libarm_cortexM4lf_math.a(arm_cmplx_mag_f32.o)
 .debug_aranges
                0x0000000000001240       0x20 /Users/test/Dropbox/stm32f4_disco_ili9341/Drivers/CMSIS/Lib/GCC/libarm_cortexM4lf_math.a(arm_sin_f32.o)
 .debug_aranges
                0x0000000000001260       0x18 /Users/test/Dropbox/stm32f4_disco_ili9341/Drivers/CMSIS/Lib/GCC/libarm_cortexM4lf_math.a(arm_common_tables.o)
 .debug_aranges
                0x0000000000001278       0x30 /Users/test/Dropbox/stm32f4_disco_ili9341/Drivers/CMSIS/Lib/GCC/libarm_cortexM4lf_math.a(arm_bitreversal.o)

.debug_ranges   0x0000000000000000     0x12b0
 .debug_ranges  0x0000000000000000       0xe0 Drivers/STM32F4xx_HAL_Driver/Src/stm32f4xx_hal.o
 .debug_ranges  0x00000000000000e0       0xf8 Drivers/STM32F4xx_HAL_Driver/Src/stm32f4xx_hal_cortex.o
 .debug_ranges  0x00000000000001d8       0x48 Drivers/STM32F4xx_HAL_Driver/Src/stm32f4xx_hal_gpio.o
 .debug_ranges  0x0000000000000220       0xe0 Drivers/STM32F4xx_HAL_Driver/Src/stm32f4xx_hal_hcd.o
 .debug_ranges  0x0000000000000300      0x298 Drivers/STM32F4xx_HAL_Driver/Src/stm32f4xx_hal_i2c.o
 .debug_ranges  0x0000000000000598       0xf8 Drivers/STM32F4xx_HAL_Driver/Src/stm32f4xx_hal_i2s.o
 .debug_ranges  0x0000000000000690       0x90 Drivers/STM32F4xx_HAL_Driver/Src/stm32f4xx_hal_i2s_ex.o
 .debug_ranges  0x0000000000000720       0x90 Drivers/STM32F4xx_HAL_Driver/Src/stm32f4xx_hal_rcc.o
 .debug_ranges  0x00000000000007b0       0x38 Drivers/STM32F4xx_HAL_Driver/Src/stm32f4xx_hal_rcc_ex.o
 .debug_ranges  0x00000000000007e8      0x1c0 Drivers/STM32F4xx_HAL_Driver/Src/stm32f4xx_hal_spi.o
 .debug_ranges  0x00000000000009a8      0x188 Drivers/STM32F4xx_HAL_Driver/Src/stm32f4xx_ll_usb.o
 .debug_ranges  0x0000000000000b30       0x98 Middlewares/ST/STM32_USB_Host_Library/Class/CDC/Src/usbh_cdc.o
 .debug_ranges  0x0000000000000bc8       0xb0 Middlewares/ST/STM32_USB_Host_Library/Core/Src/usbh_core.o
 .debug_ranges  0x0000000000000c78       0x90 Middlewares/ST/STM32_USB_Host_Library/Core/Src/usbh_ctlreq.o
 .debug_ranges  0x0000000000000d08       0x50 Middlewares/ST/STM32_USB_Host_Library/Core/Src/usbh_ioreq.o
 .debug_ranges  0x0000000000000d58       0x30 Middlewares/ST/STM32_USB_Host_Library/Core/Src/usbh_pipes.o
 .debug_ranges  0x0000000000000d88      0x100 Src/main.o
 .debug_ranges  0x0000000000000e88       0x40 Src/stm32f4xx_hal_msp.o
 .debug_ranges  0x0000000000000ec8       0x58 Src/stm32f4xx_it.o
 .debug_ranges  0x0000000000000f20       0xa0 Src/syscalls.o
 .debug_ranges  0x0000000000000fc0       0x18 Src/system_stm32f4xx.o
 .debug_ranges  0x0000000000000fd8       0x20 Src/usb_host.o
 .debug_ranges  0x0000000000000ff8       0xc8 Src/usbh_conf.o
 .debug_ranges  0x00000000000010c0       0x10 Src/usbh_platform.o