Archive member included to satisfy reference by file (symbol)

/Applications/Ac6/SystemWorkbench.app/Contents/Eclipse/plugins/fr.ac6.mcu.externaltools.arm-none.macos64_1.17.0.201812190825/tools/compiler/bin/../lib/gcc/arm-none-eabi/7.3.1/thumb/v7e-m/fpv4-sp/hard/libgcc.a(_aeabi_uldivmod.o)
                              Drivers/STM32F4xx_HAL_Driver/Src/stm32f4xx_hal_rcc.o (__aeabi_uldivmod)
/Applications/Ac6/SystemWorkbench.app/Contents/Eclipse/plugins/fr.ac6.mcu.externaltools.arm-none.macos64_1.17.0.201812190825/tools/compiler/bin/../lib/gcc/arm-none-eabi/7.3.1/thumb/v7e-m/fpv4-sp/hard/libgcc.a(_udivmoddi4.o)
                              /Applications/Ac6/SystemWorkbench.app/Contents/Eclipse/plugins/fr.ac6.mcu.externaltools.arm-none.macos64_1.17.0.201812190825/tools/compiler/bin/../lib/gcc/arm-none-eabi/7.3.1/thumb/v7e-m/fpv4-sp/hard/libgcc.a(_aeabi_uldivmod.o) (__udivmoddi4)
/Applications/Ac6/SystemWorkbench.app/Contents/Eclipse/plugins/fr.ac6.mcu.externaltools.arm-none.macos64_1.17.0.201812190825/tools/compiler/bin/../lib/gcc/arm-none-eabi/7.3.1/thumb/v7e-m/fpv4-sp/hard/libgcc.a(_dvmd_tls.o)
                              /Applications/Ac6/SystemWorkbench.app/Contents/Eclipse/plugins/fr.ac6.mcu.externaltools.arm-none.macos64_1.17.0.201812190825/tools/compiler/bin/../lib/gcc/arm-none-eabi/7.3.1/thumb/v7e-m/fpv4-sp/hard/libgcc.a(_aeabi_uldivmod.o) (__aeabi_ldiv0)
/Applications/Ac6/SystemWorkbench.app/Contents/Eclipse/plugins/fr.ac6.mcu.externaltools.arm-none.macos64_1.17.0.201812190825/tools/compiler/bin/../lib/gcc/arm-none-eabi/7.3.1/../../../../arm-none-eabi/lib/thumb/v7e-m/fpv4-sp/hard/libc_nano.a(lib_a-errno.o)
                              Src/syscalls.o (__errno)
/Applications/Ac6/SystemWorkbench.app/Contents/Eclipse/plugins/fr.ac6.mcu.externaltools.arm-none.macos64_1.17.0.201812190825/tools/compiler/bin/../lib/gcc/arm-none-eabi/7.3.1/../../../../arm-none-eabi/lib/thumb/v7e-m/fpv4-sp/hard/libc_nano.a(lib_a-exit.o)
                              /Applications/Ac6/SystemWorkbench.app/Contents/Eclipse/plugins/fr.ac6.mcu.externaltools.arm-none.macos64_1.17.0.201812190825/tools/compiler/bin/../lib/gcc/arm-none-eabi/7.3.1/../../../../arm-none-eabi/lib/thumb/v7e-m/fpv4-sp/hard/crt0.o (exit)
/Applications/Ac6/SystemWorkbench.app/Contents/Eclipse/plugins/fr.ac6.mcu.externaltools.arm-none.macos64_1.17.0.201812190825/tools/compiler/bin/../lib/gcc/arm-none-eabi/7.3.1/../../../../arm-none-eabi/lib/thumb/v7e-m/fpv4-sp/hard/libc_nano.a(lib_a-impure.o)
                              /Applications/Ac6/SystemWorkbench.app/Contents/Eclipse/plugins/fr.ac6.mcu.externaltools.arm-none.macos64_1.17.0.201812190825/tools/compiler/bin/../lib/gcc/arm-none-eabi/7.3.1/../../../../arm-none-eabi/lib/thumb/v7e-m/fpv4-sp/hard/libc_nano.a(lib_a-exit.o) (_global_impure_ptr)
/Applications/Ac6/SystemWorkbench.app/Contents/Eclipse/plugins/fr.ac6.mcu.externaltools.arm-none.macos64_1.17.0.201812190825/tools/compiler/bin/../lib/gcc/arm-none-eabi/7.3.1/../../../../arm-none-eabi/lib/thumb/v7e-m/fpv4-sp/hard/libc_nano.a(lib_a-init.o)
                              /Applications/Ac6/SystemWorkbench.app/Contents/Eclipse/plugins/fr.ac6.mcu.externaltools.arm-none.macos64_1.17.0.201812190825/tools/compiler/bin/../lib/gcc/arm-none-eabi/7.3.1/../../../../arm-none-eabi/lib/thumb/v7e-m/fpv4-sp/hard/crt0.o (__libc_init_array)
/Applications/Ac6/SystemWorkbench.app/Contents/Eclipse/plugins/fr.ac6.mcu.externaltools.arm-none.macos64_1.17.0.201812190825/tools/compiler/bin/../lib/gcc/arm-none-eabi/7.3.1/../../../../arm-none-eabi/lib/thumb/v7e-m/fpv4-sp/hard/libc_nano.a(lib_a-malloc.o)
                              Middlewares/ST/STM32_USB_Host_Library/Class/CDC/Src/usbh_cdc.o (malloc)
/Applications/Ac6/SystemWorkbench.app/Contents/Eclipse/plugins/fr.ac6.mcu.externaltools.arm-none.macos64_1.17.0.201812190825/tools/compiler/bin/../lib/gcc/arm-none-eabi/7.3.1/../../../../arm-none-eabi/lib/thumb/v7e-m/fpv4-sp/hard/libc_nano.a(lib_a-memset.o)
                              /Applications/Ac6/SystemWorkbench.app/Contents/Eclipse/plugins/fr.ac6.mcu.externaltools.arm-none.macos64_1.17.0.201812190825/tools/compiler/bin/../lib/gcc/arm-none-eabi/7.3.1/../../../../arm-none-eabi/lib/thumb/v7e-m/fpv4-sp/hard/crt0.o (memset)
/Applications/Ac6/SystemWorkbench.app/Contents/Eclipse/plugins/fr.ac6.mcu.externaltools.arm-none.macos64_1.17.0.201812190825/tools/compiler/bin/../lib/gcc/arm-none-eabi/7.3.1/../../../../arm-none-eabi/lib/thumb/v7e-m/fpv4-sp/hard/libc_nano.a(lib_a-nano-freer.o)
                              /Applications/Ac6/SystemWorkbench.app/Contents/Eclipse/plugins/fr.ac6.mcu.externaltools.arm-none.macos64_1.17.0.201812190825/tools/compiler/bin/../lib/gcc/arm-none-eabi/7.3.1/../../../../arm-none-eabi/lib/thumb/v7e-m/fpv4-sp/hard/libc_nano.a(lib_a-malloc.o) (_free_r)
[...]
Memory Configuration

Name             Origin             Length             Attributes
RAM              0x0000000020000000 0x0000000000020000 xrw
CCMRAM           0x0000000010000000 0x0000000000010000 rw
FLASH            0x0000000008000000 0x0000000000100000 xr
*default*        0x0000000000000000 0xffffffffffffffff

Linker script and memory map

LOAD /Applications/Ac6/SystemWorkbench.app/Contents/Eclipse/plugins/fr.ac6.mcu.externaltools.arm-none.macos64_1.17.0.201812190825/tools/compiler/bin/../lib/gcc/arm-none-eabi/7.3.1/thumb/v7e-m/fpv4-sp/hard/crti.o
LOAD /Applications/Ac6/SystemWorkbench.app/Contents/Eclipse/plugins/fr.ac6.mcu.externaltools.arm-none.macos64_1.17.0.201812190825/tools/compiler/bin/../lib/gcc/arm-none-eabi/7.3.1/thumb/v7e-m/fpv4-sp/hard/crtbegin.o
LOAD /Applications/Ac6/SystemWorkbench.app/Contents/Eclipse/plugins/fr.ac6.mcu.externaltools.arm-none.macos64_1.17.0.201812190825/tools/compiler/bin/../lib/gcc/arm-none-eabi/7.3.1/../../../../arm-none-eabi/lib/thumb/v7e-m/fpv4-sp/hard/crt0.o
LOAD Drivers/STM32F4xx_HAL_Driver/Src/stm32f4xx_hal.o
LOAD Drivers/STM32F4xx_HAL_Driver/Src/stm32f4xx_hal_cortex.o
LOAD Drivers/STM32F4xx_HAL_Driver/Src/stm32f4xx_hal_dma.o
LOAD Drivers/STM32F4xx_HAL_Driver/Src/stm32f4xx_hal_dma_ex.o
LOAD Drivers/STM32F4xx_HAL_Driver/Src/stm32f4xx_hal_exti.o
LOAD Drivers/STM32F4xx_HAL_Driver/Src/stm32f4xx_hal_flash.o
LOAD Drivers/STM32F4xx_HAL_Driver/Src/stm32f4xx_hal_flash_ex.o
LOAD Drivers/STM32F4xx_HAL_Driver/Src/stm32f4xx_hal_flash_ramfunc.o
LOAD Drivers/STM32F4xx_HAL_Driver/Src/stm32f4xx_hal_gpio.o
LOAD Drivers/STM32F4xx_HAL_Driver/Src/stm32f4xx_hal_hcd.o
LOAD Drivers/STM32F4xx_HAL_Driver/Src/stm32f4xx_hal_i2c.o
LOAD Drivers/STM32F4xx_HAL_Driver/Src/stm32f4xx_hal_i2c_ex.o
LOAD Drivers/STM32F4xx_HAL_Driver/Src/stm32f4xx_hal_i2s.o
LOAD Drivers/STM32F4xx_HAL_Driver/Src/stm32f4xx_hal_i2s_ex.o
LOAD Drivers/STM32F4xx_HAL_Driver/Src/stm32f4xx_hal_pwr.o
LOAD Drivers/STM32F4xx_HAL_Driver/Src/stm32f4xx_hal_pwr_ex.o
LOAD Drivers/STM32F4xx_HAL_Driver/Src/stm32f4xx_hal_rcc.o
LOAD Drivers/STM32F4xx_HAL_Driver/Src/stm32f4xx_hal_rcc_ex.o
LOAD Drivers/STM32F4xx_HAL_Driver/Src/stm32f4xx_hal_spi.o
LOAD Drivers/STM32F4xx_HAL_Driver/Src/stm32f4xx_hal_tim.o
LOAD Drivers/STM32F4xx_HAL_Driver/Src/stm32f4xx_hal_tim_ex.o
LOAD Drivers/STM32F4xx_HAL_Driver/Src/stm32f4xx_ll_usb.o
LOAD Middlewares/ST/STM32_USB_Host_Library/Class/CDC/Src/usbh_cdc.o
LOAD Middlewares/ST/STM32_USB_Host_Library/Core/Src/usbh_core.o
LOAD Middlewares/ST/STM32_USB_Host_Library/Core/Src/usbh_ctlreq.o
LOAD Middlewares/ST/STM32_USB_Host_Library/Core/Src/usbh_ioreq.o
LOAD Middlewares/ST/STM32_USB_Host_Library/Core/Src/usbh_pipes.o
LOAD Src/main.o
LOAD Src/stm32f4xx_hal_msp.o
LOAD Src/stm32f4xx_it.o
LOAD Src/syscalls.o
LOAD Src/system_stm32f4xx.o
LOAD Src/usb_host.o
LOAD Src/usbh_conf.o
LOAD Src/usbh_platform.o
LOAD ili9341/fonts.o
LOAD ili9341/ili9341.o
LOAD startup/startup_stm32f407xx.o
LOAD /Applications/Ac6/SystemWorkbench.app/Contents/Eclipse/plugins/fr.ac6.mcu.externaltools.arm-none.macos64_1.17.0.201812190825/tools/compiler/bin/../lib/gcc/arm-none-eabi/7.3.1/../../../../arm-none-eabi/lib/thumb/v7e-m/fpv4-sp/hard/libm.a
START GROUP
LOAD /Applications/Ac6/SystemWorkbench.app/Contents/Eclipse/plugins/fr.ac6.mcu.externaltools.arm-none.macos64_1.17.0.201812190825/tools/compiler/bin/../lib/gcc/arm-none-eabi/7.3.1/thumb/v7e-m/fpv4-sp/hard/libgcc.a
LOAD /Applications/Ac6/SystemWorkbench.app/Contents/Eclipse/plugins/fr.ac6.mcu.externaltools.arm-none.macos64_1.17.0.201812190825/tools/compiler/bin/../lib/gcc/arm-none-eabi/7.3.1/../../../../arm-none-eabi/lib/thumb/v7e-m/fpv4-sp/hard/libc_nano.a
END GROUP
START GROUP
LOAD /Applications/Ac6/SystemWorkbench.app/Contents/Eclipse/plugins/fr.ac6.mcu.externaltools.arm-none.macos64_1.17.0.201812190825/tools/compiler/bin/../lib/gcc/arm-none-eabi/7.3.1/thumb/v7e-m/fpv4-sp/hard/libgcc.a
LOAD /Applications/Ac6/SystemWorkbench.app/Contents/Eclipse/plugins/fr.ac6.mcu.externaltools.arm-none.macos64_1.17.0.201812190825/tools/compiler/bin/../lib/gcc/arm-none-eabi/7.3.1/../../../../arm-none-eabi/lib/thumb/v7e-m/fpv4-sp/hard/libc_nano.a
LOAD /Applications/Ac6/SystemWorkbench.app/Contents/Eclipse/plugins/fr.ac6.mcu.externaltools.arm-none.macos64_1.17.0.201812190825/tools/compiler/bin/../lib/gcc/arm-none-eabi/7.3.1/../../../../arm-none-eabi/lib/thumb/v7e-m/fpv4-sp/hard/libnosys.a
END GROUP
START GROUP
LOAD /Applications/Ac6/SystemWorkbench.app/Contents/Eclipse/plugins/fr.ac6.mcu.externaltools.arm-none.macos64_1.17.0.201812190825/tools/compiler/bin/../lib/gcc/arm-none-eabi/7.3.1/thumb/v7e-m/fpv4-sp/hard/libgcc.a
LOAD /Applications/Ac6/SystemWorkbench.app/Contents/Eclipse/plugins/fr.ac6.mcu.externaltools.arm-none.macos64_1.17.0.201812190825/tools/compiler/bin/../lib/gcc/arm-none-eabi/7.3.1/../../../../arm-none-eabi/lib/thumb/v7e-m/fpv4-sp/hard/libc_nano.a
LOAD /Applications/Ac6/SystemWorkbench.app/Contents/Eclipse/plugins/fr.ac6.mcu.externaltools.arm-none.macos64_1.17.0.201812190825/tools/compiler/bin/../lib/gcc/arm-none-eabi/7.3.1/../../../../arm-none-eabi/lib/thumb/v7e-m/fpv4-sp/hard/libnosys.a
END GROUP
LOAD /Applications/Ac6/SystemWorkbench.app/Contents/Eclipse/plugins/fr.ac6.mcu.externaltools.arm-none.macos64_1.17.0.201812190825/tools/compiler/bin/../lib/gcc/arm-none-eabi/7.3.1/thumb/v7e-m/fpv4-sp/hard/crtend.o
LOAD /Applications/Ac6/SystemWorkbench.app/Contents/Eclipse/plugins/fr.ac6.mcu.externaltools.arm-none.macos64_1.17.0.201812190825/tools/compiler/bin/../lib/gcc/arm-none-eabi/7.3.1/thumb/v7e-m/fpv4-sp/hard/crtn.o
                0x0000000020020000                _estack = 0x20020000
                0x0000000000000200                _Min_Heap_Size = 0x200
                0x0000000000000400                _Min_Stack_Size = 0x400

.isr_vector     0x0000000008000000      0x188
                0x0000000008000000                . = ALIGN (0x4)
 *(.isr_vector)
 .isr_vector    0x0000000008000000      0x188 startup/startup_stm32f407xx.o
                0x0000000008000000                g_pfnVectors
                0x0000000008000188                . = ALIGN (0x4)

.text           0x0000000008000188     0x5074
                0x0000000008000188                . = ALIGN (0x4)
 *(.text)
 .text          0x0000000008000188       0x40 /Applications/Ac6/SystemWorkbench.app/Contents/Eclipse/plugins/fr.ac6.mcu.externaltools.arm-none.macos64_1.17.0.201812190825/tools/compiler/bin/../lib/gcc/arm-none-eabi/7.3.1/thumb/v7e-m/fpv4-sp/hard/crtbegin.o
 .text          0x00000000080001c8       0x30 /Applications/Ac6/SystemWorkbench.app/Contents/Eclipse/plugins/fr.ac6.mcu.externaltools.arm-none.macos64_1.17.0.201812190825/tools/compiler/bin/../lib/gcc/arm-none-eabi/7.3.1/thumb/v7e-m/fpv4-sp/hard/libgcc.a(_aeabi_uldivmod.o)
                0x00000000080001c8                __aeabi_uldivmod
 .text          0x00000000080001f8      0x2cc /Applications/Ac6/SystemWorkbench.app/Contents/Eclipse/plugins/fr.ac6.mcu.externaltools.arm-none.macos64_1.17.0.201812190825/tools/compiler/bin/../lib/gcc/arm-none-eabi/7.3.1/thumb/v7e-m/fpv4-sp/hard/libgcc.a(_udivmoddi4.o)
                0x00000000080001f8                __udivmoddi4
 .text          0x00000000080004c4        0x4 /Applications/Ac6/SystemWorkbench.app/Contents/Eclipse/plugins/fr.ac6.mcu.externaltools.arm-none.macos64_1.17.0.201812190825/tools/compiler/bin/../lib/gcc/arm-none-eabi/7.3.1/thumb/v7e-m/fpv4-sp/hard/libgcc.a(_dvmd_tls.o)
                0x00000000080004c4                __aeabi_ldiv0
                0x00000000080004c4                __aeabi_idiv0
 *(.text*)
 .text.HAL_InitTick
                0x00000000080004c8       0x48 Drivers/STM32F4xx_HAL_Driver/Src/stm32f4xx_hal.o
                0x00000000080004c8                HAL_InitTick
 .text.HAL_Init
                0x0000000008000510       0x34 Drivers/STM32F4xx_HAL_Driver/Src/stm32f4xx_hal.o
                0x0000000008000510                HAL_Init
 .text.HAL_IncTick
                0x0000000008000544       0x18 Drivers/STM32F4xx_HAL_Driver/Src/stm32f4xx_hal.o
                0x0000000008000544                HAL_IncTick
 .text.HAL_GetTick
                0x000000000800055c        0xc Drivers/STM32F4xx_HAL_Driver/Src/stm32f4xx_hal.o
                0x000000000800055c                HAL_GetTick
 .text.HAL_Delay
                0x0000000008000568       0x28 Drivers/STM32F4xx_HAL_Driver/Src/stm32f4xx_hal.o
                0x0000000008000568                HAL_Delay
 .text.HAL_NVIC_SetPriorityGrouping
                0x0000000008000590       0x24 Drivers/STM32F4xx_HAL_Driver/Src/stm32f4xx_hal_cortex.o
                0x0000000008000590                HAL_NVIC_SetPriorityGrouping
 .text.HAL_NVIC_SetPriority
                0x00000000080005b4       0x68 Drivers/STM32F4xx_HAL_Driver/Src/stm32f4xx_hal_cortex.o
                0x00000000080005b4                HAL_NVIC_SetPriority
 .text.HAL_NVIC_EnableIRQ
                0x000000000800061c       0x1c Drivers/STM32F4xx_HAL_Driver/Src/stm32f4xx_hal_cortex.o
                0x000000000800061c                HAL_NVIC_EnableIRQ
 .text.HAL_SYSTICK_Config
                0x0000000008000638       0x2c Drivers/STM32F4xx_HAL_Driver/Src/stm32f4xx_hal_cortex.o
                0x0000000008000638                HAL_SYSTICK_Config
 .text.HAL_GPIO_Init
                0x0000000008000664      0x1c8 Drivers/STM32F4xx_HAL_Driver/Src/stm32f4xx_hal_gpio.o
                0x0000000008000664                HAL_GPIO_Init
 .text.HAL_GPIO_DeInit
                0x000000000800082c      0x124 Drivers/STM32F4xx_HAL_Driver/Src/stm32f4xx_hal_gpio.o
                0x000000000800082c                HAL_GPIO_DeInit
 .text.HAL_GPIO_WritePin
                0x0000000008000950        0xc Drivers/STM32F4xx_HAL_Driver/Src/stm32f4xx_hal_gpio.o
                0x0000000008000950                HAL_GPIO_WritePin
 .text.HCD_RXQLVL_IRQHandler
                0x000000000800095c       0x7c Drivers/STM32F4xx_HAL_Driver/Src/stm32f4xx_hal_hcd.o
 .text.HAL_HCD_HC_Init
                0x00000000080009d8       0xa0 Drivers/STM32F4xx_HAL_Driver/Src/stm32f4xx_hal_hcd.o
                0x00000000080009d8                HAL_HCD_HC_Init
 .text.HAL_HCD_HC_Halt
                0x0000000008000a78       0x24 Drivers/STM32F4xx_HAL_Driver/Src/stm32f4xx_hal_hcd.o
                0x0000000008000a78                HAL_HCD_HC_Halt
 .text.HAL_HCD_Init
                0x0000000008000a9c       0x94 Drivers/STM32F4xx_HAL_Driver/Src/stm32f4xx_hal_hcd.o
                0x0000000008000a9c                HAL_HCD_Init
 .text.HAL_HCD_HC_SubmitRequest
                0x0000000008000b30      0x18e Drivers/STM32F4xx_HAL_Driver/Src/stm32f4xx_hal_hcd.o
                0x0000000008000b30                HAL_HCD_HC_SubmitRequest
 .text.HCD_Port_IRQHandler
                0x0000000008000cbe       0xd4 Drivers/STM32F4xx_HAL_Driver/Src/stm32f4xx_hal_hcd.o
 .text.HCD_HC_IN_IRQHandler
                0x0000000008000d92      0x2bc Drivers/STM32F4xx_HAL_Driver/Src/stm32f4xx_hal_hcd.o
 .text.HCD_HC_OUT_IRQHandler
                0x000000000800104e      0x2b4 Drivers/STM32F4xx_HAL_Driver/Src/stm32f4xx_hal_hcd.o
 .text.HAL_HCD_IRQHandler
                0x0000000008001302      0x148 Drivers/STM32F4xx_HAL_Driver/Src/stm32f4xx_hal_hcd.o
                0x0000000008001302                HAL_HCD_IRQHandler
 .text.HAL_HCD_Start
                0x000000000800144a       0x2c Drivers/STM32F4xx_HAL_Driver/Src/stm32f4xx_hal_hcd.o
                0x000000000800144a                HAL_HCD_Start
 .text.HAL_HCD_Stop
                0x0000000008001476       0x24 Drivers/STM32F4xx_HAL_Driver/Src/stm32f4xx_hal_hcd.o
                0x0000000008001476                HAL_HCD_Stop
 .text.HAL_HCD_ResetPort
                0x000000000800149a        0xa Drivers/STM32F4xx_HAL_Driver/Src/stm32f4xx_hal_hcd.o
                0x000000000800149a                HAL_HCD_ResetPort
 .text.HAL_HCD_HC_GetURBState
                0x00000000080014a4        0xe Drivers/STM32F4xx_HAL_Driver/Src/stm32f4xx_hal_hcd.o
                0x00000000080014a4                HAL_HCD_HC_GetURBState
 .text.HAL_HCD_HC_GetXferCount
                0x00000000080014b2        0xc Drivers/STM32F4xx_HAL_Driver/Src/stm32f4xx_hal_hcd.o
                0x00000000080014b2                HAL_HCD_HC_GetXferCount
 .text.HAL_HCD_GetCurrentFrame
                0x00000000080014be        0xa Drivers/STM32F4xx_HAL_Driver/Src/stm32f4xx_hal_hcd.o
                0x00000000080014be                HAL_HCD_GetCurrentFrame
 .text.HAL_HCD_GetCurrentSpeed
                0x00000000080014c8        0xa Drivers/STM32F4xx_HAL_Driver/Src/stm32f4xx_hal_hcd.o
                0x00000000080014c8                HAL_HCD_GetCurrentSpeed
 *fill*         0x00000000080014d2        0x2 
 .text.HAL_I2C_Init
                0x00000000080014d4      0x1a0 Drivers/STM32F4xx_HAL_Driver/Src/stm32f4xx_hal_i2c.o
                0x00000000080014d4                HAL_I2C_Init
 .text.HAL_I2S_Init
                0x0000000008001674      0x19c Drivers/STM32F4xx_HAL_Driver/Src/stm32f4xx_hal_i2s.o
                0x0000000008001674                HAL_I2S_Init
 .text.HAL_I2S_TxCpltCallback
                0x0000000008001810        0x2 Drivers/STM32F4xx_HAL_Driver/Src/stm32f4xx_hal_i2s.o
                0x0000000008001810                HAL_I2S_TxCpltCallback
 .text.I2S_Transmit_IT
                0x0000000008001812       0x36 Drivers/STM32F4xx_HAL_Driver/Src/stm32f4xx_hal_i2s.o
 .text.HAL_I2S_RxCpltCallback
                0x0000000008001848        0x2 Drivers/STM32F4xx_HAL_Driver/Src/stm32f4xx_hal_i2s.o
                0x0000000008001848                HAL_I2S_RxCpltCallback
 .text.I2S_Receive_IT
                0x000000000800184a       0x36 Drivers/STM32F4xx_HAL_Driver/Src/stm32f4xx_hal_i2s.o
 .text.HAL_I2S_ErrorCallback
                0x0000000008001880        0x2 Drivers/STM32F4xx_HAL_Driver/Src/stm32f4xx_hal_i2s.o
                0x0000000008001880                HAL_I2S_ErrorCallback
 .text.I2S_IRQHandler
                0x0000000008001882       0xd0 Drivers/STM32F4xx_HAL_Driver/Src/stm32f4xx_hal_i2s.o
 .text.HAL_I2SEx_TxRxCpltCallback
                0x0000000008001952        0x2 Drivers/STM32F4xx_HAL_Driver/Src/stm32f4xx_hal_i2s_ex.o
                0x0000000008001952                HAL_I2SEx_TxRxCpltCallback
 .text.I2SEx_TxISR_I2S
                0x0000000008001954       0x3a Drivers/STM32F4xx_HAL_Driver/Src/stm32f4xx_hal_i2s_ex.o
 *fill*         0x000000000800198e        0x2 
 .text.I2SEx_RxISR_I2SExt
                0x0000000008001990       0x60 Drivers/STM32F4xx_HAL_Driver/Src/stm32f4xx_hal_i2s_ex.o
 .text.I2SEx_TxISR_I2SExt
                0x00000000080019f0       0x60 Drivers/STM32F4xx_HAL_Driver/Src/stm32f4xx_hal_i2s_ex.o
 .text.I2SEx_RxISR_I2S
                0x0000000008001a50       0x3a Drivers/STM32F4xx_HAL_Driver/Src/stm32f4xx_hal_i2s_ex.o
 *fill*         0x0000000008001a8a        0x2 
 .text.HAL_I2SEx_FullDuplex_IRQHandler
                0x0000000008001a8c      0x1d8 Drivers/STM32F4xx_HAL_Driver/Src/stm32f4xx_hal_i2s_ex.o
                0x0000000008001a8c                HAL_I2SEx_FullDuplex_IRQHandler
 .text.HAL_RCC_OscConfig
                0x0000000008001c64      0x398 Drivers/STM32F4xx_HAL_Driver/Src/stm32f4xx_hal_rcc.o
                0x0000000008001c64                HAL_RCC_OscConfig
 .text.HAL_RCC_GetSysClockFreq
                0x0000000008001ffc       0xd8 Drivers/STM32F4xx_HAL_Driver/Src/stm32f4xx_hal_rcc.o
                0x0000000008001ffc                HAL_RCC_GetSysClockFreq
 .text.HAL_RCC_ClockConfig
                0x00000000080020d4      0x158 Drivers/STM32F4xx_HAL_Driver/Src/stm32f4xx_hal_rcc.o
                0x00000000080020d4                HAL_RCC_ClockConfig
 .text.HAL_RCC_GetHCLKFreq
                0x000000000800222c        0xc Drivers/STM32F4xx_HAL_Driver/Src/stm32f4xx_hal_rcc.o
                0x000000000800222c                HAL_RCC_GetHCLKFreq
 .text.HAL_RCC_GetPCLK1Freq
                0x0000000008002238       0x20 Drivers/STM32F4xx_HAL_Driver/Src/stm32f4xx_hal_rcc.o
                0x0000000008002238                HAL_RCC_GetPCLK1Freq
 .text.HAL_RCCEx_PeriphCLKConfig
                0x0000000008002258      0x154 Drivers/STM32F4xx_HAL_Driver/Src/stm32f4xx_hal_rcc_ex.o
                0x0000000008002258                HAL_RCCEx_PeriphCLKConfig
 .text.HAL_RCCEx_GetPeriphCLKFreq
                0x00000000080023ac       0x74 Drivers/STM32F4xx_HAL_Driver/Src/stm32f4xx_hal_rcc_ex.o
                0x00000000080023ac                HAL_RCCEx_GetPeriphCLKFreq
 .text.SPI_WaitFlagStateUntilTimeout
                0x0000000008002420       0x90 Drivers/STM32F4xx_HAL_Driver/Src/stm32f4xx_hal_spi.o
 .text.SPI_EndRxTxTransaction
                0x00000000080024b0       0x68 Drivers/STM32F4xx_HAL_Driver/Src/stm32f4xx_hal_spi.o
 .text.HAL_SPI_Init
                0x0000000008002518       0x80 Drivers/STM32F4xx_HAL_Driver/Src/stm32f4xx_hal_spi.o
                0x0000000008002518                HAL_SPI_Init
 .text.HAL_SPI_DeInit
                0x0000000008002598       0x2c Drivers/STM32F4xx_HAL_Driver/Src/stm32f4xx_hal_spi.o
                0x0000000008002598                HAL_SPI_DeInit
 .text.HAL_SPI_Transmit
                0x00000000080025c4      0x19a Drivers/STM32F4xx_HAL_Driver/Src/stm32f4xx_hal_spi.o
                0x00000000080025c4                HAL_SPI_Transmit
 *fill*         0x000000000800275e        0x2 
 .text.USB_CoreReset
                0x0000000008002760       0x3c Drivers/STM32F4xx_HAL_Driver/Src/stm32f4xx_ll_usb.o
 .text.USB_CoreInit
                0x000000000800279c       0x8a Drivers/STM32F4xx_HAL_Driver/Src/stm32f4xx_ll_usb.o
                0x000000000800279c                USB_CoreInit
 .text.USB_EnableGlobalInt
                0x0000000008002826        0xc Drivers/STM32F4xx_HAL_Driver/Src/stm32f4xx_ll_usb.o
                0x0000000008002826                USB_EnableGlobalInt
 .text.USB_DisableGlobalInt
                0x0000000008002832        0xc Drivers/STM32F4xx_HAL_Driver/Src/stm32f4xx_ll_usb.o
                0x0000000008002832                USB_DisableGlobalInt
 .text.USB_SetCurrentMode
                0x000000000800283e       0x30 Drivers/STM32F4xx_HAL_Driver/Src/stm32f4xx_ll_usb.o
                0x000000000800283e                USB_SetCurrentMode
 *fill*         0x000000000800286e        0x2 
 .text.USB_FlushTxFifo
                0x0000000008002870       0x28 Drivers/STM32F4xx_HAL_Driver/Src/stm32f4xx_ll_usb.o
                0x0000000008002870                USB_FlushTxFifo
 .text.USB_FlushRxFifo
                0x0000000008002898       0x24 Drivers/STM32F4xx_HAL_Driver/Src/stm32f4xx_ll_usb.o
                0x0000000008002898                USB_FlushRxFifo
 .text.USB_WritePacket
                0x00000000080028bc       0x28 Drivers/STM32F4xx_HAL_Driver/Src/stm32f4xx_ll_usb.o
                0x00000000080028bc                USB_WritePacket
 .text.USB_ReadPacket
                0x00000000080028e4       0x28 Drivers/STM32F4xx_HAL_Driver/Src/stm32f4xx_ll_usb.o
                0x00000000080028e4                USB_ReadPacket
 .text.USB_ReadInterrupts
                0x000000000800290c        0x8 Drivers/STM32F4xx_HAL_Driver/Src/stm32f4xx_ll_usb.o
                0x000000000800290c                USB_ReadInterrupts
 .text.USB_GetMode
                0x0000000008002914        0x8 Drivers/STM32F4xx_HAL_Driver/Src/stm32f4xx_ll_usb.o
                0x0000000008002914                USB_GetMode
 .text.USB_InitFSLSPClkSel
                0x000000000800291c       0x40 Drivers/STM32F4xx_HAL_Driver/Src/stm32f4xx_ll_usb.o
                0x000000000800291c                USB_InitFSLSPClkSel
 .text.USB_ResetPort
                0x000000000800295c       0x3e Drivers/STM32F4xx_HAL_Driver/Src/stm32f4xx_ll_usb.o
                0x000000000800295c                USB_ResetPort
 .text.USB_DriveVbus
                0x000000000800299a       0x46 Drivers/STM32F4xx_HAL_Driver/Src/stm32f4xx_ll_usb.o
                0x000000000800299a                USB_DriveVbus
 .text.USB_HostInit
                0x00000000080029e0       0xfc Drivers/STM32F4xx_HAL_Driver/Src/stm32f4xx_ll_usb.o
                0x00000000080029e0                USB_HostInit
 .text.USB_GetHostSpeed
                0x0000000008002adc       0x16 Drivers/STM32F4xx_HAL_Driver/Src/stm32f4xx_ll_usb.o
                0x0000000008002adc                USB_GetHostSpeed
 .text.USB_GetCurrentFrame
                0x0000000008002af2        0xa Drivers/STM32F4xx_HAL_Driver/Src/stm32f4xx_ll_usb.o
                0x0000000008002af2                USB_GetCurrentFrame
 .text.USB_HC_Init
                0x0000000008002afc      0x108 Drivers/STM32F4xx_HAL_Driver/Src/stm32f4xx_ll_usb.o
                0x0000000008002afc                USB_HC_Init
 .text.USB_HC_ReadInterrupt
                0x0000000008002c04        0xa Drivers/STM32F4xx_HAL_Driver/Src/stm32f4xx_ll_usb.o
                0x0000000008002c04                USB_HC_ReadInterrupt
 .text.USB_HC_Halt
                0x0000000008002c0e       0xd0 Drivers/STM32F4xx_HAL_Driver/Src/stm32f4xx_ll_usb.o
                0x0000000008002c0e                USB_HC_Halt
 *fill*         0x0000000008002cde        0x2 
 .text.USB_DoPing
                0x0000000008002ce0       0x24 Drivers/STM32F4xx_HAL_Driver/Src/stm32f4xx_ll_usb.o
                0x0000000008002ce0                USB_DoPing
 .text.USB_HC_StartXfer
                0x0000000008002d04      0x158 Drivers/STM32F4xx_HAL_Driver/Src/stm32f4xx_ll_usb.o
                0x0000000008002d04                USB_HC_StartXfer
 .text.USB_StopHost
                0x0000000008002e5c       0x7e Drivers/STM32F4xx_HAL_Driver/Src/stm32f4xx_ll_usb.o
                0x0000000008002e5c                USB_StopHost
 .text.USBH_CDC_SOFProcess
                0x0000000008002eda        0x4 Middlewares/ST/STM32_USB_Host_Library/Class/CDC/Src/usbh_cdc.o
 .text.SetLineCoding
                0x0000000008002ede       0x1a Middlewares/ST/STM32_USB_Host_Library/Class/CDC/Src/usbh_cdc.o
 .text.GetLineCoding
                0x0000000008002ef8       0x1a Middlewares/ST/STM32_USB_Host_Library/Class/CDC/Src/usbh_cdc.o
 .text.USBH_CDC_ClassRequest
                0x0000000008002f12       0x22 Middlewares/ST/STM32_USB_Host_Library/Class/CDC/Src/usbh_cdc.o
 .text.USBH_CDC_InterfaceDeInit
                0x0000000008002f34       0x68 Middlewares/ST/STM32_USB_Host_Library/Class/CDC/Src/usbh_cdc.o
 .text.USBH_CDC_InterfaceInit
                0x0000000008002f9c      0x160 Middlewares/ST/STM32_USB_Host_Library/Class/CDC/Src/usbh_cdc.o
 .text.USBH_CDC_TransmitCallback
                0x00000000080030fc        0x2 Middlewares/ST/STM32_USB_Host_Library/Class/CDC/Src/usbh_cdc.o
                0x00000000080030fc                USBH_CDC_TransmitCallback
 .text.CDC_ProcessTransmission
                0x00000000080030fe       0x94 Middlewares/ST/STM32_USB_Host_Library/Class/CDC/Src/usbh_cdc.o
 .text.USBH_CDC_ReceiveCallback
                0x0000000008003192        0x2 Middlewares/ST/STM32_USB_Host_Library/Class/CDC/Src/usbh_cdc.o
                0x0000000008003192                USBH_CDC_ReceiveCallback
 .text.CDC_ProcessReception
                0x0000000008003194       0x68 Middlewares/ST/STM32_USB_Host_Library/Class/CDC/Src/usbh_cdc.o
 .text.USBH_CDC_LineCodingChanged
                0x00000000080031fc        0x2 Middlewares/ST/STM32_USB_Host_Library/Class/CDC/Src/usbh_cdc.o
                0x00000000080031fc                USBH_CDC_LineCodingChanged
 .text.USBH_CDC_Process
                0x00000000080031fe       0xb8 Middlewares/ST/STM32_USB_Host_Library/Class/CDC/Src/usbh_cdc.o
 .text.DeInitStateMachine
                0x00000000080032b6       0x4a Middlewares/ST/STM32_USB_Host_Library/Core/Src/usbh_core.o
 .text.USBH_HandleSof
                0x0000000008003300       0x1a Middlewares/ST/STM32_USB_Host_Library/Core/Src/usbh_core.o
 .text.USBH_HandleEnum
                0x000000000800331a      0x16e Middlewares/ST/STM32_USB_Host_Library/Core/Src/usbh_core.o
 .text.USBH_Init
                0x0000000008003488       0x2e Middlewares/ST/STM32_USB_Host_Library/Core/Src/usbh_core.o
                0x0000000008003488                USBH_Init
 .text.USBH_RegisterClass
                0x00000000080034b6       0x24 Middlewares/ST/STM32_USB_Host_Library/Core/Src/usbh_core.o
                0x00000000080034b6                USBH_RegisterClass
 .text.USBH_SelectInterface
                0x00000000080034da       0x14 Middlewares/ST/STM32_USB_Host_Library/Core/Src/usbh_core.o
                0x00000000080034da                USBH_SelectInterface
 .text.USBH_FindInterface
                0x00000000080034ee       0x50 Middlewares/ST/STM32_USB_Host_Library/Core/Src/usbh_core.o
                0x00000000080034ee                USBH_FindInterface
 .text.USBH_Start
                0x000000000800353e       0x14 Middlewares/ST/STM32_USB_Host_Library/Core/Src/usbh_core.o
                0x000000000800353e                USBH_Start
 .text.USBH_LL_SetTimer
                0x0000000008003552        0x6 Middlewares/ST/STM32_USB_Host_Library/Core/Src/usbh_core.o
                0x0000000008003552                USBH_LL_SetTimer
 .text.USBH_LL_IncTimer
                0x0000000008003558       0x12 Middlewares/ST/STM32_USB_Host_Library/Core/Src/usbh_core.o
                0x0000000008003558                USBH_LL_IncTimer
 .text.USBH_LL_PortEnabled
                0x000000000800356a        0x8 Middlewares/ST/STM32_USB_Host_Library/Core/Src/usbh_core.o
                0x000000000800356a                USBH_LL_PortEnabled
 .text.USBH_LL_PortDisabled
                0x0000000008003572        0x8 Middlewares/ST/STM32_USB_Host_Library/Core/Src/usbh_core.o
                0x0000000008003572                USBH_LL_PortDisabled
 .text.USBH_IsPortEnabled
                0x000000000800357a        0x6 Middlewares/ST/STM32_USB_Host_Library/Core/Src/usbh_core.o
                0x000000000800357a                USBH_IsPortEnabled
 .text.USBH_Process
                0x0000000008003580      0x1ec Middlewares/ST/STM32_USB_Host_Library/Core/Src/usbh_core.o
                0x0000000008003580                USBH_Process
 .text.USBH_LL_Connect
                0x000000000800376c       0x28 Middlewares/ST/STM32_USB_Host_Library/Core/Src/usbh_core.o
                0x000000000800376c                USBH_LL_Connect
 .text.USBH_LL_Disconnect
                0x0000000008003794       0x38 Middlewares/ST/STM32_USB_Host_Library/Core/Src/usbh_core.o
                0x0000000008003794                USBH_LL_Disconnect
 .text.USBH_ParseDevDesc
                0x00000000080037cc       0x5c Middlewares/ST/STM32_USB_Host_Library/Core/Src/usbh_ctlreq.o
 .text.USBH_ParseInterfaceDesc
                0x0000000008003828       0x26 Middlewares/ST/STM32_USB_Host_Library/Core/Src/usbh_ctlreq.o
 .text.USBH_ParseEPDesc
                0x000000000800384e       0x20 Middlewares/ST/STM32_USB_Host_Library/Core/Src/usbh_ctlreq.o
 .text.USBH_ParseStringDesc
                0x000000000800386e       0x3c Middlewares/ST/STM32_USB_Host_Library/Core/Src/usbh_ctlreq.o
 .text.USBH_HandleControl
                0x00000000080038aa      0x1d0 Middlewares/ST/STM32_USB_Host_Library/Core/Src/usbh_ctlreq.o
 .text.USBH_GetNextDesc
                0x0000000008003a7a        0xe Middlewares/ST/STM32_USB_Host_Library/Core/Src/usbh_ctlreq.o
                0x0000000008003a7a                USBH_GetNextDesc
 .text.USBH_ParseCfgDesc
                0x0000000008003a88       0xc2 Middlewares/ST/STM32_USB_Host_Library/Core/Src/usbh_ctlreq.o
 .text.USBH_CtlReq
                0x0000000008003b4a       0x4e Middlewares/ST/STM32_USB_Host_Library/Core/Src/usbh_ctlreq.o
                0x0000000008003b4a                USBH_CtlReq
 .text.USBH_GetDescriptor
                0x0000000008003b98       0x3c Middlewares/ST/STM32_USB_Host_Library/Core/Src/usbh_ctlreq.o
                0x0000000008003b98                USBH_GetDescriptor
 .text.USBH_Get_DevDesc
                0x0000000008003bd4       0x32 Middlewares/ST/STM32_USB_Host_Library/Core/Src/usbh_ctlreq.o
                0x0000000008003bd4                USBH_Get_DevDesc
 .text.USBH_Get_CfgDesc
                0x0000000008003c06       0x32 Middlewares/ST/STM32_USB_Host_Library/Core/Src/usbh_ctlreq.o
                0x0000000008003c06                USBH_Get_CfgDesc
 .text.USBH_Get_StringDesc
                0x0000000008003c38       0x30 Middlewares/ST/STM32_USB_Host_Library/Core/Src/usbh_ctlreq.o
                0x0000000008003c38                USBH_Get_StringDesc
 .text.USBH_SetAddress
                0x0000000008003c68       0x22 Middlewares/ST/STM32_USB_Host_Library/Core/Src/usbh_ctlreq.o
                0x0000000008003c68                USBH_SetAddress
 .text.USBH_SetCfg
                0x0000000008003c8a       0x22 Middlewares/ST/STM32_USB_Host_Library/Core/Src/usbh_ctlreq.o
                0x0000000008003c8a                USBH_SetCfg
 .text.USBH_SetFeature
                0x0000000008003cac       0x22 Middlewares/ST/STM32_USB_Host_Library/Core/Src/usbh_ctlreq.o
                0x0000000008003cac                USBH_SetFeature
 .text.USBH_ClrFeature
                0x0000000008003cce       0x24 Middlewares/ST/STM32_USB_Host_Library/Core/Src/usbh_ctlreq.o
                0x0000000008003cce                USBH_ClrFeature
 .text.USBH_CtlSendSetup
                0x0000000008003cf2       0x22 Middlewares/ST/STM32_USB_Host_Library/Core/Src/usbh_ioreq.o
                0x0000000008003cf2                USBH_CtlSendSetup
 .text.USBH_CtlSendData
                0x0000000008003d14       0x2c Middlewares/ST/STM32_USB_Host_Library/Core/Src/usbh_ioreq.o
                0x0000000008003d14                USBH_CtlSendData
 .text.USBH_CtlReceiveData
                0x0000000008003d40       0x20 Middlewares/ST/STM32_USB_Host_Library/Core/Src/usbh_ioreq.o
                0x0000000008003d40                USBH_CtlReceiveData
 .text.USBH_BulkSendData
                0x0000000008003d60       0x2c Middlewares/ST/STM32_USB_Host_Library/Core/Src/usbh_ioreq.o
                0x0000000008003d60                USBH_BulkSendData
 .text.USBH_BulkReceiveData
                0x0000000008003d8c       0x20 Middlewares/ST/STM32_USB_Host_Library/Core/Src/usbh_ioreq.o
                0x0000000008003d8c                USBH_BulkReceiveData
 .text.USBH_GetFreePipe
                0x0000000008003dac       0x24 Middlewares/ST/STM32_USB_Host_Library/Core/Src/usbh_pipes.o
 .text.USBH_OpenPipe
                0x0000000008003dd0       0x20 Middlewares/ST/STM32_USB_Host_Library/Core/Src/usbh_pipes.o
                0x0000000008003dd0                USBH_OpenPipe
 .text.USBH_ClosePipe
                0x0000000008003df0        0xa Middlewares/ST/STM32_USB_Host_Library/Core/Src/usbh_pipes.o
                0x0000000008003df0                USBH_ClosePipe
 .text.USBH_AllocPipe
                0x0000000008003dfa       0x22 Middlewares/ST/STM32_USB_Host_Library/Core/Src/usbh_pipes.o
                0x0000000008003dfa                USBH_AllocPipe
 .text.USBH_FreePipe
                0x0000000008003e1c       0x16 Middlewares/ST/STM32_USB_Host_Library/Core/Src/usbh_pipes.o
                0x0000000008003e1c                USBH_FreePipe
 *fill*         0x0000000008003e32        0x2 
 .text.MX_SPI1_Init
                0x0000000008003e34       0x38 Src/main.o
 .text.MX_GPIO_Init
                0x0000000008003e6c      0x1a0 Src/main.o
 .text.MX_I2C1_Init
                0x000000000800400c       0x34 Src/main.o
 .text.MX_I2S3_Init
                0x0000000008004040       0x34 Src/main.o
 .text.lcd_init
                0x0000000008004074        0xc Src/main.o
                0x0000000008004074                lcd_init
 .text.lcd_loop
                0x0000000008004080      0x2c0 Src/main.o
                0x0000000008004080                lcd_loop
 .text.SystemClock_Config
                0x0000000008004340       0xb0 Src/main.o
                0x0000000008004340                SystemClock_Config
 .text.main     0x00000000080043f0       0xac Src/main.o
                0x00000000080043f0                main
 .text.Error_Handler
                0x000000000800449c        0x2 Src/main.o
                0x000000000800449c                Error_Handler
 *fill*         0x000000000800449e        0x2 
 .text.HAL_MspInit
                0x00000000080044a0       0x40 Src/stm32f4xx_hal_msp.o
                0x00000000080044a0                HAL_MspInit
 .text.HAL_I2C_MspInit
                0x00000000080044e0       0x70 Src/stm32f4xx_hal_msp.o
                0x00000000080044e0                HAL_I2C_MspInit
 .text.HAL_I2S_MspInit
                0x0000000008004550       0x98 Src/stm32f4xx_hal_msp.o
                0x0000000008004550                HAL_I2S_MspInit
 .text.HAL_SPI_MspInit
                0x00000000080045e8       0x6c Src/stm32f4xx_hal_msp.o
                0x00000000080045e8                HAL_SPI_MspInit
 .text.HAL_SPI_MspDeInit
                0x0000000008004654       0x2c Src/stm32f4xx_hal_msp.o
                0x0000000008004654                HAL_SPI_MspDeInit
 .text.NMI_Handler
                0x0000000008004680        0x2 Src/stm32f4xx_it.o
                0x0000000008004680                NMI_Handler
 .text.HardFault_Handler
                0x0000000008004682        0x2 Src/stm32f4xx_it.o
                0x0000000008004682                HardFault_Handler
 .text.MemManage_Handler
                0x0000000008004684        0x2 Src/stm32f4xx_it.o
                0x0000000008004684                MemManage_Handler
 .text.BusFault_Handler
                0x0000000008004686        0x2 Src/stm32f4xx_it.o
                0x0000000008004686                BusFault_Handler
 .text.UsageFault_Handler
                0x0000000008004688        0x2 Src/stm32f4xx_it.o
                0x0000000008004688                UsageFault_Handler
 .text.SVC_Handler
                0x000000000800468a        0x2 Src/stm32f4xx_it.o
                0x000000000800468a                SVC_Handler
 .text.DebugMon_Handler
                0x000000000800468c        0x2 Src/stm32f4xx_it.o
                0x000000000800468c                DebugMon_Handler
 .text.PendSV_Handler
                0x000000000800468e        0x2 Src/stm32f4xx_it.o
                0x000000000800468e                PendSV_Handler
 .text.SysTick_Handler
                0x0000000008004690        0x8 Src/stm32f4xx_it.o
                0x0000000008004690                SysTick_Handler
 .text.OTG_FS_IRQHandler
                0x0000000008004698       0x10 Src/stm32f4xx_it.o
                0x0000000008004698                OTG_FS_IRQHandler
 .text._sbrk    0x00000000080046a8       0x3c Src/syscalls.o
                0x00000000080046a8                _sbrk
 .text.SystemInit
                0x00000000080046e4       0x4c Src/system_stm32f4xx.o
                0x00000000080046e4                SystemInit
 .text.USBH_UserProcess
                0x0000000008004730       0x2c Src/usb_host.o
 .text.MX_USB_HOST_Init
                0x000000000800475c       0x40 Src/usb_host.o
                0x000000000800475c                MX_USB_HOST_Init
 .text.MX_USB_HOST_Process
                0x000000000800479c       0x10 Src/usb_host.o
                0x000000000800479c                MX_USB_HOST_Process
 .text.HAL_HCD_MspInit
                0x00000000080047ac       0x8c Src/usbh_conf.o
                0x00000000080047ac                HAL_HCD_MspInit
 .text.HAL_HCD_SOF_Callback
                0x0000000008004838        0xc Src/usbh_conf.o
                0x0000000008004838                HAL_HCD_SOF_Callback
 .text.HAL_HCD_Connect_Callback
                0x0000000008004844        0xc Src/usbh_conf.o
                0x0000000008004844                HAL_HCD_Connect_Callback
 .text.HAL_HCD_Disconnect_Callback
                0x0000000008004850        0xc Src/usbh_conf.o
                0x0000000008004850                HAL_HCD_Disconnect_Callback
 .text.HAL_HCD_HC_NotifyURBChange_Callback
                0x000000000800485c        0x2 Src/usbh_conf.o
                0x000000000800485c                HAL_HCD_HC_NotifyURBChange_Callback
 .text.HAL_HCD_PortEnabled_Callback
                0x000000000800485e        0xc Src/usbh_conf.o
                0x000000000800485e                HAL_HCD_PortEnabled_Callback
 .text.HAL_HCD_PortDisabled_Callback
                0x000000000800486a        0xc Src/usbh_conf.o
                0x000000000800486a                HAL_HCD_PortDisabled_Callback
 *fill*         0x0000000008004876        0x2 
 .text.USBH_LL_Init
                0x0000000008004878       0x54 Src/usbh_conf.o
                0x0000000008004878                USBH_LL_Init
 .text.USBH_LL_GetSpeed
                0x00000000080048cc       0x1c Src/usbh_conf.o
                0x00000000080048cc                USBH_LL_GetSpeed
 .text.USBH_LL_GetLastXferSize
                0x00000000080048e8        0xc Src/usbh_conf.o
                0x00000000080048e8                USBH_LL_GetLastXferSize
 .text.USBH_LL_GetURBState
                0x00000000080048f4        0xc Src/usbh_conf.o
                0x00000000080048f4                USBH_LL_GetURBState
 .text.USBH_LL_DriverVBUS
                0x0000000008004900       0x1c Src/usbh_conf.o
                0x0000000008004900                USBH_LL_DriverVBUS
 .text.USBH_LL_SetToggle
                0x000000000800491c       0x32 Src/usbh_conf.o
                0x000000000800491c                USBH_LL_SetToggle
 .text.USBH_Delay
                0x000000000800494e        0x8 Src/usbh_conf.o
                0x000000000800494e                USBH_Delay
 .text.USBH_Get_USB_Status
                0x0000000008004956       0x12 Src/usbh_conf.o
                0x0000000008004956                USBH_Get_USB_Status
 .text.USBH_LL_Start
                0x0000000008004968       0x10 Src/usbh_conf.o
                0x0000000008004968                USBH_LL_Start
 .text.USBH_LL_Stop
                0x0000000008004978       0x10 Src/usbh_conf.o
                0x0000000008004978                USBH_LL_Stop
 .text.USBH_LL_ResetPort
                0x0000000008004988       0x10 Src/usbh_conf.o
                0x0000000008004988                USBH_LL_ResetPort
 .text.USBH_LL_OpenPipe
                0x0000000008004998       0x26 Src/usbh_conf.o
                0x0000000008004998                USBH_LL_OpenPipe
 .text.USBH_LL_ClosePipe
                0x00000000080049be       0x10 Src/usbh_conf.o
                0x00000000080049be                USBH_LL_ClosePipe
 .text.USBH_LL_SubmitURB
                0x00000000080049ce       0x2a Src/usbh_conf.o
                0x00000000080049ce                USBH_LL_SubmitURB
 .text.MX_DriverVbusFS
                0x00000000080049f8       0x18 Src/usbh_platform.o
                0x00000000080049f8                MX_DriverVbusFS
 .text.ILI9341_Select
                0x0000000008004a10       0x14 ili9341/ili9341.o
 .text.ILI9341_Reset
                0x0000000008004a24       0x28 ili9341/ili9341.o
 .text.ILI9341_WriteCommand
                0x0000000008004a4c       0x30 ili9341/ili9341.o
 .text.ILI9341_WriteData
                0x0000000008004a7c       0x44 ili9341/ili9341.o
 .text.ILI9341_SetAddressWindow
                0x0000000008004ac0       0x5e ili9341/ili9341.o
 .text.ILI9341_WriteChar
                0x0000000008004b1e       0x96 ili9341/ili9341.o
 .text.ILI9341_Unselect
                0x0000000008004bb4       0x14 ili9341/ili9341.o
                0x0000000008004bb4                ILI9341_Unselect
 .text.ILI9341_Init
                0x0000000008004bc8      0x1e8 ili9341/ili9341.o
                0x0000000008004bc8                ILI9341_Init
 .text.ILI9341_DrawPixel
                0x0000000008004db0       0x44 ili9341/ili9341.o
                0x0000000008004db0                ILI9341_DrawPixel
 .text.ILI9341_WriteString
                0x0000000008004df4       0x74 ili9341/ili9341.o
                0x0000000008004df4                ILI9341_WriteString
 .text.ILI9341_FillRectangle
                0x0000000008004e68       0xa4 ili9341/ili9341.o
                0x0000000008004e68                ILI9341_FillRectangle
 .text.ILI9341_FillScreen
                0x0000000008004f0c       0x1a ili9341/ili9341.o
                0x0000000008004f0c                ILI9341_FillScreen
 .text.ILI9341_DrawImage
                0x0000000008004f26       0x58 ili9341/ili9341.o
                0x0000000008004f26                ILI9341_DrawImage
 .text.ILI9341_InvertColors
                0x0000000008004f7e       0x1a ili9341/ili9341.o
                0x0000000008004f7e                ILI9341_InvertColors
 .text.Reset_Handler
                0x0000000008004f98       0x50 startup/startup_stm32f407xx.o
                0x0000000008004f98                Reset_Handler
 .text.Default_Handler
                0x0000000008004fe8        0x2 startup/startup_stm32f407xx.o
                0x0000000008004fe8                DMA1_Stream3_IRQHandler
                0x0000000008004fe8                HASH_RNG_IRQHandler
                0x0000000008004fe8                EXTI2_IRQHandler
                0x0000000008004fe8                TIM8_CC_IRQHandler
                0x0000000008004fe8                TIM1_CC_IRQHandler
                0x0000000008004fe8                DMA2_Stream5_IRQHandler
                0x0000000008004fe8                DMA1_Stream5_IRQHandler
                0x0000000008004fe8                PVD_IRQHandler
                0x0000000008004fe8                SDIO_IRQHandler
                0x0000000008004fe8                TAMP_STAMP_IRQHandler
                0x0000000008004fe8                CAN2_RX1_IRQHandler
                0x0000000008004fe8                EXTI3_IRQHandler
                0x0000000008004fe8                TIM8_TRG_COM_TIM14_IRQHandler
                0x0000000008004fe8                TIM1_UP_TIM10_IRQHandler
                0x0000000008004fe8                TIM8_UP_TIM13_IRQHandler
                0x0000000008004fe8                I2C3_ER_IRQHandler
                0x0000000008004fe8                EXTI0_IRQHandler
                0x0000000008004fe8                I2C2_EV_IRQHandler
                0x0000000008004fe8                DMA1_Stream2_IRQHandler
                0x0000000008004fe8                CAN1_RX0_IRQHandler
                0x0000000008004fe8                FPU_IRQHandler
                0x0000000008004fe8                OTG_HS_WKUP_IRQHandler
                0x0000000008004fe8                CAN2_SCE_IRQHandler
                0x0000000008004fe8                DMA2_Stream2_IRQHandler
                0x0000000008004fe8                SPI1_IRQHandler
                0x0000000008004fe8                TIM6_DAC_IRQHandler
                0x0000000008004fe8                TIM1_BRK_TIM9_IRQHandler
                0x0000000008004fe8                DCMI_IRQHandler
                0x0000000008004fe8                CAN2_RX0_IRQHandler
                0x0000000008004fe8                DMA2_Stream3_IRQHandler
                0x0000000008004fe8                USART6_IRQHandler
                0x0000000008004fe8                USART3_IRQHandler
                0x0000000008004fe8                CAN1_RX1_IRQHandler
                0x0000000008004fe8                UART5_IRQHandler
                0x0000000008004fe8                DMA2_Stream0_IRQHandler
                0x0000000008004fe8                TIM4_IRQHandler
                0x0000000008004fe8                I2C1_EV_IRQHandler
                0x0000000008004fe8                DMA1_Stream6_IRQHandler
                0x0000000008004fe8                DMA1_Stream1_IRQHandler
                0x0000000008004fe8                UART4_IRQHandler
                0x0000000008004fe8                TIM3_IRQHandler
                0x0000000008004fe8                RCC_IRQHandler
                0x0000000008004fe8                TIM8_BRK_TIM12_IRQHandler
                0x0000000008004fe8                Default_Handler
                0x0000000008004fe8                EXTI15_10_IRQHandler
                0x0000000008004fe8                ADC_IRQHandler
                0x0000000008004fe8                DMA1_Stream7_IRQHandler
                0x0000000008004fe8                TIM7_IRQHandler
                0x0000000008004fe8                CAN2_TX_IRQHandler
                0x0000000008004fe8                TIM5_IRQHandler
                0x0000000008004fe8                DMA2_Stream7_IRQHandler
                0x0000000008004fe8                I2C3_EV_IRQHandler
                0x0000000008004fe8                EXTI9_5_IRQHandler
                0x0000000008004fe8                RTC_WKUP_IRQHandler
                0x0000000008004fe8                ETH_WKUP_IRQHandler
                0x0000000008004fe8                SPI2_IRQHandler
                0x0000000008004fe8                OTG_HS_EP1_IN_IRQHandler
                0x0000000008004fe8                DMA1_Stream0_IRQHandler
                0x0000000008004fe8                CAN1_TX_IRQHandler
                0x0000000008004fe8                EXTI4_IRQHandler
                0x0000000008004fe8                FSMC_IRQHandler
                0x0000000008004fe8                ETH_IRQHandler
                0x0000000008004fe8                OTG_HS_EP1_OUT_IRQHandler
                0x0000000008004fe8                WWDG_IRQHandler
                0x0000000008004fe8                TIM2_IRQHandler
                0x0000000008004fe8                OTG_FS_WKUP_IRQHandler
                0x0000000008004fe8                TIM1_TRG_COM_TIM11_IRQHandler
                0x0000000008004fe8                OTG_HS_IRQHandler
                0x0000000008004fe8                EXTI1_IRQHandler
                0x0000000008004fe8                USART2_IRQHandler
                0x0000000008004fe8                I2C2_ER_IRQHandler
                0x0000000008004fe8                DMA2_Stream1_IRQHandler
                0x0000000008004fe8                CAN1_SCE_IRQHandler
                0x0000000008004fe8                FLASH_IRQHandler
                0x0000000008004fe8                DMA2_Stream4_IRQHandler
                0x0000000008004fe8                USART1_IRQHandler
                0x0000000008004fe8                SPI3_IRQHandler
                0x0000000008004fe8                DMA1_Stream4_IRQHandler
                0x0000000008004fe8                I2C1_ER_IRQHandler
                0x0000000008004fe8                DMA2_Stream6_IRQHandler
                0x0000000008004fe8                RTC_Alarm_IRQHandler
 *fill*         0x0000000008004fea        0x2 
 .text.__errno  0x0000000008004fec        0xc /Applications/Ac6/SystemWorkbench.app/Contents/Eclipse/plugins/fr.ac6.mcu.externaltools.arm-none.macos64_1.17.0.201812190825/tools/compiler/bin/../lib/gcc/arm-none-eabi/7.3.1/../../../../arm-none-eabi/lib/thumb/v7e-m/fpv4-sp/hard/libc_nano.a(lib_a-errno.o)
                0x0000000008004fec                __errno
 .text.__libc_init_array
                0x0000000008004ff8       0x48 /Applications/Ac6/SystemWorkbench.app/Contents/Eclipse/plugins/fr.ac6.mcu.externaltools.arm-none.macos64_1.17.0.201812190825/tools/compiler/bin/../lib/gcc/arm-none-eabi/7.3.1/../../../../arm-none-eabi/lib/thumb/v7e-m/fpv4-sp/hard/libc_nano.a(lib_a-init.o)
                0x0000000008004ff8                __libc_init_array
 .text.malloc   0x0000000008005040       0x10 /Applications/Ac6/SystemWorkbench.app/Contents/Eclipse/plugins/fr.ac6.mcu.externaltools.arm-none.macos64_1.17.0.201812190825/tools/compiler/bin/../lib/gcc/arm-none-eabi/7.3.1/../../../../arm-none-eabi/lib/thumb/v7e-m/fpv4-sp/hard/libc_nano.a(lib_a-malloc.o)
                0x0000000008005040                malloc
 .text.free     0x0000000008005050       0x10 /Applications/Ac6/SystemWorkbench.app/Contents/Eclipse/plugins/fr.ac6.mcu.externaltools.arm-none.macos64_1.17.0.201812190825/tools/compiler/bin/../lib/gcc/arm-none-eabi/7.3.1/../../../../arm-none-eabi/lib/thumb/v7e-m/fpv4-sp/hard/libc_nano.a(lib_a-malloc.o)
                0x0000000008005050                free
 .text.memset   0x0000000008005060       0x10 /Applications/Ac6/SystemWorkbench.app/Contents/Eclipse/plugins/fr.ac6.mcu.externaltools.arm-none.macos64_1.17.0.201812190825/tools/compiler/bin/../lib/gcc/arm-none-eabi/7.3.1/../../../../arm-none-eabi/lib/thumb/v7e-m/fpv4-sp/hard/libc_nano.a(lib_a-memset.o)
                0x0000000008005060                memset
 .text._free_r  0x0000000008005070       0x9c /Applications/Ac6/SystemWorkbench.app/Contents/Eclipse/plugins/fr.ac6.mcu.externaltools.arm-none.macos64_1.17.0.201812190825/tools/compiler/bin/../lib/gcc/arm-none-eabi/7.3.1/../../../../arm-none-eabi/lib/thumb/v7e-m/fpv4-sp/hard/libc_nano.a(lib_a-nano-freer.o)
                0x0000000008005070                _free_r
 .text._malloc_r
                0x000000000800510c       0xb4 /Applications/Ac6/SystemWorkbench.app/Contents/Eclipse/plugins/fr.ac6.mcu.externaltools.arm-none.macos64_1.17.0.201812190825/tools/compiler/bin/../lib/gcc/arm-none-eabi/7.3.1/../../../../arm-none-eabi/lib/thumb/v7e-m/fpv4-sp/hard/libc_nano.a(lib_a-nano-mallocr.o)
                0x000000000800510c                _malloc_r
 .text._sbrk_r  0x00000000080051c0       0x20 /Applications/Ac6/SystemWorkbench.app/Contents/Eclipse/plugins/fr.ac6.mcu.externaltools.arm-none.macos64_1.17.0.201812190825/tools/compiler/bin/../lib/gcc/arm-none-eabi/7.3.1/../../../../arm-none-eabi/lib/thumb/v7e-m/fpv4-sp/hard/libc_nano.a(lib_a-sbrkr.o)
                0x00000000080051c0                _sbrk_r
 .text.__malloc_lock
                0x00000000080051e0        0x2 /Applications/Ac6/SystemWorkbench.app/Contents/Eclipse/plugins/fr.ac6.mcu.externaltools.arm-none.macos64_1.17.0.201812190825/tools/compiler/bin/../lib/gcc/arm-none-eabi/7.3.1/../../../../arm-none-eabi/lib/thumb/v7e-m/fpv4-sp/hard/libc_nano.a(lib_a-mlock.o)
                0x00000000080051e0                __malloc_lock
 .text.__malloc_unlock
                0x00000000080051e2        0x2 /Applications/Ac6/SystemWorkbench.app/Contents/Eclipse/plugins/fr.ac6.mcu.externaltools.arm-none.macos64_1.17.0.201812190825/tools/compiler/bin/../lib/gcc/arm-none-eabi/7.3.1/../../../../arm-none-eabi/lib/thumb/v7e-m/fpv4-sp/hard/libc_nano.a(lib_a-mlock.o)
                0x00000000080051e2                __malloc_unlock
 *(.glue_7)
 .glue_7        0x00000000080051e4        0x0 linker stubs
 *(.glue_7t)
 .glue_7t       0x00000000080051e4        0x0 linker stubs
 *(.eh_frame)
 .eh_frame      0x00000000080051e4        0x0 /Applications/Ac6/SystemWorkbench.app/Contents/Eclipse/plugins/fr.ac6.mcu.externaltools.arm-none.macos64_1.17.0.201812190825/tools/compiler/bin/../lib/gcc/arm-none-eabi/7.3.1/thumb/v7e-m/fpv4-sp/hard/crtbegin.o
 *(.init)
 .init          0x00000000080051e4        0x4 /Applications/Ac6/SystemWorkbench.app/Contents/Eclipse/plugins/fr.ac6.mcu.externaltools.arm-none.macos64_1.17.0.201812190825/tools/compiler/bin/../lib/gcc/arm-none-eabi/7.3.1/thumb/v7e-m/fpv4-sp/hard/crti.o
                0x00000000080051e4                _init
 .init          0x00000000080051e8        0x8 /Applications/Ac6/SystemWorkbench.app/Contents/Eclipse/plugins/fr.ac6.mcu.externaltools.arm-none.macos64_1.17.0.201812190825/tools/compiler/bin/../lib/gcc/arm-none-eabi/7.3.1/thumb/v7e-m/fpv4-sp/hard/crtn.o
 *(.fini)
 .fini          0x00000000080051f0        0x4 /Applications/Ac6/SystemWorkbench.app/Contents/Eclipse/plugins/fr.ac6.mcu.externaltools.arm-none.macos64_1.17.0.201812190825/tools/compiler/bin/../lib/gcc/arm-none-eabi/7.3.1/thumb/v7e-m/fpv4-sp/hard/crti.o
                0x00000000080051f0                _fini
 .fini          0x00000000080051f4        0x8 /Applications/Ac6/SystemWorkbench.app/Contents/Eclipse/plugins/fr.ac6.mcu.externaltools.arm-none.macos64_1.17.0.201812190825/tools/compiler/bin/../lib/gcc/arm-none-eabi/7.3.1/thumb/v7e-m/fpv4-sp/hard/crtn.o
                0x00000000080051fc                . = ALIGN (0x4)
                0x00000000080051fc                _etext = .

.vfp11_veneer   0x00000000080051fc        0x0
 .vfp11_veneer  0x00000000080051fc        0x0 linker stubs

.v4_bx          0x00000000080051fc        0x0
 .v4_bx         0x00000000080051fc        0x0 linker stubs

.iplt           0x00000000080051fc        0x0
 .iplt          0x00000000080051fc        0x0 /Applications/Ac6/SystemWorkbench.app/Contents/Eclipse/plugins/fr.ac6.mcu.externaltools.arm-none.macos64_1.17.0.201812190825/tools/compiler/bin/../lib/gcc/arm-none-eabi/7.3.1/thumb/v7e-m/fpv4-sp/hard/crtbegin.o

.rodata         0x00000000080051fc    0x1eb5c
                0x00000000080051fc                . = ALIGN (0x4)
 *(.rodata)
 .rodata        0x00000000080051fc    0x1c200 Src/main.o
                0x00000000080051fc                test_img_240x240
 .rodata        0x00000000080213fc       0x18 Src/system_stm32f4xx.o
                0x00000000080213fc                AHBPrescTable
                0x000000000802140c                APBPrescTable
 .rodata        0x0000000008021414     0x2814 ili9341/fonts.o
 .rodata        0x0000000008023c28       0x3b ili9341/ili9341.o
 *(.rodata*)
 *fill*         0x0000000008023c63        0x1 
 .rodata.str1.4
                0x0000000008023c64        0x4 Middlewares/ST/STM32_USB_Host_Library/Class/CDC/Src/usbh_cdc.o
 .rodata.str1.4
                0x0000000008023c68       0xf0 Src/main.o
                0x0000000008023d58                . = ALIGN (0x4)

.ARM.extab
 *(.ARM.extab* .gnu.linkonce.armextab.*)

.ARM            0x0000000008023d58        0x8
                0x0000000008023d58                __exidx_start = .
 *(.ARM.exidx*)
 .ARM.exidx     0x0000000008023d58        0x8 /Applications/Ac6/SystemWorkbench.app/Contents/Eclipse/plugins/fr.ac6.mcu.externaltools.arm-none.macos64_1.17.0.201812190825/tools/compiler/bin/../lib/gcc/arm-none-eabi/7.3.1/thumb/v7e-m/fpv4-sp/hard/libgcc.a(_udivmoddi4.o)
                0x0000000008023d60                __exidx_end = .

.rel.dyn        0x0000000008023d60        0x0
 .rel.iplt      0x0000000008023d60        0x0 /Applications/Ac6/SystemWorkbench.app/Contents/Eclipse/plugins/fr.ac6.mcu.externaltools.arm-none.macos64_1.17.0.201812190825/tools/compiler/bin/../lib/gcc/arm-none-eabi/7.3.1/thumb/v7e-m/fpv4-sp/hard/crtbegin.o

.preinit_array  0x0000000008023d60        0x0
                0x0000000008023d60                PROVIDE (__preinit_array_start = .)
 *(.preinit_array*)
                0x0000000008023d60                PROVIDE (__preinit_array_end = .)

.init_array     0x0000000008023d60        0x4
                0x0000000008023d60                PROVIDE (__init_array_start = .)
 *(SORT_BY_NAME(.init_array.*))
 *(.init_array*)
 .init_array    0x0000000008023d60        0x4 /Applications/Ac6/SystemWorkbench.app/Contents/Eclipse/plugins/fr.ac6.mcu.externaltools.arm-none.macos64_1.17.0.201812190825/tools/compiler/bin/../lib/gcc/arm-none-eabi/7.3.1/thumb/v7e-m/fpv4-sp/hard/crtbegin.o
                0x0000000008023d64                PROVIDE (__init_array_end = .)

.fini_array     0x0000000008023d64        0x4
                [!provide]                        PROVIDE (__fini_array_start = .)
 *(SORT_BY_NAME(.fini_array.*))
 *(.fini_array*)
 .fini_array    0x0000000008023d64        0x4 /Applications/Ac6/SystemWorkbench.app/Contents/Eclipse/plugins/fr.ac6.mcu.externaltools.arm-none.macos64_1.17.0.201812190825/tools/compiler/bin/../lib/gcc/arm-none-eabi/7.3.1/thumb/v7e-m/fpv4-sp/hard/crtbegin.o
                [!provide]                        PROVIDE (__fini_array_end = .)
                0x0000000008023d68                _sidata = LOADADDR (.data)

.data           0x0000000020000000       0xa8 load address 0x0000000008023d68
                0x0000000020000000                . = ALIGN (0x4)
                0x0000000020000000                _sdata = .
 *(.data)
 .data          0x0000000020000000        0x8 Drivers/STM32F4xx_HAL_Driver/Src/stm32f4xx_hal.o
                0x0000000020000000                uwTickFreq
                0x0000000020000004                uwTickPrio
 .data          0x0000000020000008       0x20 Middlewares/ST/STM32_USB_Host_Library/Class/CDC/Src/usbh_cdc.o
                0x0000000020000008                CDC_Class
 .data          0x0000000020000028        0x4 Src/system_stm32f4xx.o
                0x0000000020000028                SystemCoreClock
 .data          0x000000002000002c       0x18 ili9341/fonts.o
                0x000000002000002c                Font_16x26
                0x0000000020000034                Font_11x18
                0x000000002000003c                Font_7x10
 *(.data*)
 .data._impure_ptr
                0x0000000020000044        0x4 /Applications/Ac6/SystemWorkbench.app/Contents/Eclipse/plugins/fr.ac6.mcu.externaltools.arm-none.macos64_1.17.0.201812190825/tools/compiler/bin/../lib/gcc/arm-none-eabi/7.3.1/../../../../arm-none-eabi/lib/thumb/v7e-m/fpv4-sp/hard/libc_nano.a(lib_a-impure.o)
                0x0000000020000044                _impure_ptr
 .data.impure_data
                0x0000000020000048       0x60 /Applications/Ac6/SystemWorkbench.app/Contents/Eclipse/plugins/fr.ac6.mcu.externaltools.arm-none.macos64_1.17.0.201812190825/tools/compiler/bin/../lib/gcc/arm-none-eabi/7.3.1/../../../../arm-none-eabi/lib/thumb/v7e-m/fpv4-sp/hard/libc_nano.a(lib_a-impure.o)
                0x00000000200000a8                . = ALIGN (0x4)
                0x00000000200000a8                _edata = .
                0x0000000008023e10                _siccmram = LOADADDR (.ccmram)

.igot.plt       0x00000000200000a8        0x0 load address 0x0000000008023e10
 .igot.plt      0x00000000200000a8        0x0 /Applications/Ac6/SystemWorkbench.app/Contents/Eclipse/plugins/fr.ac6.mcu.externaltools.arm-none.macos64_1.17.0.201812190825/tools/compiler/bin/../lib/gcc/arm-none-eabi/7.3.1/thumb/v7e-m/fpv4-sp/hard/crtbegin.o

.ccmram         0x0000000010000000        0x0 load address 0x0000000008023e10
                0x0000000010000000                . = ALIGN (0x4)
                0x0000000010000000                _sccmram = .
 *(.ccmram)
 *(.ccmram*)
                0x0000000010000000                . = ALIGN (0x4)
                0x0000000010000000                _eccmram = .
                0x0000000010000000                . = ALIGN (0x4)

.bss            0x00000000200000a8      0x7c0
                0x00000000200000a8                _sbss = .
                0x00000000200000a8                __bss_start__ = _sbss
 *(.bss)
 .bss           0x00000000200000a8       0x1c /Applications/Ac6/SystemWorkbench.app/Contents/Eclipse/plugins/fr.ac6.mcu.externaltools.arm-none.macos64_1.17.0.201812190825/tools/compiler/bin/../lib/gcc/arm-none-eabi/7.3.1/thumb/v7e-m/fpv4-sp/hard/crtbegin.o
 .bss           0x00000000200000c4        0x4 Drivers/STM32F4xx_HAL_Driver/Src/stm32f4xx_ll_usb.o
 .bss           0x00000000200000c8        0x8 Src/syscalls.o
                0x00000000200000cc                __env
 .bss           0x00000000200000d0        0x1 Src/usb_host.o
                0x00000000200000d0                Appli_state
 *(.bss*)
 *fill*         0x00000000200000d1        0x3 
 .bss.__malloc_free_list
                0x00000000200000d4        0x4 /Applications/Ac6/SystemWorkbench.app/Contents/Eclipse/plugins/fr.ac6.mcu.externaltools.arm-none.macos64_1.17.0.201812190825/tools/compiler/bin/../lib/gcc/arm-none-eabi/7.3.1/../../../../arm-none-eabi/lib/thumb/v7e-m/fpv4-sp/hard/libc_nano.a(lib_a-nano-mallocr.o)
                0x00000000200000d4                __malloc_free_list
 .bss.__malloc_sbrk_start
                0x00000000200000d8        0x4 /Applications/Ac6/SystemWorkbench.app/Contents/Eclipse/plugins/fr.ac6.mcu.externaltools.arm-none.macos64_1.17.0.201812190825/tools/compiler/bin/../lib/gcc/arm-none-eabi/7.3.1/../../../../arm-none-eabi/lib/thumb/v7e-m/fpv4-sp/hard/libc_nano.a(lib_a-nano-mallocr.o)
                0x00000000200000d8                __malloc_sbrk_start
 *(COMMON)
 COMMON         0x00000000200000dc        0x4 Drivers/STM32F4xx_HAL_Driver/Src/stm32f4xx_hal.o
                0x00000000200000dc                uwTick
 COMMON         0x00000000200000e0       0xf4 Src/main.o
                0x00000000200000e0                hi2c1
                0x0000000020000134                hspi1
                0x000000002000018c                hi2s3
 COMMON         0x00000000200001d4      0x3cc Src/usb_host.o
                0x00000000200001d4                hUsbHostFS
 COMMON         0x00000000200005a0      0x2c4 Src/usbh_conf.o
                0x00000000200005a0                hhcd_USB_OTG_FS
 COMMON         0x0000000020000864        0x4 /Applications/Ac6/SystemWorkbench.app/Contents/Eclipse/plugins/fr.ac6.mcu.externaltools.arm-none.macos64_1.17.0.201812190825/tools/compiler/bin/../lib/gcc/arm-none-eabi/7.3.1/../../../../arm-none-eabi/lib/thumb/v7e-m/fpv4-sp/hard/libc_nano.a(lib_a-reent.o)
                0x0000000020000864                errno
                0x0000000020000868                . = ALIGN (0x4)
                0x0000000020000868                _ebss = .
                0x0000000020000868                __bss_end__ = _ebss

._user_heap_stack
                0x0000000020000868      0x600
                0x0000000020000868                . = ALIGN (0x8)
                0x0000000020000868                PROVIDE (end = .)
                [!provide]                        PROVIDE (_end = .)
                0x0000000020000a68                . = (. + _Min_Heap_Size)
 *fill*         0x0000000020000868      0x200 
                0x0000000020000e68                . = (. + _Min_Stack_Size)
 *fill*         0x0000000020000a68      0x400 
                0x0000000020000e68                . = ALIGN (0x8)

/DISCARD/
 libc.a(*)
 libm.a(*)
 libgcc.a(*)

.ARM.attributes
                0x0000000000000000       0x30
 *(.ARM.attributes)
 .ARM.attributes
                0x0000000000000000       0x22 /Applications/Ac6/SystemWorkbench.app/Contents/Eclipse/plugins/fr.ac6.mcu.externaltools.arm-none.macos64_1.17.0.201812190825/tools/compiler/bin/../lib/gcc/arm-none-eabi/7.3.1/thumb/v7e-m/fpv4-sp/hard/crti.o
 .ARM.attributes
                0x0000000000000022       0x34 /Applications/Ac6/SystemWorkbench.app/Contents/Eclipse/plugins/fr.ac6.mcu.externaltools.arm-none.macos64_1.17.0.201812190825/tools/compiler/bin/../lib/gcc/arm-none-eabi/7.3.1/thumb/v7e-m/fpv4-sp/hard/crtbegin.o
 .ARM.attributes
                0x0000000000000056       0x39 Drivers/STM32F4xx_HAL_Driver/Src/stm32f4xx_hal.o
 .ARM.attributes
                0x000000000000008f       0x39 Drivers/STM32F4xx_HAL_Driver/Src/stm32f4xx_hal_cortex.o
 .ARM.attributes
                0x00000000000000c8       0x39 Drivers/STM32F4xx_HAL_Driver/Src/stm32f4xx_hal_gpio.o
 .ARM.attributes
                0x0000000000000101       0x39 Drivers/STM32F4xx_HAL_Driver/Src/stm32f4xx_hal_hcd.o
 .ARM.attributes
                0x000000000000013a       0x39 Drivers/STM32F4xx_HAL_Driver/Src/stm32f4xx_hal_i2c.o
 .ARM.attributes
                0x0000000000000173       0x39 Drivers/STM32F4xx_HAL_Driver/Src/stm32f4xx_hal_i2s.o
 .ARM.attributes
                0x00000000000001ac       0x39 Drivers/STM32F4xx_HAL_Driver/Src/stm32f4xx_hal_i2s_ex.o
 .ARM.attributes
                0x00000000000001e5       0x39 Drivers/STM32F4xx_HAL_Driver/Src/stm32f4xx_hal_rcc.o
 .ARM.attributes
                0x000000000000021e       0x39 Drivers/STM32F4xx_HAL_Driver/Src/stm32f4xx_hal_rcc_ex.o
 .ARM.attributes
                0x0000000000000257       0x39 Drivers/STM32F4xx_HAL_Driver/Src/stm32f4xx_hal_spi.o
 .ARM.attributes
                0x0000000000000290       0x39 Drivers/STM32F4xx_HAL_Driver/Src/stm32f4xx_ll_usb.o
 .ARM.attributes
                0x00000000000002c9       0x39 Middlewares/ST/STM32_USB_Host_Library/Class/CDC/Src/usbh_cdc.o
 .ARM.attributes
                0x0000000000000302       0x39 Middlewares/ST/STM32_USB_Host_Library/Core/Src/usbh_core.o
 .ARM.attributes
                0x000000000000033b       0x39 Middlewares/ST/STM32_USB_Host_Library/Core/Src/usbh_ctlreq.o
 .ARM.attributes
                0x0000000000000374       0x39 Middlewares/ST/STM32_USB_Host_Library/Core/Src/usbh_ioreq.o
 .ARM.attributes
                0x00000000000003ad       0x39 Middlewares/ST/STM32_USB_Host_Library/Core/Src/usbh_pipes.o
 .ARM.attributes
                0x00000000000003e6       0x39 Src/main.o
 .ARM.attributes
                0x000000000000041f       0x39 Src/stm32f4xx_hal_msp.o
 .ARM.attributes
                0x0000000000000458       0x39 Src/stm32f4xx_it.o
 .ARM.attributes
                0x0000000000000491       0x39 Src/syscalls.o
 .ARM.attributes
                0x00000000000004ca       0x39 Src/system_stm32f4xx.o
 .ARM.attributes
                0x0000000000000503       0x39 Src/usb_host.o
 .ARM.attributes
                0x000000000000053c       0x39 Src/usbh_conf.o
 .ARM.attributes
                0x0000000000000575       0x39 Src/usbh_platform.o
 .ARM.attributes
                0x00000000000005ae       0x39 ili9341/fonts.o
 .ARM.attributes
                0x00000000000005e7       0x39 ili9341/ili9341.o
 .ARM.attributes
                0x0000000000000620       0x21 startup/startup_stm32f407xx.o
 .ARM.attributes
                0x0000000000000641       0x22 /Applications/Ac6/SystemWorkbench.app/Contents/Eclipse/plugins/fr.ac6.mcu.externaltools.arm-none.macos64_1.17.0.201812190825/tools/compiler/bin/../lib/gcc/arm-none-eabi/7.3.1/thumb/v7e-m/fpv4-sp/hard/libgcc.a(_aeabi_uldivmod.o)
 .ARM.attributes
                0x0000000000000663       0x34 /Applications/Ac6/SystemWorkbench.app/Contents/Eclipse/plugins/fr.ac6.mcu.externaltools.arm-none.macos64_1.17.0.201812190825/tools/compiler/bin/../lib/gcc/arm-none-eabi/7.3.1/thumb/v7e-m/fpv4-sp/hard/libgcc.a(_udivmoddi4.o)
 .ARM.attributes
                0x0000000000000697       0x22 /Applications/Ac6/SystemWorkbench.app/Contents/Eclipse/plugins/fr.ac6.mcu.externaltools.arm-none.macos64_1.17.0.201812190825/tools/compiler/bin/../lib/gcc/arm-none-eabi/7.3.1/thumb/v7e-m/fpv4-sp/hard/libgcc.a(_dvmd_tls.o)
 .ARM.attributes
                0x00000000000006b9       0x34 /Applications/Ac6/SystemWorkbench.app/Contents/Eclipse/plugins/fr.ac6.mcu.externaltools.arm-none.macos64_1.17.0.201812190825/tools/compiler/bin/../lib/gcc/arm-none-eabi/7.3.1/../../../../arm-none-eabi/lib/thumb/v7e-m/fpv4-sp/hard/libc_nano.a(lib_a-errno.o)
 .ARM.attributes
                0x00000000000006ed       0x34 /Applications/Ac6/SystemWorkbench.app/Contents/Eclipse/plugins/fr.ac6.mcu.externaltools.arm-none.macos64_1.17.0.201812190825/tools/compiler/bin/../lib/gcc/arm-none-eabi/7.3.1/../../../../arm-none-eabi/lib/thumb/v7e-m/fpv4-sp/hard/libc_nano.a(lib_a-impure.o)
 .ARM.attributes
                0x0000000000000721       0x34 /Applications/Ac6/SystemWorkbench.app/Contents/Eclipse/plugins/fr.ac6.mcu.externaltools.arm-none.macos64_1.17.0.201812190825/tools/compiler/bin/../lib/gcc/arm-none-eabi/7.3.1/../../../../arm-none-eabi/lib/thumb/v7e-m/fpv4-sp/hard/libc_nano.a(lib_a-init.o)
 .ARM.attributes
                0x0000000000000755       0x34 /Applications/Ac6/SystemWorkbench.app/Contents/Eclipse/plugins/fr.ac6.mcu.externaltools.arm-none.macos64_1.17.0.201812190825/tools/compiler/bin/../lib/gcc/arm-none-eabi/7.3.1/../../../../arm-none-eabi/lib/thumb/v7e-m/fpv4-sp/hard/libc_nano.a(lib_a-malloc.o)
 .ARM.attributes
                0x0000000000000789       0x34 /Applications/Ac6/SystemWorkbench.app/Contents/Eclipse/plugins/fr.ac6.mcu.externaltools.arm-none.macos64_1.17.0.201812190825/tools/compiler/bin/../lib/gcc/arm-none-eabi/7.3.1/../../../../arm-none-eabi/lib/thumb/v7e-m/fpv4-sp/hard/libc_nano.a(lib_a-memset.o)
 .ARM.attributes
                0x00000000000007bd       0x34 /Applications/Ac6/SystemWorkbench.app/Contents/Eclipse/plugins/fr.ac6.mcu.externaltools.arm-none.macos64_1.17.0.201812190825/tools/compiler/bin/../lib/gcc/arm-none-eabi/7.3.1/../../../../arm-none-eabi/lib/thumb/v7e-m/fpv4-sp/hard/libc_nano.a(lib_a-nano-freer.o)
 .ARM.attributes
                0x00000000000007f1       0x34 /Applications/Ac6/SystemWorkbench.app/Contents/Eclipse/plugins/fr.ac6.mcu.externaltools.arm-none.macos64_1.17.0.201812190825/tools/compiler/bin/../lib/gcc/arm-none-eabi/7.3.1/../../../../arm-none-eabi/lib/thumb/v7e-m/fpv4-sp/hard/libc_nano.a(lib_a-nano-mallocr.o)
 .ARM.attributes
                0x0000000000000825       0x34 /Applications/Ac6/SystemWorkbench.app/Contents/Eclipse/plugins/fr.ac6.mcu.externaltools.arm-none.macos64_1.17.0.201812190825/tools/compiler/bin/../lib/gcc/arm-none-eabi/7.3.1/../../../../arm-none-eabi/lib/thumb/v7e-m/fpv4-sp/hard/libc_nano.a(lib_a-sbrkr.o)
 .ARM.attributes
                0x0000000000000859       0x34 /Applications/Ac6/SystemWorkbench.app/Contents/Eclipse/plugins/fr.ac6.mcu.externaltools.arm-none.macos64_1.17.0.201812190825/tools/compiler/bin/../lib/gcc/arm-none-eabi/7.3.1/../../../../arm-none-eabi/lib/thumb/v7e-m/fpv4-sp/hard/libc_nano.a(lib_a-mlock.o)
 .ARM.attributes
                0x000000000000088d       0x34 /Applications/Ac6/SystemWorkbench.app/Contents/Eclipse/plugins/fr.ac6.mcu.externaltools.arm-none.macos64_1.17.0.201812190825/tools/compiler/bin/../lib/gcc/arm-none-eabi/7.3.1/../../../../arm-none-eabi/lib/thumb/v7e-m/fpv4-sp/hard/libc_nano.a(lib_a-reent.o)
 .ARM.attributes
                0x00000000000008c1       0x22 /Applications/Ac6/SystemWorkbench.app/Contents/Eclipse/plugins/fr.ac6.mcu.externaltools.arm-none.macos64_1.17.0.201812190825/tools/compiler/bin/../lib/gcc/arm-none-eabi/7.3.1/thumb/v7e-m/fpv4-sp/hard/crtn.o
OUTPUT(ili9341_stm32f407_test.elf elf32-littlearm)

.debug_info     0x0000000000000000    0x1de72
 .debug_info    0x0000000000000000      0x9cc Drivers/STM32F4xx_HAL_Driver/Src/stm32f4xx_hal.o
 .debug_info    0x00000000000009cc      0xf3a Drivers/STM32F4xx_HAL_Driver/Src/stm32f4xx_hal_cortex.o
 .debug_info    0x0000000000001906      0x770 Drivers/STM32F4xx_HAL_Driver/Src/stm32f4xx_hal_gpio.o
 .debug_info    0x0000000000002076     0x1276 Drivers/STM32F4xx_HAL_Driver/Src/stm32f4xx_hal_hcd.o
 .debug_info    0x00000000000032ec     0x327d Drivers/STM32F4xx_HAL_Driver/Src/stm32f4xx_hal_i2c.o
 .debug_info    0x0000000000006569      0xf8d Drivers/STM32F4xx_HAL_Driver/Src/stm32f4xx_hal_i2s.o
 .debug_info    0x00000000000074f6      0xd99 Drivers/STM32F4xx_HAL_Driver/Src/stm32f4xx_hal_i2s_ex.o
 .debug_info    0x000000000000828f      0xa39 Drivers/STM32F4xx_HAL_Driver/Src/stm32f4xx_hal_rcc.o
 .debug_info    0x0000000000008cc8      0x669 Drivers/STM32F4xx_HAL_Driver/Src/stm32f4xx_hal_rcc_ex.o
 .debug_info    0x0000000000009331     0x1ba9 Drivers/STM32F4xx_HAL_Driver/Src/stm32f4xx_hal_spi.o
 .debug_info    0x000000000000aeda     0x1b1d Drivers/STM32F4xx_HAL_Driver/Src/stm32f4xx_ll_usb.o
 .debug_info    0x000000000000c9f7     0x1e41 Middlewares/ST/STM32_USB_Host_Library/Class/CDC/Src/usbh_cdc.o
 .debug_info    0x000000000000e838     0x1b6e Middlewares/ST/STM32_USB_Host_Library/Core/Src/usbh_core.o
 .debug_info    0x00000000000103a6     0x1a33 Middlewares/ST/STM32_USB_Host_Library/Core/Src/usbh_ctlreq.o
 .debug_info    0x0000000000011dd9     0x1661 Middlewares/ST/STM32_USB_Host_Library/Core/Src/usbh_ioreq.o
 .debug_info    0x000000000001343a     0x1309 Middlewares/ST/STM32_USB_Host_Library/Core/Src/usbh_pipes.o
 .debug_info    0x0000000000014743     0x1ba5 Src/main.o
 .debug_info    0x00000000000162e8      0xfd8 Src/stm32f4xx_hal_msp.o
 .debug_info    0x00000000000172c0      0x694 Src/stm32f4xx_it.o
 .debug_info    0x0000000000017954      0xfd3 Src/syscalls.o
 .debug_info    0x0000000000018927      0x507 Src/system_stm32f4xx.o
 .debug_info    0x0000000000018e2e     0x12ab Src/usb_host.o
 .debug_info    0x000000000001a0d9     0x24ed Src/usbh_conf.o
 .debug_info    0x000000000001c5c6      0x251 Src/usbh_platform.o
 .debug_info    0x000000000001c817      0x19c ili9341/fonts.o
 .debug_info    0x000000000001c9b3     0x149d ili9341/ili9341.o
 .debug_info    0x000000000001de50       0x22 startup/startup_stm32f407xx.o

.debug_abbrev   0x0000000000000000     0x3d48
 .debug_abbrev  0x0000000000000000      0x1f1 Drivers/STM32F4xx_HAL_Driver/Src/stm32f4xx_hal.o
 .debug_abbrev  0x00000000000001f1      0x328 Drivers/STM32F4xx_HAL_Driver/Src/stm32f4xx_hal_cortex.o
 .debug_abbrev  0x0000000000000519      0x1e7 Drivers/STM32F4xx_HAL_Driver/Src/stm32f4xx_hal_gpio.o
 .debug_abbrev  0x0000000000000700      0x27f Drivers/STM32F4xx_HAL_Driver/Src/stm32f4xx_hal_hcd.o
 .debug_abbrev  0x000000000000097f      0x284 Drivers/STM32F4xx_HAL_Driver/Src/stm32f4xx_hal_i2c.o
 .debug_abbrev  0x0000000000000c03      0x23a Drivers/STM32F4xx_HAL_Driver/Src/stm32f4xx_hal_i2s.o
 .debug_abbrev  0x0000000000000e3d      0x281 Drivers/STM32F4xx_HAL_Driver/Src/stm32f4xx_hal_i2s_ex.o
 .debug_abbrev  0x00000000000010be      0x273 Drivers/STM32F4xx_HAL_Driver/Src/stm32f4xx_hal_rcc.o
 .debug_abbrev  0x0000000000001331      0x190 Drivers/STM32F4xx_HAL_Driver/Src/stm32f4xx_hal_rcc_ex.o
 .debug_abbrev  0x00000000000014c1      0x249 Drivers/STM32F4xx_HAL_Driver/Src/stm32f4xx_hal_spi.o
 .debug_abbrev  0x000000000000170a      0x2a8 Drivers/STM32F4xx_HAL_Driver/Src/stm32f4xx_ll_usb.o
 .debug_abbrev  0x00000000000019b2      0x346 Middlewares/ST/STM32_USB_Host_Library/Class/CDC/Src/usbh_cdc.o
 .debug_abbrev  0x0000000000001cf8      0x371 Middlewares/ST/STM32_USB_Host_Library/Core/Src/usbh_core.o
 .debug_abbrev  0x0000000000002069      0x35d Middlewares/ST/STM32_USB_Host_Library/Core/Src/usbh_ctlreq.o
 .debug_abbrev  0x00000000000023c6      0x281 Middlewares/ST/STM32_USB_Host_Library/Core/Src/usbh_ioreq.o
 .debug_abbrev  0x0000000000002647      0x2bb Middlewares/ST/STM32_USB_Host_Library/Core/Src/usbh_pipes.o
 .debug_abbrev  0x0000000000002902      0x260 Src/main.o
 .debug_abbrev  0x0000000000002b62      0x1da Src/stm32f4xx_hal_msp.o
 .debug_abbrev  0x0000000000002d3c      0x182 Src/stm32f4xx_it.o
 .debug_abbrev  0x0000000000002ebe      0x2d4 Src/syscalls.o
 .debug_abbrev  0x0000000000003192      0x111 Src/system_stm32f4xx.o
 .debug_abbrev  0x00000000000032a3      0x2b5 Src/usb_host.o
 .debug_abbrev  0x0000000000003558      0x38a Src/usbh_conf.o
 .debug_abbrev  0x00000000000038e2      0x12e Src/usbh_platform.o
 .debug_abbrev  0x0000000000003a10       0xa1 ili9341/fonts.o
 .debug_abbrev  0x0000000000003ab1      0x285 ili9341/ili9341.o
 .debug_abbrev  0x0000000000003d36       0x12 startup/startup_stm32f407xx.o

.debug_loc      0x0000000000000000     0xd64e
 .debug_loc     0x0000000000000000       0xfd Drivers/STM32F4xx_HAL_Driver/Src/stm32f4xx_hal.o
 .debug_loc     0x00000000000000fd      0x5ce Drivers/STM32F4xx_HAL_Driver/Src/stm32f4xx_hal_cortex.o
 .debug_loc     0x00000000000006cb      0x497 Drivers/STM32F4xx_HAL_Driver/Src/stm32f4xx_hal_gpio.o
 .debug_loc     0x0000000000000b62      0xba8 Drivers/STM32F4xx_HAL_Driver/Src/stm32f4xx_hal_hcd.o
 .debug_loc     0x000000000000170a     0x3673 Drivers/STM32F4xx_HAL_Driver/Src/stm32f4xx_hal_i2c.o
 .debug_loc     0x0000000000004d7d      0xc17 Drivers/STM32F4xx_HAL_Driver/Src/stm32f4xx_hal_i2s.o
 .debug_loc     0x0000000000005994      0xa81 Drivers/STM32F4xx_HAL_Driver/Src/stm32f4xx_hal_i2s_ex.o
 .debug_loc     0x0000000000006415      0x3f1 Drivers/STM32F4xx_HAL_Driver/Src/stm32f4xx_hal_rcc.o
 .debug_loc     0x0000000000006806      0x2c7 Drivers/STM32F4xx_HAL_Driver/Src/stm32f4xx_hal_rcc_ex.o
 .debug_loc     0x0000000000006acd     0x19fe Drivers/STM32F4xx_HAL_Driver/Src/stm32f4xx_hal_spi.o
 .debug_loc     0x00000000000084cb     0x1e4e Drivers/STM32F4xx_HAL_Driver/Src/stm32f4xx_ll_usb.o
 .debug_loc     0x000000000000a319      0x642 Middlewares/ST/STM32_USB_Host_Library/Class/CDC/Src/usbh_cdc.o
 .debug_loc     0x000000000000a95b      0x66c Middlewares/ST/STM32_USB_Host_Library/Core/Src/usbh_core.o
 .debug_loc     0x000000000000afc7      0xbf1 Middlewares/ST/STM32_USB_Host_Library/Core/Src/usbh_ctlreq.o
 .debug_loc     0x000000000000bbb8      0x50f Middlewares/ST/STM32_USB_Host_Library/Core/Src/usbh_ioreq.o
 .debug_loc     0x000000000000c0c7      0x1be Middlewares/ST/STM32_USB_Host_Library/Core/Src/usbh_pipes.o
 .debug_loc     0x000000000000c285       0x32 Src/main.o
 .debug_loc     0x000000000000c2b7      0x15c Src/stm32f4xx_hal_msp.o
 .debug_loc     0x000000000000c413      0x3af Src/syscalls.o
 .debug_loc     0x000000000000c7c2      0x13e Src/system_stm32f4xx.o
 .debug_loc     0x000000000000c900      0x7fe Src/usbh_conf.o
 .debug_loc     0x000000000000d0fe       0x55 Src/usbh_platform.o
 .debug_loc     0x000000000000d153      0x4fb ili9341/ili9341.o

.debug_aranges  0x0000000000000000     0x11c0
 .debug_aranges
                0x0000000000000000       0xf0 Drivers/STM32F4xx_HAL_Driver/Src/stm32f4xx_hal.o
 .debug_aranges
                0x00000000000000f0       0xa8 Drivers/STM32F4xx_HAL_Driver/Src/stm32f4xx_hal_cortex.o
 .debug_aranges
                0x0000000000000198       0x58 Drivers/STM32F4xx_HAL_Driver/Src/stm32f4xx_hal_gpio.o
 .debug_aranges
                0x00000000000001f0       0xf0 Drivers/STM32F4xx_HAL_Driver/Src/stm32f4xx_hal_hcd.o
 .debug_aranges
                0x00000000000002e0      0x290 Drivers/STM32F4xx_HAL_Driver/Src/stm32f4xx_hal_i2c.o
 .debug_aranges
                0x0000000000000570      0x108 Drivers/STM32F4xx_HAL_Driver/Src/stm32f4xx_hal_i2s.o
 .debug_aranges
                0x0000000000000678       0x88 Drivers/STM32F4xx_HAL_Driver/Src/stm32f4xx_hal_i2s_ex.o
 .debug_aranges
                0x0000000000000700       0x88 Drivers/STM32F4xx_HAL_Driver/Src/stm32f4xx_hal_rcc.o
 .debug_aranges
                0x0000000000000788       0x48 Drivers/STM32F4xx_HAL_Driver/Src/stm32f4xx_hal_rcc_ex.o
 .debug_aranges
                0x00000000000007d0      0x1d0 Drivers/STM32F4xx_HAL_Driver/Src/stm32f4xx_hal_spi.o
 .debug_aranges
                0x00000000000009a0      0x198 Drivers/STM32F4xx_HAL_Driver/Src/stm32f4xx_ll_usb.o
 .debug_aranges
                0x0000000000000b38       0xa8 Middlewares/ST/STM32_USB_Host_Library/Class/CDC/Src/usbh_cdc.o
 .debug_aranges
                0x0000000000000be0       0xc0 Middlewares/ST/STM32_USB_Host_Library/Core/Src/usbh_core.o
 .debug_aranges
                0x0000000000000ca0       0xa0 Middlewares/ST/STM32_USB_Host_Library/Core/Src/usbh_ctlreq.o
 .debug_aranges
                0x0000000000000d40       0x60 Middlewares/ST/STM32_USB_Host_Library/Core/Src/usbh_ioreq.o
 .debug_aranges
                0x0000000000000da0       0x40 Middlewares/ST/STM32_USB_Host_Library/Core/Src/usbh_pipes.o
 .debug_aranges
                0x0000000000000de0       0x60 Src/main.o
 .debug_aranges
                0x0000000000000e40       0x50 Src/stm32f4xx_hal_msp.o
 .debug_aranges
                0x0000000000000e90       0x68 Src/stm32f4xx_it.o
 .debug_aranges
                0x0000000000000ef8       0xb0 Src/syscalls.o
 .debug_aranges
                0x0000000000000fa8       0x28 Src/system_stm32f4xx.o
 .debug_aranges
                0x0000000000000fd0       0x30 Src/usb_host.o
 .debug_aranges
                0x0000000000001000       0xd8 Src/usbh_conf.o
 .debug_aranges
                0x00000000000010d8       0x20 Src/usbh_platform.o
 .debug_aranges
                0x00000000000010f8       0x18 ili9341/fonts.o
 .debug_aranges
                0x0000000000001110       0x88 ili9341/ili9341.o
 .debug_aranges
                0x0000000000001198       0x28 startup/startup_stm32f407xx.o

.debug_ranges   0x0000000000000000     0x10b8
 .debug_ranges  0x0000000000000000       0xe0 Drivers/STM32F4xx_HAL_Driver/Src/stm32f4xx_hal.o
 .debug_ranges  0x00000000000000e0       0xf8 Drivers/STM32F4xx_HAL_Driver/Src/stm32f4xx_hal_cortex.o
 .debug_ranges  0x00000000000001d8       0x48 Drivers/STM32F4xx_HAL_Driver/Src/stm32f4xx_hal_gpio.o
 .debug_ranges  0x0000000000000220       0xe0 Drivers/STM32F4xx_HAL_Driver/Src/stm32f4xx_hal_hcd.o
 .debug_ranges  0x0000000000000300      0x298 Drivers/STM32F4xx_HAL_Driver/Src/stm32f4xx_hal_i2c.o
 .debug_ranges  0x0000000000000598       0xf8 Drivers/STM32F4xx_HAL_Driver/Src/stm32f4xx_hal_i2s.o
 .debug_ranges  0x0000000000000690       0x90 Drivers/STM32F4xx_HAL_Driver/Src/stm32f4xx_hal_i2s_ex.o
 .debug_ranges  0x0000000000000720       0x90 Drivers/STM32F4xx_HAL_Driver/Src/stm32f4xx_hal_rcc.o
 .debug_ranges  0x00000000000007b0       0x38 Drivers/STM32F4xx_HAL_Driver/Src/stm32f4xx_hal_rcc_ex.o
 .debug_ranges  0x00000000000007e8      0x1c0 Drivers/STM32F4xx_HAL_Driver/Src/stm32f4xx_hal_spi.o
 .debug_ranges  0x00000000000009a8      0x188 Drivers/STM32F4xx_HAL_Driver/Src/stm32f4xx_ll_usb.o
 .debug_ranges  0x0000000000000b30       0x98 Middlewares/ST/STM32_USB_Host_Library/Class/CDC/Src/usbh_cdc.o
 .debug_ranges  0x0000000000000bc8       0xb0 Middlewares/ST/STM32_USB_Host_Library/Core/Src/usbh_core.o
 .debug_ranges  0x0000000000000c78       0x90 Middlewares/ST/STM32_USB_Host_Library/Core/Src/usbh_ctlreq.o
 .debug_ranges  0x0000000000000d08       0x50 Middlewares/ST/STM32_USB_Host_Library/Core/Src/usbh_ioreq.o
 .debug_ranges  0x0000000000000d58       0x30 Middlewares/ST/STM32_USB_Host_Library/Core/Src/usbh_pipes.o
 .debug_ranges  0x0000000000000d88       0x50 Src/main.o
 .debug_ranges  0x0000000000000dd8       0x40 Src/stm32f4xx_hal_msp.o
 .debug_ranges  0x0000000000000e18       0x58 Src/stm32f4xx_it.o
 .debug_ranges  0x0000000000000e70       0xa0 Src/syscalls.o
 .debug_ranges  0x0000000000000f10       0x18 Src/system_stm32f4xx.o
 .debug_ranges  0x0000000000000f28       0x20 Src/usb_host.o
 .debug_ranges  0x0000000000000f48       0xc8 Src/usbh_conf.o
 .debug_ranges  0x0000000000001010       0x10 Src/usbh_platform.o
 .debug_ranges  0x0000000000001020       0x78 ili9341/ili9341.o
 .debug_ranges  0x0000000000001098       0x20 startup/startup_stm32f407xx.o

.debug_macro    0x0000000000000000    0x24aee
 .debug_macro   0x0000000000000000      0x266 Drivers/STM32F4xx_HAL_Driver/Src/stm32f4xx_hal.o
 .debug_macro   0x0000000000000266      0xa60 Drivers/STM32F4xx_HAL_Driver/Src/stm32f4xx_hal.o
 .debug_macro   0x0000000000000cc6      0x198 Drivers/STM32F4xx_HAL_Driver/Src/stm32f4xx_hal.o
 .debug_macro   0x0000000000000e5e       0x32 Drivers/STM32F4xx_HAL_Driver/Src/stm32f4xx_hal.o
 .debug_macro   0x0000000000000e90       0x2f Drivers/STM32F4xx_HAL_Driver/Src/stm32f4xx_hal.o
 .debug_macro   0x0000000000000ebf       0x22 Drivers/STM32F4xx_HAL_Driver/Src/stm32f4xx_hal.o
 .debug_macro   0x0000000000000ee1       0x8e Drivers/STM32F4xx_HAL_Driver/Src/stm32f4xx_hal.o
 .debug_macro   0x0000000000000f6f       0x51 Drivers/STM32F4xx_HAL_Driver/Src/stm32f4xx_hal.o
 .debug_macro   0x0000000000000fc0       0xef Drivers/STM32F4xx_HAL_Driver/Src/stm32f4xx_hal.o
 .debug_macro   0x00000000000010af       0x6a Drivers/STM32F4xx_HAL_Driver/Src/stm32f4xx_hal.o
 .debug_macro   0x0000000000001119      0x1df Drivers/STM32F4xx_HAL_Driver/Src/stm32f4xx_hal.o
 .debug_macro   0x00000000000012f8       0x1c Drivers/STM32F4xx_HAL_Driver/Src/stm32f4xx_hal.o
 .debug_macro   0x0000000000001314       0x22 Drivers/STM32F4xx_HAL_Driver/Src/stm32f4xx_hal.o
 .debug_macro   0x0000000000001336       0xdf Drivers/STM32F4xx_HAL_Driver/Src/stm32f4xx_hal.o
 .debug_macro   0x0000000000001415     0x102d Drivers/STM32F4xx_HAL_Driver/Src/stm32f4xx_hal.o
 .debug_macro   0x0000000000002442      0x11f Drivers/STM32F4xx_HAL_Driver/Src/stm32f4xx_hal.o
 .debug_macro   0x0000000000002561    0x15e43 Drivers/STM32F4xx_HAL_Driver/Src/stm32f4xx_hal.o
 .debug_macro   0x00000000000183a4       0x43 Drivers/STM32F4xx_HAL_Driver/Src/stm32f4xx_hal.o
 .debug_macro   0x00000000000183e7     0x35d4 Drivers/STM32F4xx_HAL_Driver/Src/stm32f4xx_hal.o
 .debug_macro   0x000000000001b9bb      0x174 Drivers/STM32F4xx_HAL_Driver/Src/stm32f4xx_hal.o
 .debug_macro   0x000000000001bb2f       0x4e Drivers/STM32F4xx_HAL_Driver/Src/stm32f4xx_hal.o
 .debug_macro   0x000000000001bb7d      0x96b Drivers/STM32F4xx_HAL_Driver/Src/stm32f4xx_hal.o
 .debug_macro   0x000000000001c4e8      0x9fe Drivers/STM32F4xx_HAL_Driver/Src/stm32f4xx_hal.o
 .debug_macro   0x000000000001cee6       0xed Drivers/STM32F4xx_HAL_Driver/Src/stm32f4xx_hal.o
 .debug_macro   0x000000000001cfd3      0x117 Drivers/STM32F4xx_HAL_Driver/Src/stm32f4xx_hal.o
 .debug_macro   0x000000000001d0ea      0x13e Drivers/STM32F4xx_HAL_Driver/Src/stm32f4xx_hal.o
 .debug_macro   0x000000000001d228       0x27 Drivers/STM32F4xx_HAL_Driver/Src/stm32f4xx_hal.o
 .debug_macro   0x000000000001d24f      0x287 Drivers/STM32F4xx_HAL_Driver/Src/stm32f4xx_hal.o
 .debug_macro   0x000000000001d4d6       0x5f Drivers/STM32F4xx_HAL_Driver/Src/stm32f4xx_hal.o
 .debug_macro   0x000000000001d535      0x236 Drivers/STM32F4xx_HAL_Driver/Src/stm32f4xx_hal.o
 .debug_macro   0x000000000001d76b      0x12c Drivers/STM32F4xx_HAL_Driver/Src/stm32f4xx_hal.o
 .debug_macro   0x000000000001d897      0x21e Drivers/STM32F4xx_HAL_Driver/Src/stm32f4xx_hal.o
 .debug_macro   0x000000000001dab5       0x2e Drivers/STM32F4xx_HAL_Driver/Src/stm32f4xx_hal.o
 .debug_macro   0x000000000001dae3      0x1ae Drivers/STM32F4xx_HAL_Driver/Src/stm32f4xx_hal.o
 .debug_macro   0x000000000001dc91       0xd6 Drivers/STM32F4xx_HAL_Driver/Src/stm32f4xx_hal.o
 .debug_macro   0x000000000001dd67      0x199 Drivers/STM32F4xx_HAL_Driver/Src/stm32f4xx_hal.o
 .debug_macro   0x000000000001df00       0x40 Drivers/STM32F4xx_HAL_Driver/Src/stm32f4xx_hal.o
 .debug_macro   0x000000000001df40       0x4a Drivers/STM32F4xx_HAL_Driver/Src/stm32f4xx_hal.o
 .debug_macro   0x000000000001df8a      0x11a Drivers/STM32F4xx_HAL_Driver/Src/stm32f4xx_hal.o
 .debug_macro   0x000000000001e0a4       0x7e Drivers/STM32F4xx_HAL_Driver/Src/stm32f4xx_hal.o
 .debug_macro   0x000000000001e122       0x89 Drivers/STM32F4xx_HAL_Driver/Src/stm32f4xx_hal.o
 .debug_macro   0x000000000001e1ab      0x225 Drivers/STM32F4xx_HAL_Driver/Src/stm32f4xx_hal.o
 .debug_macro   0x000000000001e3d0      0x225 Drivers/STM32F4xx_HAL_Driver/Src/stm32f4xx_hal.o
 .debug_macro   0x000000000001e5f5       0x68 Drivers/STM32F4xx_HAL_Driver/Src/stm32f4xx_hal.o
 .debug_macro   0x000000000001e65d      0x12d Drivers/STM32F4xx_HAL_Driver/Src/stm32f4xx_hal.o
 .debug_macro   0x000000000001e78a      0x206 Drivers/STM32F4xx_HAL_Driver/Src/stm32f4xx_hal_cortex.o
 .debug_macro   0x000000000001e990      0x23c Drivers/STM32F4xx_HAL_Driver/Src/stm32f4xx_hal_gpio.o
 .debug_macro   0x000000000001ebcc      0x206 Drivers/STM32F4xx_HAL_Driver/Src/stm32f4xx_hal_hcd.o
 .debug_macro   0x000000000001edd2      0x246 Drivers/STM32F4xx_HAL_Driver/Src/stm32f4xx_hal_i2c.o
 .debug_macro   0x000000000001f018      0x207 Drivers/STM32F4xx_HAL_Driver/Src/stm32f4xx_hal_i2s.o
 .debug_macro   0x000000000001f21f      0x206 Drivers/STM32F4xx_HAL_Driver/Src/stm32f4xx_hal_i2s_ex.o
 .debug_macro   0x000000000001f425      0x22a Drivers/STM32F4xx_HAL_Driver/Src/stm32f4xx_hal_rcc.o
 .debug_macro   0x000000000001f64f      0x206 Drivers/STM32F4xx_HAL_Driver/Src/stm32f4xx_hal_rcc_ex.o
 .debug_macro   0x000000000001f855      0x215 Drivers/STM32F4xx_HAL_Driver/Src/stm32f4xx_hal_spi.o
 .debug_macro   0x000000000001fa6a      0x206 Drivers/STM32F4xx_HAL_Driver/Src/stm32f4xx_ll_usb.o
 .debug_macro   0x000000000001fc70      0x426 Middlewares/ST/STM32_USB_Host_Library/Class/CDC/Src/usbh_cdc.o
 .debug_macro   0x0000000000020096       0x58 Middlewares/ST/STM32_USB_Host_Library/Class/CDC/Src/usbh_cdc.o
 .debug_macro   0x00000000000200ee       0x18 Middlewares/ST/STM32_USB_Host_Library/Class/CDC/Src/usbh_cdc.o
 .debug_macro   0x0000000000020106       0x94 Middlewares/ST/STM32_USB_Host_Library/Class/CDC/Src/usbh_cdc.o
 .debug_macro   0x000000000002019a       0x35 Middlewares/ST/STM32_USB_Host_Library/Class/CDC/Src/usbh_cdc.o
 .debug_macro   0x00000000000201cf       0x34 Middlewares/ST/STM32_USB_Host_Library/Class/CDC/Src/usbh_cdc.o
 .debug_macro   0x0000000000020203       0x16 Middlewares/ST/STM32_USB_Host_Library/Class/CDC/Src/usbh_cdc.o
 .debug_macro   0x0000000000020219       0x57 Middlewares/ST/STM32_USB_Host_Library/Class/CDC/Src/usbh_cdc.o
 .debug_macro   0x0000000000020270       0x97 Middlewares/ST/STM32_USB_Host_Library/Class/CDC/Src/usbh_cdc.o
 .debug_macro   0x0000000000020307      0x330 Middlewares/ST/STM32_USB_Host_Library/Class/CDC/Src/usbh_cdc.o
 .debug_macro   0x0000000000020637       0xfd Middlewares/ST/STM32_USB_Host_Library/Class/CDC/Src/usbh_cdc.o
 .debug_macro   0x0000000000020734       0x10 Middlewares/ST/STM32_USB_Host_Library/Class/CDC/Src/usbh_cdc.o
 .debug_macro   0x0000000000020744       0x58 Middlewares/ST/STM32_USB_Host_Library/Class/CDC/Src/usbh_cdc.o
 .debug_macro   0x000000000002079c       0x1f Middlewares/ST/STM32_USB_Host_Library/Class/CDC/Src/usbh_cdc.o
 .debug_macro   0x00000000000207bb       0x43 Middlewares/ST/STM32_USB_Host_Library/Class/CDC/Src/usbh_cdc.o
 .debug_macro   0x00000000000207fe       0x20 Middlewares/ST/STM32_USB_Host_Library/Class/CDC/Src/usbh_cdc.o
 .debug_macro   0x000000000002081e      0x18e Middlewares/ST/STM32_USB_Host_Library/Class/CDC/Src/usbh_cdc.o
 .debug_macro   0x00000000000209ac       0x10 Middlewares/ST/STM32_USB_Host_Library/Class/CDC/Src/usbh_cdc.o
 .debug_macro   0x00000000000209bc       0x1c Middlewares/ST/STM32_USB_Host_Library/Class/CDC/Src/usbh_cdc.o
 .debug_macro   0x00000000000209d8       0x52 Middlewares/ST/STM32_USB_Host_Library/Class/CDC/Src/usbh_cdc.o
 .debug_macro   0x0000000000020a2a       0x40 Middlewares/ST/STM32_USB_Host_Library/Class/CDC/Src/usbh_cdc.o
 .debug_macro   0x0000000000020a6a       0x10 Middlewares/ST/STM32_USB_Host_Library/Class/CDC/Src/usbh_cdc.o
 .debug_macro   0x0000000000020a7a       0x40 Middlewares/ST/STM32_USB_Host_Library/Class/CDC/Src/usbh_cdc.o
 .debug_macro   0x0000000000020aba       0xd7 Middlewares/ST/STM32_USB_Host_Library/Class/CDC/Src/usbh_cdc.o
 .debug_macro   0x0000000000020b91       0x1c Middlewares/ST/STM32_USB_Host_Library/Class/CDC/Src/usbh_cdc.o
 .debug_macro   0x0000000000020bad       0x3d Middlewares/ST/STM32_USB_Host_Library/Class/CDC/Src/usbh_cdc.o
 .debug_macro   0x0000000000020bea       0x16 Middlewares/ST/STM32_USB_Host_Library/Class/CDC/Src/usbh_cdc.o
 .debug_macro   0x0000000000020c00      0x16f Middlewares/ST/STM32_USB_Host_Library/Class/CDC/Src/usbh_cdc.o
 .debug_macro   0x0000000000020d6f       0x16 Middlewares/ST/STM32_USB_Host_Library/Class/CDC/Src/usbh_cdc.o
 .debug_macro   0x0000000000020d85       0x35 Middlewares/ST/STM32_USB_Host_Library/Class/CDC/Src/usbh_cdc.o
 .debug_macro   0x0000000000020dba       0x16 Middlewares/ST/STM32_USB_Host_Library/Class/CDC/Src/usbh_cdc.o
 .debug_macro   0x0000000000020dd0       0x29 Middlewares/ST/STM32_USB_Host_Library/Class/CDC/Src/usbh_cdc.o
 .debug_macro   0x0000000000020df9       0x16 Middlewares/ST/STM32_USB_Host_Library/Class/CDC/Src/usbh_cdc.o
 .debug_macro   0x0000000000020e0f       0xd9 Middlewares/ST/STM32_USB_Host_Library/Class/CDC/Src/usbh_cdc.o
 .debug_macro   0x0000000000020ee8      0x1b9 Middlewares/ST/STM32_USB_Host_Library/Class/CDC/Src/usbh_cdc.o
 .debug_macro   0x00000000000210a1       0x73 Middlewares/ST/STM32_USB_Host_Library/Class/CDC/Src/usbh_cdc.o
 .debug_macro   0x0000000000021114      0x210 Middlewares/ST/STM32_USB_Host_Library/Class/CDC/Src/usbh_cdc.o
 .debug_macro   0x0000000000021324       0x2e Middlewares/ST/STM32_USB_Host_Library/Class/CDC/Src/usbh_cdc.o
 .debug_macro   0x0000000000021352       0x2e Middlewares/ST/STM32_USB_Host_Library/Class/CDC/Src/usbh_cdc.o
 .debug_macro   0x0000000000021380       0x28 Middlewares/ST/STM32_USB_Host_Library/Class/CDC/Src/usbh_cdc.o
 .debug_macro   0x00000000000213a8      0x15c Middlewares/ST/STM32_USB_Host_Library/Class/CDC/Src/usbh_cdc.o
 .debug_macro   0x0000000000021504      0x423 Middlewares/ST/STM32_USB_Host_Library/Core/Src/usbh_core.o
 .debug_macro   0x0000000000021927      0x41b Middlewares/ST/STM32_USB_Host_Library/Core/Src/usbh_ctlreq.o
 .debug_macro   0x0000000000021d42       0x28 Middlewares/ST/STM32_USB_Host_Library/Core/Src/usbh_ctlreq.o
 .debug_macro   0x0000000000021d6a      0x415 Middlewares/ST/STM32_USB_Host_Library/Core/Src/usbh_ioreq.o
 .debug_macro   0x000000000002217f      0x415 Middlewares/ST/STM32_USB_Host_Library/Core/Src/usbh_pipes.o
 .debug_macro   0x0000000000022594      0x249 Src/main.o
 .debug_macro   0x00000000000227dd       0x22 Src/main.o
 .debug_macro   0x00000000000227ff       0xa0 Src/main.o
 .debug_macro   0x000000000002289f      0x215 Src/stm32f4xx_hal_msp.o
 .debug_macro   0x0000000000022ab4      0x21f Src/stm32f4xx_it.o
 .debug_macro   0x0000000000022cd3      0x243 Src/syscalls.o
 .debug_macro   0x0000000000022f16       0x10 Src/syscalls.o
 .debug_macro   0x0000000000022f26       0x10 Src/syscalls.o
 .debug_macro   0x0000000000022f36       0x10 Src/syscalls.o
 .debug_macro   0x0000000000022f46       0x35 Src/syscalls.o
 .debug_macro   0x0000000000022f7b      0x122 Src/syscalls.o
 .debug_macro   0x000000000002309d       0x10 Src/syscalls.o
 .debug_macro   0x00000000000230ad      0x241 Src/syscalls.o
 .debug_macro   0x00000000000232ee       0x1c Src/syscalls.o
 .debug_macro   0x000000000002330a       0x10 Src/syscalls.o
 .debug_macro   0x000000000002331a      0x189 Src/syscalls.o
 .debug_macro   0x00000000000234a3       0x16 Src/syscalls.o
 .debug_macro   0x00000000000234b9       0x88 Src/syscalls.o
 .debug_macro   0x0000000000023541      0x20c Src/system_stm32f4xx.o
 .debug_macro   0x000000000002374d      0x424 Src/usb_host.o
 .debug_macro   0x0000000000023b71       0x5e Src/usb_host.o
 .debug_macro   0x0000000000023bcf      0x32a Src/usb_host.o
 .debug_macro   0x0000000000023ef9      0x1bf Src/usb_host.o
 .debug_macro   0x00000000000240b8      0x162 Src/usb_host.o
 .debug_macro   0x000000000002421a      0x425 Src/usbh_conf.o
 .debug_macro   0x000000000002463f      0x21a Src/usbh_platform.o
 .debug_macro   0x0000000000024859       0x6d ili9341/fonts.o
 .debug_macro   0x00000000000248c6      0x228 ili9341/ili9341.o

.debug_line     0x0000000000000000    0x122d9
 .debug_line    0x0000000000000000      0x9a7 Drivers/STM32F4xx_HAL_Driver/Src/stm32f4xx_hal.o
 .debug_line    0x00000000000009a7      0x9fd Drivers/STM32F4xx_HAL_Driver/Src/stm32f4xx_hal_cortex.o
 .debug_line    0x00000000000013a4      0x933 Drivers/STM32F4xx_HAL_Driver/Src/stm32f4xx_hal_gpio.o
 .debug_line    0x0000000000001cd7      0xbd2 Drivers/STM32F4xx_HAL_Driver/Src/stm32f4xx_hal_hcd.o
 .debug_line    0x00000000000028a9     0x1cd9 Drivers/STM32F4xx_HAL_Driver/Src/stm32f4xx_hal_i2c.o
 .debug_line    0x0000000000004582      0xd58 Drivers/STM32F4xx_HAL_Driver/Src/stm32f4xx_hal_i2s.o
 .debug_line    0x00000000000052da      0xd83 Drivers/STM32F4xx_HAL_Driver/Src/stm32f4xx_hal_i2s_ex.o
 .debug_line    0x000000000000605d      0xa1f Drivers/STM32F4xx_HAL_Driver/Src/stm32f4xx_hal_rcc.o
 .debug_line    0x0000000000006a7c      0x8c3 Drivers/STM32F4xx_HAL_Driver/Src/stm32f4xx_hal_rcc_ex.o
 .debug_line    0x000000000000733f     0x11ec Drivers/STM32F4xx_HAL_Driver/Src/stm32f4xx_hal_spi.o
 .debug_line    0x000000000000852b      0xe78 Drivers/STM32F4xx_HAL_Driver/Src/stm32f4xx_ll_usb.o
 .debug_line    0x00000000000093a3      0xca8 Middlewares/ST/STM32_USB_Host_Library/Class/CDC/Src/usbh_cdc.o
 .debug_line    0x000000000000a04b      0xcda Middlewares/ST/STM32_USB_Host_Library/Core/Src/usbh_core.o